

================================================================
== Synthesis Summary Report of 'mixer'
================================================================
+ General Information: 
    * Date:           Wed Apr 22 16:16:12 2026
    * Version:        2025.2 (Build 6295257 on Nov 14 2025)
    * Project:        FPGA_Mix_Hardware
    * Solution:       hls (Vivado IP Flow Target)
    * Product family: zynquplus
    * Target device:  xczu3eg-sfvc784-2-e
    

* Performance & Resource Estimates: 
+-----------------------------------+------+---------------+----------+---------+------+----------+---------+-----+------+---------+--------+-----------+-----------+-----+
|              Modules              | Issue|               | Iteration|         | Trip |          |    Latency    |      |         |        |           |           |     |
|              & Loops              | Type | Violation Type|  Latency | Interval| Count| Pipelined| (cycles)| (ns)| Slack|  BRAM   |   DSP  |     FF    |    LUT    | URAM|
+-----------------------------------+------+---------------+----------+---------+------+----------+---------+-----+------+---------+--------+-----------+-----------+-----+
|+ mixer                            |     -|              -|         -|        -|     -|        no|        -|    -|  0.04|  1 (~0%)|  5 (1%)|  467 (~0%)|  1016 (1%)|    -|
| + mixer_Pipeline_VITIS_LOOP_27_1  |     -|              -|         -|        -|     -|       yes|        -|    -|  0.54|  1 (~0%)|  5 (1%)|  338 (~0%)|   823 (1%)|    -|
|  o VITIS_LOOP_27_1                |     -|              -|         6|        1|     -|       yes|        -|    -|  7.30|        -|       -|          -|          -|    -|
+-----------------------------------+------+---------------+----------+---------+------+----------+---------+-----+------+---------+--------+-----------+-----------+-----+
    Name Prefix: '+' for module, 'o' for loop, '*' for dataflow


================================================================
== HW Interfaces
================================================================
* S_AXILITE Interfaces
+---------------+------------+---------------+
| Interface     | Data Width | Address Width |
+---------------+------------+---------------+
| s_axi_control | 32         | 4             |
+---------------+------------+---------------+

* S_AXILITE Registers
+---------------+----------+--------+-------+--------+----------------------------------+----------------------------------------------------------------------+
| Interface     | Register | Offset | Width | Access | Description                      | Bit Fields                                                           |
+---------------+----------+--------+-------+--------+----------------------------------+----------------------------------------------------------------------+
| s_axi_control | CTRL     | 0x00   | 32    | RW     | Control signals                  | 0=AP_START 1=AP_DONE 2=AP_IDLE 3=AP_READY 7=AUTO_RESTART 9=INTERRUPT |
| s_axi_control | GIER     | 0x04   | 32    | RW     | Global Interrupt Enable Register | 0=Enable                                                             |
| s_axi_control | IP_IER   | 0x08   | 32    | RW     | IP Interrupt Enable Register     | 0=CHAN0_INT_EN 1=CHAN1_INT_EN                                        |
| s_axi_control | IP_ISR   | 0x0c   | 32    | RW     | IP Interrupt Status Register     | 0=CHAN0_INT_ST 1=CHAN1_INT_ST                                        |
+---------------+----------+--------+-------+--------+----------------------------------+----------------------------------------------------------------------+

* AXIS
+-----------+-----------+---------------+-------+-------+-------+--------+-------+--------+
| Interface | Direction | Register Mode | TDATA | TKEEP | TLAST | TREADY | TSTRB | TVALID |
+-----------+-----------+---------------+-------+-------+-------+--------+-------+--------+
| mix_out   | out       | both          | 32    | 4     | 1     | 1      | 4     | 1      |
| stream_in | in        | both          | 128   | 16    | 1     | 1      | 16    | 1      |
+-----------+-----------+---------------+-------+-------+-------+--------+-------+--------+

* Other Ports
+----------+---------+-----------+----------+
| Port     | Mode    | Direction | Bitwidth |
+----------+---------+-----------+----------+
| switches | ap_none | in        | 8        |
+----------+---------+-----------+----------+

* TOP LEVEL CONTROL
+-----------+------------+-----------+
| Interface | Type       | Ports     |
+-----------+------------+-----------+
| ap_clk    | clock      | ap_clk    |
| ap_rst_n  | reset      | ap_rst_n  |
| interrupt | interrupt  | interrupt |
| ap_ctrl   | ap_ctrl_hs |           |
+-----------+------------+-----------+


================================================================
== SW I/O Information
================================================================
* Top Function Arguments
+-----------+-----------+------------------------------------------------------------------------------+
| Argument  | Direction | Datatype                                                                     |
+-----------+-----------+------------------------------------------------------------------------------+
| stream_in | in        | stream<hls::axis<ap_int<128>, 0UL, 0UL, 0UL, (unsigned char)'8', false>, 0>& |
| switches  | in        | ap_uint<8>                                                                   |
| mix_out   | out       | stream<hls::axis<ap_int<32>, 0UL, 0UL, 0UL, (unsigned char)'8', false>, 0>&  |
+-----------+-----------+------------------------------------------------------------------------------+

* SW-to-HW Mapping
+-----------+--------------+-----------+
| Argument  | HW Interface | HW Type   |
+-----------+--------------+-----------+
| stream_in | stream_in    | interface |
| switches  | switches     | port      |
| mix_out   | mix_out      | interface |
+-----------+--------------+-----------+


================================================================
== M_AXI Burst Information
================================================================
 Note: All burst requests might be further partitioned into multiple requests during RTL generation based on max_read_burst_length or max_write_burst_length settings.


================================================================
== Bind Op Report
================================================================
+-----------------------------------+-----+--------+----------------+-----------+--------------------------+---------+
| Name                              | DSP | Pragma | Variable       | Op        | Impl                     | Latency |
+-----------------------------------+-----+--------+----------------+-----------+--------------------------+---------+
| + mixer                           | 5   |        |                |           |                          |         |
|   select_ln43_fu_192_p3           |     |        | select_ln43    | select    | auto_sel                 | 0       |
|   select_ln43_1_fu_200_p3         |     |        | select_ln43_1  | select    | auto_sel                 | 0       |
|   add_ln44_fu_208_p2              |     |        | add_ln44       | add       | fabric                   | 0       |
|   select_ln44_fu_214_p3           |     |        | select_ln44    | select    | auto_sel                 | 0       |
|   add_ln45_fu_226_p2              |     |        | add_ln45       | add       | fabric                   | 0       |
|   select_ln45_fu_232_p3           |     |        | select_ln45    | select    | auto_sel                 | 0       |
|   add_ln46_fu_240_p2              |     |        | add_ln46       | add       | fabric                   | 0       |
|   select_ln46_fu_246_p3           |     |        | select_ln46    | select    | auto_sel                 | 0       |
|   add_ln47_fu_254_p2              |     |        | add_ln47       | add       | fabric                   | 0       |
|   select_ln47_fu_260_p3           |     |        | select_ln47    | select    | auto_sel                 | 0       |
|   add_ln48_fu_268_p2              |     |        | add_ln48       | add       | fabric                   | 0       |
|   select_ln48_fu_274_p3           |     |        | select_ln48    | select    | auto_sel                 | 0       |
|   add_ln49_fu_290_p2              |     |        | add_ln49       | add       | fabric                   | 0       |
|  + mixer_Pipeline_VITIS_LOOP_27_1 | 5   |        |                |           |                          |         |
|    mix_int_1_fu_417_p3            |     |        | mix_int_1      | select    | auto_sel                 | 0       |
|    mix_int_2_fu_433_p2            |     |        | mix_int_2      | add       | fabric                   | 0       |
|    mix_int_3_fu_439_p3            |     |        | mix_int_3      | select    | auto_sel                 | 0       |
|    mix_int_4_fu_455_p2            |     |        | mix_int_4      | add       | fabric                   | 0       |
|    mix_int_5_fu_461_p3            |     |        | mix_int_5      | select    | auto_sel                 | 0       |
|    mix_int_6_fu_473_p2            |     |        | mix_int_6      | add       | fabric                   | 0       |
|    mix_int_7_fu_479_p3            |     |        | mix_int_7      | select    | auto_sel                 | 0       |
|    mix_int_9_fu_495_p2            |     |        | mix_int_9      | add       | fabric                   | 0       |
|    mix_int_10_fu_501_p3           |     |        | mix_int_10     | select    | auto_sel                 | 0       |
|    mix_int_11_fu_513_p2           |     |        | mix_int_11     | add       | fabric                   | 0       |
|    mix_int_12_fu_519_p3           |     |        | mix_int_12     | select    | auto_sel                 | 0       |
|    mix_int_13_fu_530_p2           |     |        | mix_int_13     | add       | fabric                   | 0       |
|    mix_int_14_fu_535_p3           |     |        | mix_int_14     | select    | auto_sel                 | 0       |
|    mix_int_15_fu_544_p2           |     |        | mix_int_15     | add       | fabric                   | 0       |
|    active_fu_550_p3               |     |        | active         | select    | auto_sel                 | 0       |
|    mix_int_16_fu_555_p3           |     |        | mix_int_16     | select    | auto_sel                 | 0       |
|    icmp_ln52_fu_562_p2            |     |        | icmp_ln52      | seteq     | auto                     | 0       |
|    sparsemux_17_4_9_1_1_U3        |     |        | zext_ln54_cast | sparsemux | compactencoding_dontcare | 0       |
|    mul_19s_9ns_28_1_1_U4          | 1   |        | mul_ln54       | mul       | auto                     | 0       |
|    sub_ln60_fu_651_p2             |     |        | sub_ln60       | sub       | fabric                   | 0       |
|    select_ln60_fu_677_p3          |     |        | select_ln60    | select    | auto_sel                 | 0       |
|    icmp_ln62_fu_699_p2            |     |        | icmp_ln62      | setne     | auto                     | 0       |
|    idx_fu_705_p3                  |     |        | idx            | select    | auto_sel                 | 0       |
|    diff_fu_732_p2                 |     |        | diff           | sub       | fabric                   | 0       |
|    mul_ln68_fu_332_p00            |     |        | select_ln68    | select    | auto_sel                 | 0       |
|    mul_8s_32s_32_1_1_U1           | 2   |        | mul_ln68       | mul       | auto                     | 0       |
|    add_ln68_fu_770_p2             |     |        | add_ln68       | add       | fabric                   | 0       |
|    mul_20s_24s_32_1_1_U2          | 2   |        | mul_ln71       | mul       | auto                     | 0       |
|    icmp_ln74_fu_820_p2            |     |        | icmp_ln74      | setgt     | auto                     | 0       |
|    mix_int_19_fu_826_p3           |     |        | mix_int_19     | select    | auto_sel                 | 0       |
|    icmp_ln75_fu_834_p2            |     |        | icmp_ln75      | setlt     | auto                     | 0       |
|    select_ln79_fu_844_p3          |     |        | select_ln79    | select    | auto_sel                 | 0       |
+-----------------------------------+-----+--------+----------------+-----------+--------------------------+---------+


================================================================
== Storage Report
================================================================
+-----------------------------------+-----------+-----------+------+------+--------+---------------+------+---------+------------------+
| Name                              | Usage     | Type      | BRAM | URAM | Pragma | Variable      | Impl | Latency | Bitwidth, Depth, |
|                                   |           |           |      |      |        |               |      |         | Banks            |
+-----------------------------------+-----------+-----------+------+------+--------+---------------+------+---------+------------------+
| + mixer                           |           |           | 1    | 0    |        |               |      |         |                  |
|   control_s_axi_U                 | interface | s_axilite |      |      |        |               |      |         |                  |
|  + mixer_Pipeline_VITIS_LOOP_27_1 |           |           | 1    | 0    |        |               |      |         |                  |
|    comp_gain_lut_U                | rom_1p    |           | 1    |      |        | comp_gain_lut | auto | 1       | 9, 512, 1        |
+-----------------------------------+-----------+-----------+------+------+--------+---------------+------+---------+------------------+


================================================================
== Pragma Report
================================================================
* Inferred Pragmas
+----------+---------+----------------------------------------------------------------------+-------------------------------+
| Type     | Options | Location                                                             | Inferred From                 |
+----------+---------+----------------------------------------------------------------------+-------------------------------+
| PIPELINE |         | loop VITIS_LOOP_27_1 (hw_mixer.cpp:27:22) in mixer (hw_mixer.cpp:27) | syn.compile.pipeline_loops=64 |
+----------+---------+----------------------------------------------------------------------+-------------------------------+

* Valid Pragma Syntax
+-----------------+----------------------------------+----------------------------+
| Type            | Options                          | Location                   |
+-----------------+----------------------------------+----------------------------+
| INTERFACE       | axis port=stream_in              | in mixer (hw_mixer.cpp:14) |
| INTERFACE       | ap_none port=switches            | in mixer (hw_mixer.cpp:15) |
| INTERFACE       | axis port=mix_out                | in mixer (hw_mixer.cpp:16) |
| INTERFACE       | s_axilite port=return            | in mixer (hw_mixer.cpp:17) |
| ARRAY_PARTITION | variable=recip_sqrt_lut complete | in mixer (hw_mixer.cpp:18) |
+-----------------+----------------------------------+----------------------------+


