

================================================================
== Vitis HLS Report for 'mixer_Pipeline_VITIS_LOOP_30_1'
================================================================
* Date:           Fri Mar 27 16:53:04 2026

* Version:        2025.2 (Build 6295257 on Nov 14 2025)
* Project:        FPGA_Mix_Hardware
* Solution:       hls (Vivado IP Flow Target)
* Product family: zynquplus
* Target device:  xczu3eg-sfvc784-2-e


================================================================
== Performance Estimates
================================================================
+ Timing: 
    * Summary: 
    +--------+----------+----------+------------+
    |  Clock |  Target  | Estimated| Uncertainty|
    +--------+----------+----------+------------+
    |ap_clk  |  10.00 ns|  6.388 ns|     2.70 ns|
    +--------+----------+----------+------------+

+ Latency: 
    * Summary: 
    +---------+---------+----------+----------+-----+-----+-------------------+
    |  Latency (cycles) |  Latency (absolute) |  Interval |      Pipeline     |
    |   min   |   max   |    min   |    max   | min | max |        Type       |
    +---------+---------+----------+----------+-----+-----+-------------------+
    |        ?|        ?|         ?|         ?|    0|    0|  loop pipeline stp|
    +---------+---------+----------+----------+-----+-----+-------------------+

    + Detail: 
        * Instance: 
        N/A

        * Loop: 
        +-------------------+---------+---------+----------+-----------+-----------+------+----------+
        |                   |  Latency (cycles) | Iteration|  Initiation Interval  | Trip |          |
        |     Loop Name     |   min   |   max   |  Latency |  achieved |   target  | Count| Pipelined|
        +-------------------+---------+---------+----------+-----------+-----------+------+----------+
        |- VITIS_LOOP_30_1  |        ?|        ?|         3|          1|          1|     ?|       yes|
        +-------------------+---------+---------+----------+-----------+-----------+------+----------+



================================================================
== Utilization Estimates
================================================================
* Summary: 
+-----------------+---------+-----+--------+-------+-----+
|       Name      | BRAM_18K| DSP |   FF   |  LUT  | URAM|
+-----------------+---------+-----+--------+-------+-----+
|DSP              |        -|    -|       -|      -|    -|
|Expression       |        -|    -|       0|    565|    -|
|FIFO             |        -|    -|       -|      -|    -|
|Instance         |        -|    2|       0|     63|    -|
|Memory           |        -|    -|       -|      -|    -|
|Multiplexer      |        -|    -|       0|    126|    -|
|Register         |        -|    -|     266|      -|    -|
+-----------------+---------+-----+--------+-------+-----+
|Total            |        0|    2|     266|    754|    0|
+-----------------+---------+-----+--------+-------+-----+
|Available        |      432|  360|  141120|  70560|    0|
+-----------------+---------+-----+--------+-------+-----+
|Utilization (%)  |        0|   ~0|      ~0|      1|    0|
+-----------------+---------+-----+--------+-------+-----+

+ Detail: 
    * Instance: 
    +-------------------------+----------------------+---------+----+---+----+-----+
    |         Instance        |        Module        | BRAM_18K| DSP| FF| LUT| URAM|
    +-------------------------+----------------------+---------+----+---+----+-----+
    |mul_9ns_32s_40_1_1_U1    |mul_9ns_32s_40_1_1    |        0|   2|  0|  20|    0|
    |sparsemux_17_4_9_1_1_U2  |sparsemux_17_4_9_1_1  |        0|   0|  0|  43|    0|
    +-------------------------+----------------------+---------+----+---+----+-----+
    |Total                    |                      |        0|   2|  0|  63|    0|
    +-------------------------+----------------------+---------+----+---+----+-----+

    * DSP: 
    N/A

    * Memory: 
    N/A

    * FIFO: 
    N/A

    * Expression: 
    +---------------------------------------+----------+----+---+----+------------+------------+
    |             Variable Name             | Operation| DSP| FF| LUT| Bitwidth P0| Bitwidth P1|
    +---------------------------------------+----------+----+---+----+------------+------------+
    |mix_int_11_fu_685_p2                   |         +|   0|  0|  39|          32|          32|
    |mix_int_13_fu_698_p2                   |         +|   0|  0|  39|          32|          32|
    |mix_int_1_fu_567_p2                    |         +|   0|  0|  39|          32|          32|
    |mix_int_3_fu_581_p2                    |         +|   0|  0|  39|          32|          32|
    |mix_int_5_fu_595_p2                    |         +|   0|  0|  39|          32|          32|
    |mix_int_7_fu_609_p2                    |         +|   0|  0|  39|          32|          32|
    |mix_int_9_fu_674_p2                    |         +|   0|  0|  39|          32|          32|
    |ap_block_pp0_stage0_01001_grp1         |       and|   0|  0|   2|           1|           1|
    |ap_block_state3_pp0_stage0_iter2_grp1  |       and|   0|  0|   2|           1|           1|
    |ap_condition_283                       |       and|   0|  0|   2|           1|           1|
    |icmp_ln65_fu_501_p2                    |      icmp|   0|  0|  12|           4|           1|
    |ap_block_pp0_stage0_11001              |        or|   0|  0|   2|           1|           1|
    |or_ln69_1_fu_629_p2                    |        or|   0|  0|   2|           1|           1|
    |or_ln69_2_fu_635_p2                    |        or|   0|  0|   2|           1|           1|
    |or_ln69_3_fu_641_p2                    |        or|   0|  0|   2|           1|           1|
    |or_ln69_4_fu_647_p2                    |        or|   0|  0|   2|           1|           1|
    |or_ln69_5_fu_653_p2                    |        or|   0|  0|   2|           1|           1|
    |or_ln69_6_fu_659_p2                    |        or|   0|  0|   2|           1|           1|
    |or_ln69_fu_623_p2                      |        or|   0|  0|   2|           1|           1|
    |mix_int_10_fu_679_p3                   |    select|   0|  0|  32|           1|          32|
    |mix_int_12_fu_691_p3                   |    select|   0|  0|  32|           1|          32|
    |mix_int_14_fu_704_p3                   |    select|   0|  0|  32|           1|          32|
    |mix_int_2_fu_573_p3                    |    select|   0|  0|  32|           1|          32|
    |mix_int_4_fu_587_p3                    |    select|   0|  0|  32|           1|          32|
    |mix_int_6_fu_601_p3                    |    select|   0|  0|  32|           1|          32|
    |mix_int_8_fu_615_p3                    |    select|   0|  0|  32|           1|          32|
    |mix_int_fu_559_p3                      |    select|   0|  0|  32|           1|          32|
    |ap_enable_pp0                          |       xor|   0|  0|   2|           1|           2|
    +---------------------------------------+----------+----+---+----+------------+------------+
    |Total                                  |          |   0|  0| 565|         248|         494|
    +---------------------------------------+----------+----+---+----+------------+------------+

    * Multiplexer: 
    +-------------------------------------------+----+-----------+-----+-----------+
    |                    Name                   | LUT| Input Size| Bits| Total Bits|
    +-------------------------------------------+----+-----------+-----+-----------+
    |ap_done_int                                |   9|          2|    1|          2|
    |ap_loop_exit_ready_pp0_iter2_reg           |   9|          2|    1|          2|
    |ap_phi_mux_out_pkt_data_phi_fu_488_p4      |   9|          2|   32|         64|
    |ap_phi_reg_pp0_iter1_out_pkt_data_reg_484  |   9|          2|   32|         64|
    |mix_out_TDATA_blk_n                        |   9|          2|    1|          2|
    |out_pkt_data_reg_484                       |   9|          2|   32|         64|
    |stream_in_0_TDATA_blk_n                    |   9|          2|    1|          2|
    |stream_in_1_TDATA_blk_n                    |   9|          2|    1|          2|
    |stream_in_2_TDATA_blk_n                    |   9|          2|    1|          2|
    |stream_in_3_TDATA_blk_n                    |   9|          2|    1|          2|
    |stream_in_4_TDATA_blk_n                    |   9|          2|    1|          2|
    |stream_in_5_TDATA_blk_n                    |   9|          2|    1|          2|
    |stream_in_6_TDATA_blk_n                    |   9|          2|    1|          2|
    |stream_in_7_TDATA_blk_n                    |   9|          2|    1|          2|
    +-------------------------------------------+----+-----------+-----+-----------+
    |Total                                      | 126|         28|  107|        214|
    +-------------------------------------------+----+-----------+-----+-----------+

    * Register: 
    +-------------------------------------------+----+----+-----+-----------+
    |                    Name                   | FF | LUT| Bits| Const Bits|
    +-------------------------------------------+----+----+-----+-----------+
    |ap_CS_fsm                                  |   1|   0|    1|          0|
    |ap_block_pp0_stage0_subdone_grp1_done_reg  |   1|   0|    1|          0|
    |ap_done_reg                                |   1|   0|    1|          0|
    |ap_enable_reg_pp0_iter1                    |   1|   0|    1|          0|
    |ap_enable_reg_pp0_iter2                    |   1|   0|    1|          0|
    |ap_loop_exit_ready_pp0_iter1_reg           |   1|   0|    1|          0|
    |ap_loop_exit_ready_pp0_iter2_reg           |   1|   0|    1|          0|
    |ap_phi_reg_pp0_iter1_out_pkt_data_reg_484  |  32|   0|   32|          0|
    |ap_phi_reg_pp0_iter2_out_pkt_data_reg_484  |  32|   0|   32|          0|
    |empty_32_reg_809_0                         |  32|   0|   32|          0|
    |empty_33_reg_814_0                         |  32|   0|   32|          0|
    |empty_34_reg_819_0                         |  32|   0|   32|          0|
    |icmp_ln65_reg_805                          |   1|   0|    1|          0|
    |mix_int_14_reg_834                         |  32|   0|   32|          0|
    |mix_int_8_reg_824                          |  32|   0|   32|          0|
    |or_ln69_6_reg_830                          |   1|   0|    1|          0|
    |or_ln69_6_reg_830_pp0_iter1_reg            |   1|   0|    1|          0|
    |out_pkt_data_reg_484                       |  32|   0|   32|          0|
    +-------------------------------------------+----+----+-----+-----------+
    |Total                                      | 266|   0|  266|          0|
    +-------------------------------------------+----+----+-----+-----------+



================================================================
== Interface
================================================================
* Summary: 
+-------------------------+-----+-----+------------+--------------------------------+--------------+
|        RTL Ports        | Dir | Bits|  Protocol  |          Source Object         |    C Type    |
+-------------------------+-----+-----+------------+--------------------------------+--------------+
|ap_clk                   |   in|    1|  ap_ctrl_hs|  mixer_Pipeline_VITIS_LOOP_30_1|  return value|
|ap_rst                   |   in|    1|  ap_ctrl_hs|  mixer_Pipeline_VITIS_LOOP_30_1|  return value|
|ap_start                 |   in|    1|  ap_ctrl_hs|  mixer_Pipeline_VITIS_LOOP_30_1|  return value|
|ap_done                  |  out|    1|  ap_ctrl_hs|  mixer_Pipeline_VITIS_LOOP_30_1|  return value|
|ap_idle                  |  out|    1|  ap_ctrl_hs|  mixer_Pipeline_VITIS_LOOP_30_1|  return value|
|ap_ready                 |  out|    1|  ap_ctrl_hs|  mixer_Pipeline_VITIS_LOOP_30_1|  return value|
|stream_in_0_TVALID       |   in|    1|        axis|            stream_in_0_V_data_V|       pointer|
|stream_in_0_TDATA        |   in|   32|        axis|            stream_in_0_V_data_V|       pointer|
|stream_in_1_TVALID       |   in|    1|        axis|            stream_in_1_V_data_V|       pointer|
|stream_in_1_TDATA        |   in|   32|        axis|            stream_in_1_V_data_V|       pointer|
|stream_in_2_TVALID       |   in|    1|        axis|            stream_in_2_V_data_V|       pointer|
|stream_in_2_TDATA        |   in|   32|        axis|            stream_in_2_V_data_V|       pointer|
|stream_in_3_TVALID       |   in|    1|        axis|            stream_in_3_V_data_V|       pointer|
|stream_in_3_TDATA        |   in|   32|        axis|            stream_in_3_V_data_V|       pointer|
|stream_in_4_TVALID       |   in|    1|        axis|            stream_in_4_V_data_V|       pointer|
|stream_in_4_TDATA        |   in|   32|        axis|            stream_in_4_V_data_V|       pointer|
|stream_in_5_TVALID       |   in|    1|        axis|            stream_in_5_V_data_V|       pointer|
|stream_in_5_TDATA        |   in|   32|        axis|            stream_in_5_V_data_V|       pointer|
|stream_in_6_TVALID       |   in|    1|        axis|            stream_in_6_V_data_V|       pointer|
|stream_in_6_TDATA        |   in|   32|        axis|            stream_in_6_V_data_V|       pointer|
|stream_in_7_TVALID       |   in|    1|        axis|            stream_in_7_V_data_V|       pointer|
|stream_in_7_TDATA        |   in|   32|        axis|            stream_in_7_V_data_V|       pointer|
|mix_out_TREADY           |   in|    1|        axis|                mix_out_V_data_V|       pointer|
|mix_out_TDATA            |  out|   32|        axis|                mix_out_V_data_V|       pointer|
|active_14                |   in|    4|     ap_none|                       active_14|        scalar|
|mix_out_TVALID           |  out|    1|        axis|                mix_out_V_dest_V|       pointer|
|mix_out_TDEST            |  out|    6|        axis|                mix_out_V_dest_V|       pointer|
|mix_out_TKEEP            |  out|    4|        axis|                mix_out_V_keep_V|       pointer|
|mix_out_TSTRB            |  out|    4|        axis|                mix_out_V_strb_V|       pointer|
|mix_out_TUSER            |  out|    2|        axis|                mix_out_V_user_V|       pointer|
|mix_out_TLAST            |  out|    1|        axis|                mix_out_V_last_V|       pointer|
|mix_out_TID              |  out|    5|        axis|                  mix_out_V_id_V|       pointer|
|stream_in_0_TREADY       |  out|    1|        axis|            stream_in_0_V_dest_V|       pointer|
|stream_in_0_TDEST        |   in|    6|        axis|            stream_in_0_V_dest_V|       pointer|
|stream_in_0_TKEEP        |   in|    4|        axis|            stream_in_0_V_keep_V|       pointer|
|stream_in_0_TSTRB        |   in|    4|        axis|            stream_in_0_V_strb_V|       pointer|
|stream_in_0_TUSER        |   in|    2|        axis|            stream_in_0_V_user_V|       pointer|
|stream_in_0_TLAST        |   in|    1|        axis|            stream_in_0_V_last_V|       pointer|
|stream_in_0_TID          |   in|    5|        axis|              stream_in_0_V_id_V|       pointer|
|stream_in_1_TREADY       |  out|    1|        axis|            stream_in_1_V_dest_V|       pointer|
|stream_in_1_TDEST        |   in|    6|        axis|            stream_in_1_V_dest_V|       pointer|
|stream_in_1_TKEEP        |   in|    4|        axis|            stream_in_1_V_keep_V|       pointer|
|stream_in_1_TSTRB        |   in|    4|        axis|            stream_in_1_V_strb_V|       pointer|
|stream_in_1_TUSER        |   in|    2|        axis|            stream_in_1_V_user_V|       pointer|
|stream_in_1_TLAST        |   in|    1|        axis|            stream_in_1_V_last_V|       pointer|
|stream_in_1_TID          |   in|    5|        axis|              stream_in_1_V_id_V|       pointer|
|stream_in_2_TREADY       |  out|    1|        axis|            stream_in_2_V_dest_V|       pointer|
|stream_in_2_TDEST        |   in|    6|        axis|            stream_in_2_V_dest_V|       pointer|
|stream_in_2_TKEEP        |   in|    4|        axis|            stream_in_2_V_keep_V|       pointer|
|stream_in_2_TSTRB        |   in|    4|        axis|            stream_in_2_V_strb_V|       pointer|
|stream_in_2_TUSER        |   in|    2|        axis|            stream_in_2_V_user_V|       pointer|
|stream_in_2_TLAST        |   in|    1|        axis|            stream_in_2_V_last_V|       pointer|
|stream_in_2_TID          |   in|    5|        axis|              stream_in_2_V_id_V|       pointer|
|stream_in_3_TREADY       |  out|    1|        axis|            stream_in_3_V_dest_V|       pointer|
|stream_in_3_TDEST        |   in|    6|        axis|            stream_in_3_V_dest_V|       pointer|
|stream_in_3_TKEEP        |   in|    4|        axis|            stream_in_3_V_keep_V|       pointer|
|stream_in_3_TSTRB        |   in|    4|        axis|            stream_in_3_V_strb_V|       pointer|
|stream_in_3_TUSER        |   in|    2|        axis|            stream_in_3_V_user_V|       pointer|
|stream_in_3_TLAST        |   in|    1|        axis|            stream_in_3_V_last_V|       pointer|
|stream_in_3_TID          |   in|    5|        axis|              stream_in_3_V_id_V|       pointer|
|stream_in_4_TREADY       |  out|    1|        axis|            stream_in_4_V_dest_V|       pointer|
|stream_in_4_TDEST        |   in|    6|        axis|            stream_in_4_V_dest_V|       pointer|
|stream_in_4_TKEEP        |   in|    4|        axis|            stream_in_4_V_keep_V|       pointer|
|stream_in_4_TSTRB        |   in|    4|        axis|            stream_in_4_V_strb_V|       pointer|
|stream_in_4_TUSER        |   in|    2|        axis|            stream_in_4_V_user_V|       pointer|
|stream_in_4_TLAST        |   in|    1|        axis|            stream_in_4_V_last_V|       pointer|
|stream_in_4_TID          |   in|    5|        axis|              stream_in_4_V_id_V|       pointer|
|stream_in_5_TREADY       |  out|    1|        axis|            stream_in_5_V_dest_V|       pointer|
|stream_in_5_TDEST        |   in|    6|        axis|            stream_in_5_V_dest_V|       pointer|
|stream_in_5_TKEEP        |   in|    4|        axis|            stream_in_5_V_keep_V|       pointer|
|stream_in_5_TSTRB        |   in|    4|        axis|            stream_in_5_V_strb_V|       pointer|
|stream_in_5_TUSER        |   in|    2|        axis|            stream_in_5_V_user_V|       pointer|
|stream_in_5_TLAST        |   in|    1|        axis|            stream_in_5_V_last_V|       pointer|
|stream_in_5_TID          |   in|    5|        axis|              stream_in_5_V_id_V|       pointer|
|stream_in_6_TREADY       |  out|    1|        axis|            stream_in_6_V_dest_V|       pointer|
|stream_in_6_TDEST        |   in|    6|        axis|            stream_in_6_V_dest_V|       pointer|
|stream_in_6_TKEEP        |   in|    4|        axis|            stream_in_6_V_keep_V|       pointer|
|stream_in_6_TSTRB        |   in|    4|        axis|            stream_in_6_V_strb_V|       pointer|
|stream_in_6_TUSER        |   in|    2|        axis|            stream_in_6_V_user_V|       pointer|
|stream_in_6_TLAST        |   in|    1|        axis|            stream_in_6_V_last_V|       pointer|
|stream_in_6_TID          |   in|    5|        axis|              stream_in_6_V_id_V|       pointer|
|stream_in_7_TREADY       |  out|    1|        axis|            stream_in_7_V_dest_V|       pointer|
|stream_in_7_TDEST        |   in|    6|        axis|            stream_in_7_V_dest_V|       pointer|
|stream_in_7_TKEEP        |   in|    4|        axis|            stream_in_7_V_keep_V|       pointer|
|stream_in_7_TSTRB        |   in|    4|        axis|            stream_in_7_V_strb_V|       pointer|
|stream_in_7_TUSER        |   in|    2|        axis|            stream_in_7_V_user_V|       pointer|
|stream_in_7_TLAST        |   in|    1|        axis|            stream_in_7_V_last_V|       pointer|
|stream_in_7_TID          |   in|    5|        axis|              stream_in_7_V_id_V|       pointer|
|empty_16                 |   in|    1|     ap_none|                        empty_16|        scalar|
|empty_17                 |   in|    1|     ap_none|                        empty_17|        scalar|
|empty_18                 |   in|    1|     ap_none|                        empty_18|        scalar|
|empty_19                 |   in|    1|     ap_none|                        empty_19|        scalar|
|empty_20                 |   in|    1|     ap_none|                        empty_20|        scalar|
|empty_21                 |   in|    1|     ap_none|                        empty_21|        scalar|
|empty_22                 |   in|    1|     ap_none|                        empty_22|        scalar|
|empty                    |   in|    1|     ap_none|                           empty|        scalar|
|out_pkt_data_out         |  out|   32|      ap_vld|                out_pkt_data_out|       pointer|
|out_pkt_data_out_ap_vld  |  out|    1|      ap_vld|                out_pkt_data_out|       pointer|
+-------------------------+-----+-----+------------+--------------------------------+--------------+

