

================================================================
== Vitis HLS Report for 'mixer'
================================================================
* Date:           Wed Apr 22 16:16:12 2026

* Version:        2025.2 (Build 6295257 on Nov 14 2025)
* Project:        FPGA_Mix_Hardware
* Solution:       hls (Vivado IP Flow Target)
* Product family: zynquplus
* Target device:  xczu3eg-sfvc784-2-e


================================================================
== Performance Estimates
================================================================
+ Timing: 
    * Summary: 
    +--------+----------+----------+------------+
    |  Clock |  Target  | Estimated| Uncertainty|
    +--------+----------+----------+------------+
    |ap_clk  |  10.00 ns|  7.256 ns|     2.70 ns|
    +--------+----------+----------+------------+

+ Latency: 
    * Summary: 
    +---------+---------+----------+----------+-----+-----+---------+
    |  Latency (cycles) |  Latency (absolute) |  Interval | Pipeline|
    |   min   |   max   |    min   |    max   | min | max |   Type  |
    +---------+---------+----------+----------+-----+-----+---------+
    |        ?|        ?|         ?|         ?|    ?|    ?|       no|
    +---------+---------+----------+----------+-----+-----+---------+

    + Detail: 
        * Instance: 
        +------------------------------------------+--------------------------------+---------+---------+----------+----------+-----+-----+-------------------+
        |                                          |                                |  Latency (cycles) |  Latency (absolute) |  Interval |      Pipeline     |
        |                 Instance                 |             Module             |   min   |   max   |    min   |    max   | min | max |        Type       |
        +------------------------------------------+--------------------------------+---------+---------+----------+----------+-----+-----+-------------------+
        |grp_mixer_Pipeline_VITIS_LOOP_27_1_fu_94  |mixer_Pipeline_VITIS_LOOP_27_1  |        ?|        ?|         ?|         ?|    0|    0|  loop pipeline stp|
        +------------------------------------------+--------------------------------+---------+---------+----------+----------+-----+-----+-------------------+

        * Loop: 
        N/A



================================================================
== Utilization Estimates
================================================================
* Summary: 
+-----------------+---------+-----+--------+-------+-----+
|       Name      | BRAM_18K| DSP |   FF   |  LUT  | URAM|
+-----------------+---------+-----+--------+-------+-----+
|DSP              |        -|    -|       -|      -|    -|
|Expression       |        -|    -|       0|     82|    -|
|FIFO             |        -|    -|       -|      -|    -|
|Instance         |        1|    5|     374|    861|    0|
|Memory           |        -|    -|       -|      -|    -|
|Multiplexer      |        -|    -|       0|     71|    -|
|Register         |        -|    -|      93|      -|    -|
+-----------------+---------+-----+--------+-------+-----+
|Total            |        1|    5|     467|   1014|    0|
+-----------------+---------+-----+--------+-------+-----+
|Available        |      432|  360|  141120|  70560|    0|
+-----------------+---------+-----+--------+-------+-----+
|Utilization (%)  |       ~0|    1|      ~0|      1|    0|
+-----------------+---------+-----+--------+-------+-----+

+ Detail: 
    * Instance: 
    +------------------------------------------+--------------------------------+---------+----+-----+-----+-----+
    |                 Instance                 |             Module             | BRAM_18K| DSP|  FF | LUT | URAM|
    +------------------------------------------+--------------------------------+---------+----+-----+-----+-----+
    |control_s_axi_U                           |control_s_axi                   |        0|   0|   36|   40|    0|
    |grp_mixer_Pipeline_VITIS_LOOP_27_1_fu_94  |mixer_Pipeline_VITIS_LOOP_27_1  |        1|   5|  338|  821|    0|
    +------------------------------------------+--------------------------------+---------+----+-----+-----+-----+
    |Total                                     |                                |        1|   5|  374|  861|    0|
    +------------------------------------------+--------------------------------+---------+----+-----+-----+-----+

    * DSP: 
    N/A

    * Memory: 
    N/A

    * FIFO: 
    N/A

    * Expression: 
    +---------------------------------------------------------+----------+----+---+----+------------+------------+
    |                      Variable Name                      | Operation| DSP| FF| LUT| Bitwidth P0| Bitwidth P1|
    +---------------------------------------------------------+----------+----+---+----+------------+------------+
    |add_ln44_fu_208_p2                                       |         +|   0|  0|   9|           2|           1|
    |add_ln45_fu_226_p2                                       |         +|   0|  0|  10|           3|           1|
    |add_ln46_fu_240_p2                                       |         +|   0|  0|  10|           3|           1|
    |add_ln47_fu_254_p2                                       |         +|   0|  0|  10|           3|           1|
    |add_ln48_fu_268_p2                                       |         +|   0|  0|  10|           3|           1|
    |add_ln49_fu_290_p2                                       |         +|   0|  0|  12|           4|           1|
    |grp_mixer_Pipeline_VITIS_LOOP_27_1_fu_94_mix_out_TREADY  |       and|   0|  0|   2|           1|           1|
    |select_ln43_1_fu_200_p3                                  |    select|   0|  0|   2|           1|           2|
    |select_ln43_fu_192_p3                                    |    select|   0|  0|   3|           1|           3|
    |select_ln44_fu_214_p3                                    |    select|   0|  0|   2|           1|           2|
    |select_ln45_fu_232_p3                                    |    select|   0|  0|   3|           1|           3|
    |select_ln46_fu_246_p3                                    |    select|   0|  0|   3|           1|           3|
    |select_ln47_fu_260_p3                                    |    select|   0|  0|   3|           1|           3|
    |select_ln48_fu_274_p3                                    |    select|   0|  0|   3|           1|           3|
    +---------------------------------------------------------+----------+----+---+----+------------+------------+
    |Total                                                    |          |   0|  0|  82|          26|          26|
    +---------------------------------------------------------+----------+----+---+----+------------+------------+

    * Multiplexer: 
    +-------------------------------+----+-----------+-----+-----------+
    |              Name             | LUT| Input Size| Bits| Total Bits|
    +-------------------------------+----+-----------+-----+-----------+
    |ap_NS_fsm                      |  26|          5|    1|          5|
    |mix_out_TDATA_int_regslice     |   9|          2|   32|         64|
    |mix_out_TKEEP_int_regslice     |   9|          2|    4|          8|
    |mix_out_TLAST_int_regslice     |   9|          2|    1|          2|
    |mix_out_TSTRB_int_regslice     |   9|          2|    4|          8|
    |stream_in_TREADY_int_regslice  |   9|          2|    1|          2|
    +-------------------------------+----+-----------+-----+-----------+
    |Total                          |  71|         15|   43|         89|
    +-------------------------------+----+-----------+-----+-----------+

    * Register: 
    +-------------------------------------------------------+----+----+-----+-----------+
    |                          Name                         | FF | LUT| Bits| Const Bits|
    +-------------------------------------------------------+----+----+-----+-----------+
    |add_ln49_reg_361                                       |   4|   0|    4|          0|
    |ap_CS_fsm                                              |   4|   0|    4|          0|
    |current_gain_q16                                       |  32|   0|   32|          0|
    |grp_mixer_Pipeline_VITIS_LOOP_27_1_fu_94_ap_start_reg  |   1|   0|    1|          0|
    |mix_out_TDATA_reg                                      |  32|   0|   32|          0|
    |mix_out_TKEEP_reg                                      |   4|   0|    4|          0|
    |mix_out_TLAST_reg                                      |   1|   0|    1|          0|
    |mix_out_TSTRB_reg                                      |   4|   0|    4|          0|
    |select_ln48_reg_352                                    |   3|   0|    3|          0|
    |tmp_12_reg_322                                         |   1|   0|    1|          0|
    |tmp_13_reg_327                                         |   1|   0|    1|          0|
    |tmp_14_reg_332                                         |   1|   0|    1|          0|
    |tmp_15_reg_337                                         |   1|   0|    1|          0|
    |tmp_16_reg_342                                         |   1|   0|    1|          0|
    |tmp_17_reg_347                                         |   1|   0|    1|          0|
    |tmp_reg_317                                            |   1|   0|    1|          0|
    |trunc_ln42_reg_312                                     |   1|   0|    1|          0|
    +-------------------------------------------------------+----+----+-----+-----------+
    |Total                                                  |  93|   0|   93|          0|
    +-------------------------------------------------------+----+----+-----+-----------+



================================================================
== Interface
================================================================
* Summary: 
+-----------------------+-----+-----+------------+--------------------+--------------+
|       RTL Ports       | Dir | Bits|  Protocol  |    Source Object   |    C Type    |
+-----------------------+-----+-----+------------+--------------------+--------------+
|s_axi_control_AWVALID  |   in|    1|       s_axi|             control|   return void|
|s_axi_control_AWREADY  |  out|    1|       s_axi|             control|   return void|
|s_axi_control_AWADDR   |   in|    4|       s_axi|             control|   return void|
|s_axi_control_WVALID   |   in|    1|       s_axi|             control|   return void|
|s_axi_control_WREADY   |  out|    1|       s_axi|             control|   return void|
|s_axi_control_WDATA    |   in|   32|       s_axi|             control|   return void|
|s_axi_control_WSTRB    |   in|    4|       s_axi|             control|   return void|
|s_axi_control_ARVALID  |   in|    1|       s_axi|             control|   return void|
|s_axi_control_ARREADY  |  out|    1|       s_axi|             control|   return void|
|s_axi_control_ARADDR   |   in|    4|       s_axi|             control|   return void|
|s_axi_control_RVALID   |  out|    1|       s_axi|             control|   return void|
|s_axi_control_RREADY   |   in|    1|       s_axi|             control|   return void|
|s_axi_control_RDATA    |  out|   32|       s_axi|             control|   return void|
|s_axi_control_RRESP    |  out|    2|       s_axi|             control|   return void|
|s_axi_control_BVALID   |  out|    1|       s_axi|             control|   return void|
|s_axi_control_BREADY   |   in|    1|       s_axi|             control|   return void|
|s_axi_control_BRESP    |  out|    2|       s_axi|             control|   return void|
|ap_clk                 |   in|    1|  ap_ctrl_hs|               mixer|  return value|
|ap_rst_n               |   in|    1|  ap_ctrl_hs|               mixer|  return value|
|interrupt              |  out|    1|  ap_ctrl_hs|               mixer|  return value|
|stream_in_TDATA        |   in|  128|        axis|  stream_in_V_data_V|       pointer|
|stream_in_TVALID       |   in|    1|        axis|  stream_in_V_last_V|       pointer|
|stream_in_TREADY       |  out|    1|        axis|  stream_in_V_last_V|       pointer|
|stream_in_TLAST        |   in|    1|        axis|  stream_in_V_last_V|       pointer|
|stream_in_TKEEP        |   in|   16|        axis|  stream_in_V_keep_V|       pointer|
|stream_in_TSTRB        |   in|   16|        axis|  stream_in_V_strb_V|       pointer|
|switches               |   in|    8|     ap_none|            switches|        scalar|
|mix_out_TDATA          |  out|   32|        axis|    mix_out_V_data_V|       pointer|
|mix_out_TVALID         |  out|    1|        axis|    mix_out_V_last_V|       pointer|
|mix_out_TREADY         |   in|    1|        axis|    mix_out_V_last_V|       pointer|
|mix_out_TLAST          |  out|    1|        axis|    mix_out_V_last_V|       pointer|
|mix_out_TKEEP          |  out|    4|        axis|    mix_out_V_keep_V|       pointer|
|mix_out_TSTRB          |  out|    4|        axis|    mix_out_V_strb_V|       pointer|
+-----------------------+-----+-----+------------+--------------------+--------------+

