  **** HLS Build v2025.2 6295257
INFO: [HLS 200-2005] Using work_dir /home/MakerIris/Documents/FPGA_Audio_Mix/FPGA_Mix_Hardware/FPGA_Mix_Hardware 
INFO: [HLS 200-2176] Writing Vitis IDE component file /home/MakerIris/Documents/FPGA_Audio_Mix/FPGA_Mix_Hardware/FPGA_Mix_Hardware/vitis-comp.json
INFO: [HLS 200-10] Creating and opening component '/home/MakerIris/Documents/FPGA_Audio_Mix/FPGA_Mix_Hardware/FPGA_Mix_Hardware'.
INFO: [HLS 200-1505] Using default flow_target 'vivado'
Resolution: For help on HLS 200-1505 see docs.amd.com/access/sources/dita/topic?Doc_Version=2025.2%20English&url=ug1448-hls-guidance&resourceid=200-1505.html
INFO: [HLS 200-2174] Applying component config ini file hls_config.cfg
WARNING: [HLS 200-2001] file not found 'hw_mixer_tb.cpp' see [hls] from hls_config.cfg(8)
INFO: [HLS 200-1465] Applying config ini 'syn.file=hw_mixer.cpp' from hls_config.cfg(10)
INFO: [HLS 200-10] Adding design file '/home/MakerIris/Documents/FPGA_Audio_Mix/FPGA_Mix_Hardware/hw_mixer.cpp' to the project
INFO: [HLS 200-1465] Applying config ini 'syn.file=hw_mixer.h' from hls_config.cfg(11)
INFO: [HLS 200-10] Adding design file '/home/MakerIris/Documents/FPGA_Audio_Mix/FPGA_Mix_Hardware/hw_mixer.h' to the project
INFO: [HLS 200-1465] Applying config ini 'tb.file=hw_mixer_tb.cpp' from hls_config.cfg(8)
WARNING: [HLS 200-40] Cannot find test bench file 'hw_mixer_tb.cpp'
INFO: [HLS 200-1465] Applying config ini 'tb.file=mixer_tb.cpp' from hls_config.cfg(9)
INFO: [HLS 200-10] Adding test bench file '/home/MakerIris/Documents/FPGA_Audio_Mix/FPGA_Mix_Hardware/mixer_tb.cpp' to the project
INFO: [HLS 200-1465] Applying config ini 'syn.top=mixer' from hls_config.cfg(7)
INFO: [HLS 200-1465] Applying config ini 'flow_target=vivado' from hls_config.cfg(4)
INFO: [HLS 200-1505] Using flow_target 'vivado'
Resolution: For help on HLS 200-1505 see docs.amd.com/access/sources/dita/topic?Doc_Version=2025.2%20English&url=ug1448-hls-guidance&resourceid=200-1505.html
INFO: [HLS 200-1465] Applying config ini 'part=xczu3eg-sfvc784-2-e' from hls_config.cfg(1)
INFO: [HLS 200-1611] Setting target device to 'xczu3eg-sfvc784-2-e'
INFO: [HLS 200-1465] Applying config ini 'package.output.format=ip_catalog' from hls_config.cfg(5)
INFO: [HLS 200-2176] Writing Vitis IDE component file /home/MakerIris/Documents/FPGA_Audio_Mix/FPGA_Mix_Hardware/FPGA_Mix_Hardware/vitis-comp.json
INFO: [SIM 211-2] *************** CSIM start ***************
INFO: [HLS 200-2191] C-Simulation will use clang-16 as the compiler
INFO: [HLS 200-2036] Building debug C Simulation binaries
   Compiling ../../../../mixer_tb.cpp in debug mode
../../../../mixer_tb.cpp:153:41: error: use of undeclared identifier 'i'
        if (hw_result.data != sw_result[i]) {
                                        ^
../../../../mixer_tb.cpp:156:53: error: use of undeclared identifier 'i'
                      << ", expected " << sw_result[i] << "\n";
                                                    ^
../../../../mixer_tb.cpp:154:49: error: use of undeclared identifier 'i'
            std::cout << "MISMATCH at beat " << i
                                                ^
3 errors generated.
make: *** [csim.mk:88: obj/mixer_tb.o] Error 1
ERROR: [SIM 211-100] 'csim_design' failed: compilation error(s).
INFO: [SIM 211-3] *************** CSIM finish ***************
ERROR: CSIM Failed
INFO: [HLS 200-112] Total CPU user time: 4.79 seconds. Total CPU system time: 0.82 seconds. Total elapsed time: 5.41 seconds; peak allocated memory: 630.590 MB.
