  **** HLS Build v2025.2 6295257
INFO: [HLS 200-2005] Using work_dir C:/Users/irisk/Documents/FPGA_Audio_Mix/FPGA_Mix_Hardware/FPGA_Mix_Hardware 
INFO: [HLS 200-2176] Writing Vitis IDE component file C:/Users/irisk/Documents/FPGA_Audio_Mix/FPGA_Mix_Hardware/FPGA_Mix_Hardware/vitis-comp.json
INFO: [HLS 200-10] Creating and opening component 'C:/Users/irisk/Documents/FPGA_Audio_Mix/FPGA_Mix_Hardware/FPGA_Mix_Hardware'.
INFO: [HLS 200-1505] Using default flow_target 'vivado'
Resolution: For help on HLS 200-1505 see docs.amd.com/access/sources/dita/topic?Doc_Version=2025.2%20English&url=ug1448-hls-guidance&resourceid=200-1505.html
INFO: [HLS 200-2174] Applying component config ini file hls_config.cfg
WARNING: [HLS 200-2001] file not found 'hw_mixer_tb.cpp' see [hls] from hls_config.cfg(9)
INFO: [HLS 200-1465] Applying config ini 'syn.file=hw_mixer.cpp' from hls_config.cfg(7)
INFO: [HLS 200-10] Adding design file 'C:/Users/irisk/Documents/FPGA_Audio_Mix/FPGA_Mix_Hardware/hw_mixer.cpp' to the project
INFO: [HLS 200-1465] Applying config ini 'tb.file=hw_mixer_tb.cpp' from hls_config.cfg(9)
WARNING: [HLS 200-40] Cannot find test bench file 'hw_mixer_tb.cpp'
INFO: [HLS 200-1465] Applying config ini 'syn.top=mixer' from hls_config.cfg(8)
INFO: [HLS 200-1465] Applying config ini 'flow_target=vivado' from hls_config.cfg(4)
INFO: [HLS 200-1505] Using flow_target 'vivado'
Resolution: For help on HLS 200-1505 see docs.amd.com/access/sources/dita/topic?Doc_Version=2025.2%20English&url=ug1448-hls-guidance&resourceid=200-1505.html
INFO: [HLS 200-1465] Applying config ini 'part=xczu3eg-sfvc784-2-e' from hls_config.cfg(1)
ERROR: [HLS 200-1023] Part 'xczu3eg-sfvc784-2-e' is not installed.
ERROR: [HLS 200-1912] Problem with config ini entry 'part=xczu3eg-sfvc784-2-e' from hls_config.cfg(1): command 'create_platform' returned error code
ERROR: problem with 'part=xczu3eg-sfvc784-2-e' from hls_config.cfg(1): command 'create_platform' returned error code
INFO: [HLS 200-112] Total CPU user time: 1 seconds. Total CPU system time: 1 seconds. Total elapsed time: 1.519 seconds; peak allocated memory: 66.211 MB.
