  **** HLS Build v2025.2 6295257
INFO: [HLS 200-2005] Using work_dir /home/MakerIris/Documents/FPGA_Audio_Mix/FPGA_Mix_Hardware/FPGA_Mix_Hardware 
INFO: [HLS 200-2176] Writing Vitis IDE component file /home/MakerIris/Documents/FPGA_Audio_Mix/FPGA_Mix_Hardware/FPGA_Mix_Hardware/vitis-comp.json
INFO: [HLS 200-10] Creating and opening component '/home/MakerIris/Documents/FPGA_Audio_Mix/FPGA_Mix_Hardware/FPGA_Mix_Hardware'.
INFO: [HLS 200-1505] Using default flow_target 'vivado'
Resolution: For help on HLS 200-1505 see docs.amd.com/access/sources/dita/topic?Doc_Version=2025.2%20English&url=ug1448-hls-guidance&resourceid=200-1505.html
INFO: [HLS 200-2174] Applying component config ini file hls_config.cfg
WARNING: [HLS 200-2001] file not found 'hw_mixer_tb.cpp' see [hls] from hls_config.cfg(8)
INFO: [HLS 200-1465] Applying config ini 'syn.file=hw_mixer.cpp' from hls_config.cfg(10)
INFO: [HLS 200-10] Adding design file '/home/MakerIris/Documents/FPGA_Audio_Mix/FPGA_Mix_Hardware/hw_mixer.cpp' to the project
INFO: [HLS 200-1465] Applying config ini 'syn.file=hw_mixer.h' from hls_config.cfg(11)
INFO: [HLS 200-10] Adding design file '/home/MakerIris/Documents/FPGA_Audio_Mix/FPGA_Mix_Hardware/hw_mixer.h' to the project
INFO: [HLS 200-1465] Applying config ini 'tb.file=hw_mixer_tb.cpp' from hls_config.cfg(8)
WARNING: [HLS 200-40] Cannot find test bench file 'hw_mixer_tb.cpp'
INFO: [HLS 200-1465] Applying config ini 'tb.file=mixer_tb.cpp' from hls_config.cfg(9)
INFO: [HLS 200-10] Adding test bench file '/home/MakerIris/Documents/FPGA_Audio_Mix/FPGA_Mix_Hardware/mixer_tb.cpp' to the project
INFO: [HLS 200-1465] Applying config ini 'syn.top=mixer' from hls_config.cfg(7)
INFO: [HLS 200-1465] Applying config ini 'flow_target=vivado' from hls_config.cfg(4)
INFO: [HLS 200-1505] Using flow_target 'vivado'
Resolution: For help on HLS 200-1505 see docs.amd.com/access/sources/dita/topic?Doc_Version=2025.2%20English&url=ug1448-hls-guidance&resourceid=200-1505.html
INFO: [HLS 200-1465] Applying config ini 'part=xczu3eg-sfvc784-2-e' from hls_config.cfg(1)
INFO: [HLS 200-1611] Setting target device to 'xczu3eg-sfvc784-2-e'
INFO: [HLS 200-1465] Applying config ini 'package.output.format=ip_catalog' from hls_config.cfg(5)
INFO: [HLS 200-2176] Writing Vitis IDE component file /home/MakerIris/Documents/FPGA_Audio_Mix/FPGA_Mix_Hardware/FPGA_Mix_Hardware/vitis-comp.json
INFO: [SIM 211-2] *************** CSIM start ***************
INFO: [HLS 200-2191] C-Simulation will use clang-16 as the compiler
INFO: [HLS 200-2036] Building debug C Simulation binaries
   Compiling ../../../../mixer_tb.cpp in debug mode
   Generating csim.exe
MISMATCH at beat 0: got 1045, expected 1182
MISMATCH at beat 1: got 973, expected 827
MISMATCH at beat 2: got 244, expected 657
MISMATCH at beat 3: got 1178, expected 1256
MISMATCH at beat 4: got 570, expected 86
MISMATCH at beat 5: got 729, expected 591
MISMATCH at beat 6: got 639, expected 634
MISMATCH at beat 7: got 1004, expected 1172
MISMATCH at beat 8: got 1075, expected 975
MISMATCH at beat 9: got 1221, expected 1122
MISMATCH at beat 10: got 398, expected 676
MISMATCH at beat 11: got 829, expected 1205
MISMATCH at beat 12: got 638, expected 523
MISMATCH at beat 13: got 766, expected 673
MISMATCH at beat 14: got 851, expected 501
MISMATCH at beat 15: got 557, expected 693
MISMATCH at beat 16: got 675, expected 1273
MISMATCH at beat 17: got 897, expected 698
MISMATCH at beat 18: got 1211, expected 457
MISMATCH at beat 19: got 1099, expected 1235
MISMATCH at beat 20: got 977, expected 942
MISMATCH at beat 21: got 374, expected 533
MISMATCH at beat 22: got 1030, expected 838
MISMATCH at beat 23: got 1188, expected 668
MISMATCH at beat 24: got 1377, expected 1067
MISMATCH at beat 25: got 996, expected 938
MISMATCH at beat 26: got 545, expected 1069
MISMATCH at beat 27: got 920, expected 888
MISMATCH at beat 28: got 343, expected 1005
MISMATCH at beat 29: got 497, expected 695
MISMATCH at beat 30: got 444, expected 1011
MISMATCH at beat 31: got 675, expected 997
MISMATCH at beat 32: got 766, expected 867
MISMATCH at beat 33: got 1093, expected 846
MISMATCH at beat 34: got 452, expected 1000
MISMATCH at beat 35: got 1225, expected 1586
MISMATCH at beat 36: got 1496, expected 1649
MISMATCH at beat 37: got 219, expected 853
MISMATCH at beat 38: got 390, expected 860
MISMATCH at beat 39: got 561, expected 681
MISMATCH at beat 40: got 1172, expected 705
MISMATCH at beat 41: got 1511, expected 1482
MISMATCH at beat 42: got 1202, expected 729
MISMATCH at beat 43: got 540, expected 639
MISMATCH at beat 44: got 629, expected 712
MISMATCH at beat 45: got 1225, expected 585
MISMATCH at beat 46: got 1635, expected 1087
MISMATCH at beat 47: got 737, expected 1136
MISMATCH at beat 48: got 786, expected 978
MISMATCH at beat 49: got 342, expected 779
MISMATCH at beat 50: got 760, expected 918
MISMATCH at beat 51: got 892, expected 753
MISMATCH at beat 52: got 322, expected 971
MISMATCH at beat 53: got 583, expected 891
MISMATCH at beat 54: got 1125, expected 556
MISMATCH at beat 55: got 787, expected 757
MISMATCH at beat 56: got 735, expected 782
MISMATCH at beat 57: got 1125, expected 271
MISMATCH at beat 58: got 975, expected 488
MISMATCH at beat 59: got 934, expected 683
MISMATCH at beat 60: got 1031, expected 760
MISMATCH at beat 61: got 713, expected 1057
MISMATCH at beat 62: got 878, expected 1119
MISMATCH at beat 63: got 634, expected 500
MISMATCH at beat 64: got 1387, expected 925
MISMATCH at beat 65: got 944, expected 505
MISMATCH at beat 66: got 912, expected 1182
MISMATCH at beat 67: got 721, expected 440
MISMATCH at beat 68: got 997, expected 624
MISMATCH at beat 69: got 1120, expected 472
MISMATCH at beat 70: got 787, expected 967
MISMATCH at beat 71: got 1207, expected 746
MISMATCH at beat 72: got 1149, expected 1274
MISMATCH at beat 73: got 1358, expected 891
MISMATCH at beat 74: got 590, expected 281
MISMATCH at beat 75: got 699, expected 801
MISMATCH at beat 76: got 917, expected 838
MISMATCH at beat 77: got 736, expected 400
MISMATCH at beat 78: got 852, expected 456
MISMATCH at beat 79: got 1004, expected 643
MISMATCH at beat 80: got 834, expected 656
MISMATCH at beat 81: got 918, expected 1270
MISMATCH at beat 82: got 600, expected 1214
MISMATCH at beat 83: got 834, expected 859
MISMATCH at beat 84: got 1256, expected 937
MISMATCH at beat 85: got 1016, expected 1450
MISMATCH at beat 86: got 641, expected 696
MISMATCH at beat 87: got 994, expected 761
MISMATCH at beat 88: got 920, expected 379
MISMATCH at beat 89: got 1042, expected 1055
MISMATCH at beat 90: got 740, expected 640
MISMATCH at beat 91: got 955, expected 1218
MISMATCH at beat 92: got 1165, expected 1073
MISMATCH at beat 93: got 765, expected 1130
MISMATCH at beat 94: got 1081, expected 1018
MISMATCH at beat 95: got 431, expected 560
MISMATCH at beat 96: got 845, expected 435
MISMATCH at beat 97: got 783, expected 778
MISMATCH at beat 98: got 796, expected 803
MISMATCH at beat 99: got 486, expected 394
MISMATCH at beat 100: got 840, expected 316
MISMATCH at beat 101: got 1037, expected 703
MISMATCH at beat 102: got 682, expected 1499
MISMATCH at beat 103: got 1245, expected 1169
MISMATCH at beat 104: got 622, expected 724
MISMATCH at beat 105: got 866, expected 281
MISMATCH at beat 106: got 777, expected 370
MISMATCH at beat 107: got 949, expected 1159
MISMATCH at beat 108: got 695, expected 1251
MISMATCH at beat 109: got 1111, expected 953
MISMATCH at beat 110: got 764, expected 1005
MISMATCH at beat 111: got 513, expected 786
MISMATCH at beat 112: got 1231, expected 832
MISMATCH at beat 113: got 1053, expected 1216
MISMATCH at beat 114: got 616, expected 1090
MISMATCH at beat 115: got 1153, expected 1093
MISMATCH at beat 116: got 750, expected 1067
MISMATCH at beat 117: got 671, expected 1053
MISMATCH at beat 118: got 670, expected 914
MISMATCH at beat 119: got 902, expected 1200
MISMATCH at beat 120: got 956, expected 1193
MISMATCH at beat 121: got 1270, expected 1257
MISMATCH at beat 122: got 1169, expected 667
MISMATCH at beat 123: got 712, expected 681
MISMATCH at beat 124: got 1283, expected 764
MISMATCH at beat 125: got 893, expected 847
MISMATCH at beat 126: got 574, expected 1085
MISMATCH at beat 127: got 787, expected 892
MISMATCH at beat 128: got 1222, expected 1159
MISMATCH at beat 129: got 952, expected 1478
MISMATCH at beat 130: got 1190, expected 1148
MISMATCH at beat 131: got 662, expected 441
MISMATCH at beat 132: got 777, expected 167
MISMATCH at beat 133: got 764, expected 1026
MISMATCH at beat 134: got 577, expected 638
MISMATCH at beat 135: got 424, expected 674
MISMATCH at beat 136: got 934, expected 894
MISMATCH at beat 137: got 755, expected 843
MISMATCH at beat 138: got 779, expected 740
MISMATCH at beat 139: got 1045, expected 1199
MISMATCH at beat 140: got 986, expected 766
MISMATCH at beat 141: got 1038, expected 1104
MISMATCH at beat 142: got 1051, expected 1226
MISMATCH at beat 143: got 234, expected 1099
MISMATCH at beat 144: got 1199, expected 605
MISMATCH at beat 145: got 523, expected 1286
MISMATCH at beat 146: got 578, expected 1074
MISMATCH at beat 147: got 960, expected 936
MISMATCH at beat 148: got 931, expected 703
MISMATCH at beat 149: got 648, expected 1149
MISMATCH at beat 150: got 967, expected 949
MISMATCH at beat 151: got 745, expected 588
MISMATCH at beat 152: got 786, expected 1023
MISMATCH at beat 153: got 923, expected 555
MISMATCH at beat 154: got 757, expected 669
MISMATCH at beat 155: got 916, expected 449
MISMATCH at beat 156: got 701, expected 933
MISMATCH at beat 157: got 1252, expected 857
MISMATCH at beat 158: got 744, expected 1079
MISMATCH at beat 159: got 1227, expected 1229
MISMATCH at beat 160: got 1370, expected 1255
MISMATCH at beat 161: got 916, expected 907
MISMATCH at beat 162: got 1178, expected 940
MISMATCH at beat 163: got 1293, expected 998
MISMATCH at beat 164: got 1278, expected 1157
MISMATCH at beat 165: got 1106, expected 863
MISMATCH at beat 166: got 714, expected 595
MISMATCH at beat 167: got 890, expected 598
MISMATCH at beat 168: got 1185, expected 1160
MISMATCH at beat 169: got 490, expected 1005
MISMATCH at beat 170: got 807, expected 961
MISMATCH at beat 171: got 857, expected 519
MISMATCH at beat 172: got 813, expected 687
MISMATCH at beat 173: got 933, expected 841
MISMATCH at beat 174: got 1043, expected 1129
MISMATCH at beat 175: got 955, expected 1207
MISMATCH at beat 176: got 696, expected 689
MISMATCH at beat 177: got 1198, expected 1025
MISMATCH at beat 178: got 511, expected 578
MISMATCH at beat 179: got 520, expected 848
MISMATCH at beat 180: got 593, expected 1408
MISMATCH at beat 181: got 963, expected 781
MISMATCH at beat 182: got 784, expected 581
MISMATCH at beat 183: got 1044, expected 1393
MISMATCH at beat 184: got 613, expected 720
MISMATCH at beat 185: got 727, expected 983
MISMATCH at beat 186: got 943, expected 726
MISMATCH at beat 187: got 737, expected 575
MISMATCH at beat 188: got 989, expected 771
MISMATCH at beat 189: got 1393, expected 972
MISMATCH at beat 190: got 981, expected 615
MISMATCH at beat 191: got 704, expected 1149
MISMATCH at beat 192: got 463, expected 683
MISMATCH at beat 193: got 388, expected 1057
MISMATCH at beat 194: got 1322, expected 1415
MISMATCH at beat 195: got 903, expected 737
MISMATCH at beat 196: got 914, expected 224
MISMATCH at beat 197: got 908, expected 918
MISMATCH at beat 198: got 928, expected 1085
MISMATCH at beat 199: got 1044, expected 607
MISMATCH at beat 200: got 565, expected 1329
MISMATCH at beat 201: got 1096, expected 943
MISMATCH at beat 202: got 826, expected 1123
MISMATCH at beat 203: got 1019, expected 975
MISMATCH at beat 204: got 1003, expected 832
MISMATCH at beat 205: got 735, expected 1117
MISMATCH at beat 206: got 933, expected 837
MISMATCH at beat 207: got 1382, expected 1523
MISMATCH at beat 208: got 675, expected 1162
MISMATCH at beat 209: got 1031, expected 695
MISMATCH at beat 210: got 350, expected 874
MISMATCH at beat 211: got 1036, expected 1163
MISMATCH at beat 212: got 965, expected 833
MISMATCH at beat 213: got 498, expected 870
MISMATCH at beat 214: got 1026, expected 665
MISMATCH at beat 215: got 666, expected 557
MISMATCH at beat 216: got 852, expected 1206
MISMATCH at beat 217: got 521, expected 327
MISMATCH at beat 218: got 282, expected 1020
MISMATCH at beat 219: got 963, expected 996
MISMATCH at beat 220: got 456, expected 782
MISMATCH at beat 221: got 1273, expected 786
MISMATCH at beat 222: got 1395, expected 622
MISMATCH at beat 223: got 689, expected 1153
MISMATCH at beat 224: got 935, expected 1043
MISMATCH at beat 225: got 623, expected 882
MISMATCH at beat 226: got 735, expected 1196
MISMATCH at beat 227: got 831, expected 743
MISMATCH at beat 228: got 944, expected 1034
MISMATCH at beat 229: got 1230, expected 748
MISMATCH at beat 230: got 676, expected 600
MISMATCH at beat 231: got 857, expected 1188
MISMATCH at beat 232: got 901, expected 811
MISMATCH at beat 233: got 565, expected 574
MISMATCH at beat 234: got 936, expected 620
MISMATCH at beat 235: got 1055, expected 1069
MISMATCH at beat 236: got 1156, expected 557
MISMATCH at beat 237: got 313, expected 556
MISMATCH at beat 238: got 1488, expected 904
MISMATCH at beat 239: got 953, expected 1232
MISMATCH at beat 240: got 868, expected 1050
MISMATCH at beat 241: got 591, expected 820
MISMATCH at beat 242: got 826, expected 1010
MISMATCH at beat 243: got 703, expected 668
MISMATCH at beat 244: got 790, expected 941
MISMATCH at beat 245: got 439, expected 1056
MISMATCH at beat 246: got 1099, expected 478
MISMATCH at beat 247: got 1083, expected 1530
MISMATCH at beat 248: got 1215, expected 1029
MISMATCH at beat 249: got 1163, expected 698
MISMATCH at beat 250: got 1341, expected 907
MISMATCH at beat 251: got 1021, expected 1227
MISMATCH at beat 252: got 1152, expected 730
MISMATCH at beat 253: got 1107, expected 907
MISMATCH at beat 254: got 1079, expected 948
MISMATCH at beat 255: got 1104, expected 1023
MISMATCH at beat 256: got 680, expected 491
MISMATCH at beat 257: got 577, expected 860
MISMATCH at beat 258: got 410, expected 1005
MISMATCH at beat 259: got 1238, expected 778
MISMATCH at beat 260: got 902, expected 1142
MISMATCH at beat 261: got 1127, expected 1584
MISMATCH at beat 262: got 711, expected 299
MISMATCH at beat 263: got 1450, expected 1159
MISMATCH at beat 264: got 1026, expected 925
MISMATCH at beat 265: got 1029, expected 774
MISMATCH at beat 266: got 930, expected 907
MISMATCH at beat 267: got 720, expected 844
MISMATCH at beat 268: got 552, expected 718
MISMATCH at beat 269: got 1018, expected 1203
MISMATCH at beat 270: got 995, expected 726
MISMATCH at beat 271: got 929, expected 860
MISMATCH at beat 272: got 724, expected 814
MISMATCH at beat 273: got 228, expected 643
MISMATCH at beat 274: got 1107, expected 557
MISMATCH at beat 275: got 690, expected 956
MISMATCH at beat 276: got 960, expected 905
MISMATCH at beat 277: got 1174, expected 1414
MISMATCH at beat 278: got 572, expected 861
MISMATCH at beat 279: got 1000, expected 860
MISMATCH at beat 280: got 302, expected 575
MISMATCH at beat 281: got 970, expected 676
MISMATCH at beat 282: got 887, expected 1517
MISMATCH at beat 283: got 1259, expected 1351
MISMATCH at beat 284: got 1088, expected 724
MISMATCH at beat 285: got 560, expected 1025
MISMATCH at beat 286: got 1382, expected 870
MISMATCH at beat 287: got 1405, expected 845
MISMATCH at beat 288: got 665, expected 1282
MISMATCH at beat 289: got 1119, expected 1212
MISMATCH at beat 290: got 904, expected 530
MISMATCH at beat 291: got 405, expected 875
MISMATCH at beat 292: got 670, expected 679
MISMATCH at beat 293: got 728, expected 722
MISMATCH at beat 294: got 871, expected 707
MISMATCH at beat 295: got 896, expected 809
MISMATCH at beat 296: got 429, expected 920
MISMATCH at beat 297: got 300, expected 197
MISMATCH at beat 298: got 1033, expected 1093
MISMATCH at beat 299: got 603, expected 648
MISMATCH at beat 300: got 1001, expected 701
MISMATCH at beat 301: got 926, expected 1021
MISMATCH at beat 302: got 953, expected 1327
MISMATCH at beat 303: got 454, expected 471
MISMATCH at beat 304: got 1126, expected 566
MISMATCH at beat 305: got 876, expected 271
MISMATCH at beat 306: got 1082, expected 1043
MISMATCH at beat 307: got 1121, expected 1002
MISMATCH at beat 308: got 975, expected 842
MISMATCH at beat 309: got 1449, expected 829
MISMATCH at beat 310: got 606, expected 795
MISMATCH at beat 311: got 1221, expected 1115
MISMATCH at beat 312: got 400, expected 402
MISMATCH at beat 313: got 1031, expected 1390
MISMATCH at beat 314: got 991, expected 1136
MISMATCH at beat 315: got 1095, expected 1473
MISMATCH at beat 316: got 582, expected 653
MISMATCH at beat 317: got 762, expected 956
MISMATCH at beat 318: got 887, expected 1308
MISMATCH at beat 319: got 600, expected 1027
MISMATCH at beat 320: got 1127, expected 1311
MISMATCH at beat 321: got 823, expected 797
MISMATCH at beat 322: got 856, expected 749
MISMATCH at beat 323: got 273, expected 871
MISMATCH at beat 324: got 204, expected 808
MISMATCH at beat 325: got 756, expected 1246
MISMATCH at beat 326: got 717, expected 723
MISMATCH at beat 327: got 1081, expected 1193
MISMATCH at beat 328: got 1495, expected 1197
MISMATCH at beat 329: got 1391, expected 1017
MISMATCH at beat 330: got 507, expected 448
MISMATCH at beat 331: got 709, expected 373
MISMATCH at beat 332: got 1141, expected 805
MISMATCH at beat 333: got 829, expected 693
MISMATCH at beat 334: got 1233, expected 1000
MISMATCH at beat 335: got 824, expected 1048
MISMATCH at beat 336: got 990, expected 1026
MISMATCH at beat 337: got 655, expected 627
MISMATCH at beat 338: got 1013, expected 523
MISMATCH at beat 339: got 1416, expected 717
MISMATCH at beat 340: got 1105, expected 511
MISMATCH at beat 341: got 453, expected 526
MISMATCH at beat 342: got 1543, expected 993
MISMATCH at beat 343: got 1065, expected 986
MISMATCH at beat 344: got 440, expected 203
MISMATCH at beat 345: got 770, expected 710
MISMATCH at beat 346: got 862, expected 611
MISMATCH at beat 347: got 389, expected 1060
MISMATCH at beat 348: got 837, expected 1450
MISMATCH at beat 349: got 582, expected 510
MISMATCH at beat 350: got 892, expected 1185
MISMATCH at beat 351: got 1119, expected 428
MISMATCH at beat 352: got 457, expected 1001
MISMATCH at beat 353: got 541, expected 155
MISMATCH at beat 354: got 967, expected 439
MISMATCH at beat 355: got 787, expected 1147
MISMATCH at beat 356: got 863, expected 641
MISMATCH at beat 357: got 989, expected 1014
MISMATCH at beat 358: got 1317, expected 1313
MISMATCH at beat 359: got 1433, expected 1163
MISMATCH at beat 360: got 1066, expected 772
MISMATCH at beat 361: got 652, expected 423
MISMATCH at beat 362: got 1115, expected 801
MISMATCH at beat 363: got 565, expected 687
MISMATCH at beat 364: got 775, expected 957
MISMATCH at beat 365: got 875, expected 824
MISMATCH at beat 366: got 1032, expected 1321
MISMATCH at beat 367: got 1061, expected 923
MISMATCH at beat 368: got 1162, expected 994
MISMATCH at beat 369: got 1192, expected 725
MISMATCH at beat 370: got 948, expected 609
MISMATCH at beat 371: got 648, expected 1177
MISMATCH at beat 372: got 928, expected 793
MISMATCH at beat 373: got 1161, expected 1186
MISMATCH at beat 374: got 289, expected 393
MISMATCH at beat 375: got 548, expected 563
MISMATCH at beat 376: got 1034, expected 918
MISMATCH at beat 377: got 779, expected 1266
MISMATCH at beat 378: got 1012, expected 838
MISMATCH at beat 379: got 725, expected 1097
MISMATCH at beat 380: got 219, expected 371
MISMATCH at beat 381: got 934, expected 1119
MISMATCH at beat 382: got 1086, expected 838
MISMATCH at beat 383: got 1156, expected 819
MISMATCH at beat 384: got 675, expected 518
MISMATCH at beat 385: got 402, expected 356
MISMATCH at beat 386: got 1008, expected 627
MISMATCH at beat 387: got 1082, expected 805
MISMATCH at beat 388: got 930, expected 729
MISMATCH at beat 389: got 378, expected 1138
MISMATCH at beat 390: got 512, expected 676
MISMATCH at beat 391: got 852, expected 694
MISMATCH at beat 392: got 1007, expected 1347
MISMATCH at beat 393: got 320, expected 892
MISMATCH at beat 394: got 640, expected 1074
MISMATCH at beat 395: got 618, expected 777
MISMATCH at beat 396: got 1175, expected 855
MISMATCH at beat 397: got 722, expected 886
MISMATCH at beat 398: got 888, expected 920
MISMATCH at beat 399: got 730, expected 927
MISMATCH at beat 400: got 888, expected 565
MISMATCH at beat 401: got 681, expected 866
MISMATCH at beat 402: got 985, expected 1297
MISMATCH at beat 403: got 934, expected 1273
MISMATCH at beat 404: got 1099, expected 925
MISMATCH at beat 405: got 513, expected 750
MISMATCH at beat 406: got 989, expected 982
MISMATCH at beat 407: got 851, expected 858
MISMATCH at beat 408: got 1059, expected 1303
MISMATCH at beat 409: got 1054, expected 589
MISMATCH at beat 410: got 754, expected 328
MISMATCH at beat 411: got 697, expected 1156
MISMATCH at beat 412: got 320, expected 744
MISMATCH at beat 413: got 397, expected 779
MISMATCH at beat 414: got 1086, expected 1207
MISMATCH at beat 415: got 32, expected 689
MISMATCH at beat 416: got 981, expected 124
MISMATCH at beat 417: got 734, expected 801
MISMATCH at beat 418: got 300, expected 667
MISMATCH at beat 419: got 282, expected 896
MISMATCH at beat 420: got 748, expected 181
MISMATCH at beat 421: got 1000, expected 762
MISMATCH at beat 422: got 770, expected 750
MISMATCH at beat 423: got 444, expected 687
MISMATCH at beat 424: got 1170, expected 1242
MISMATCH at beat 425: got 1018, expected 769
MISMATCH at beat 426: got 645, expected 609
MISMATCH at beat 427: got 853, expected 898
MISMATCH at beat 428: got 1126, expected 1072
MISMATCH at beat 429: got 772, expected 1108
MISMATCH at beat 430: got 1149, expected 919
MISMATCH at beat 431: got 1138, expected 1256
MISMATCH at beat 432: got 849, expected 925
MISMATCH at beat 433: got 1380, expected 1205
MISMATCH at beat 434: got 1190, expected 1096
MISMATCH at beat 435: got 852, expected 961
MISMATCH at beat 436: got 695, expected 546
MISMATCH at beat 437: got 792, expected 587
MISMATCH at beat 438: got 282, expected 532
MISMATCH at beat 439: got 640, expected 933
MISMATCH at beat 440: got 750, expected 382
MISMATCH at beat 441: got 513, expected 835
MISMATCH at beat 442: got 524, expected 928
MISMATCH at beat 443: got 822, expected 989
MISMATCH at beat 444: got 543, expected 1010
MISMATCH at beat 445: got 462, expected 975
MISMATCH at beat 446: got 931, expected 687
MISMATCH at beat 447: got 881, expected 716
MISMATCH at beat 448: got 1246, expected 1204
MISMATCH at beat 449: got 707, expected 870
MISMATCH at beat 450: got 1430, expected 1086
MISMATCH at beat 451: got 663, expected 756
MISMATCH at beat 452: got 996, expected 632
MISMATCH at beat 453: got 1019, expected 1008
MISMATCH at beat 454: got 1109, expected 283
MISMATCH at beat 455: got 673, expected 433
MISMATCH at beat 456: got 503, expected 1174
MISMATCH at beat 457: got 926, expected 437
MISMATCH at beat 458: got 1406, expected 1595
MISMATCH at beat 459: got 1218, expected 724
MISMATCH at beat 460: got 1192, expected 1300
MISMATCH at beat 461: got 865, expected 547
MISMATCH at beat 462: got 1545, expected 735
MISMATCH at beat 463: got 1484, expected 771
MISMATCH at beat 464: got 961, expected 1107
MISMATCH at beat 465: got 925, expected 816
MISMATCH at beat 466: got 674, expected 776
MISMATCH at beat 467: got 406, expected 987
MISMATCH at beat 468: got 484, expected 596
MISMATCH at beat 469: got 934, expected 798
MISMATCH at beat 470: got 248, expected 743
MISMATCH at beat 471: got 894, expected 1090
MISMATCH at beat 472: got 1107, expected 927
MISMATCH at beat 473: got 675, expected 1087
MISMATCH at beat 474: got 823, expected 591
MISMATCH at beat 475: got 822, expected 844
MISMATCH at beat 476: got 325, expected 997
MISMATCH at beat 477: got 919, expected 764
MISMATCH at beat 478: got 1152, expected 789
MISMATCH at beat 479: got 333, expected 949
MISMATCH at beat 480: got 407, expected 637
MISMATCH at beat 481: got 822, expected 282
MISMATCH at beat 482: got 560, expected 785
MISMATCH at beat 483: got 349, expected 692
MISMATCH at beat 484: got 771, expected 823
MISMATCH at beat 485: got 337, expected 524
MISMATCH at beat 486: got 1284, expected 935
MISMATCH at beat 487: got 566, expected 959
MISMATCH at beat 488: got 649, expected 881
MISMATCH at beat 489: got 710, expected 879
MISMATCH at beat 490: got 996, expected 722
MISMATCH at beat 491: got 999, expected 937
MISMATCH at beat 492: got 1055, expected 1110
MISMATCH at beat 493: got 774, expected 645
MISMATCH at beat 494: got 1244, expected 764
MISMATCH at beat 495: got 910, expected 1402
MISMATCH at beat 496: got 823, expected 561
MISMATCH at beat 497: got 1070, expected 1441
MISMATCH at beat 498: got 1188, expected 1250
MISMATCH at beat 499: got 1160, expected 1070
MISMATCH at beat 500: got 1002, expected 1112
MISMATCH at beat 501: got 424, expected 695
MISMATCH at beat 502: got 916, expected 470
MISMATCH at beat 503: got 1222, expected 884
MISMATCH at beat 504: got 819, expected 1149
MISMATCH at beat 505: got 1090, expected 1158
MISMATCH at beat 506: got 1175, expected 845
MISMATCH at beat 507: got 1020, expected 1598
MISMATCH at beat 508: got 1056, expected 712
MISMATCH at beat 509: got 215, expected 773
MISMATCH at beat 510: got 999, expected 592
MISMATCH at beat 511: got 1249, expected 1378
MISMATCH at beat 512: got 689, expected 1330
MISMATCH at beat 513: got 957, expected 382
MISMATCH at beat 514: got 945, expected 361
MISMATCH at beat 515: got 1007, expected 1268
MISMATCH at beat 516: got 1120, expected 841
MISMATCH at beat 517: got 896, expected 401
MISMATCH at beat 518: got 957, expected 956
MISMATCH at beat 519: got 1205, expected 1012
MISMATCH at beat 520: got 246, expected 721
MISMATCH at beat 521: got 1040, expected 722
MISMATCH at beat 522: got 1014, expected 668
MISMATCH at beat 523: got 1379, expected 756
MISMATCH at beat 524: got 896, expected 750
MISMATCH at beat 525: got 970, expected 182
MISMATCH at beat 526: got 916, expected 970
MISMATCH at beat 527: got 1299, expected 1199
MISMATCH at beat 528: got 671, expected 545
MISMATCH at beat 529: got 851, expected 739
MISMATCH at beat 530: got 1072, expected 1114
MISMATCH at beat 531: got 1206, expected 1427
MISMATCH at beat 532: got 1146, expected 1231
MISMATCH at beat 533: got 905, expected 932
MISMATCH at beat 534: got 1185, expected 784
MISMATCH at beat 535: got 776, expected 312
MISMATCH at beat 536: got 1156, expected 1023
MISMATCH at beat 537: got 1063, expected 1004
MISMATCH at beat 538: got 868, expected 835
MISMATCH at beat 539: got 274, expected 882
MISMATCH at beat 540: got 866, expected 687
MISMATCH at beat 541: got 1074, expected 948
MISMATCH at beat 542: got 582, expected 474
MISMATCH at beat 543: got 747, expected 755
MISMATCH at beat 544: got 1108, expected 1377
MISMATCH at beat 545: got 1232, expected 1026
MISMATCH at beat 546: got 680, expected 588
MISMATCH at beat 547: got 899, expected 559
MISMATCH at beat 548: got 1185, expected 871
MISMATCH at beat 549: got 1138, expected 1380
MISMATCH at beat 550: got 1070, expected 776
MISMATCH at beat 551: got 961, expected 937
MISMATCH at beat 552: got 1190, expected 1026
MISMATCH at beat 553: got 837, expected 779
MISMATCH at beat 554: got 638, expected 713
MISMATCH at beat 555: got 781, expected 796
MISMATCH at beat 556: got 513, expected 555
MISMATCH at beat 557: got 638, expected 855
MISMATCH at beat 558: got 841, expected 826
MISMATCH at beat 559: got 428, expected 1266
MISMATCH at beat 560: got 1558, expected 941
MISMATCH at beat 561: got 959, expected 672
MISMATCH at beat 562: got 967, expected 1127
MISMATCH at beat 563: got 232, expected 587
MISMATCH at beat 564: got 1106, expected 748
MISMATCH at beat 565: got 499, expected 830
MISMATCH at beat 566: got 688, expected 475
MISMATCH at beat 567: got 1188, expected 868
MISMATCH at beat 568: got 1031, expected 1221
MISMATCH at beat 569: got 1139, expected 1530
MISMATCH at beat 570: got 770, expected 642
MISMATCH at beat 571: got 812, expected 1019
MISMATCH at beat 572: got 694, expected 540
MISMATCH at beat 573: got 1363, expected 971
MISMATCH at beat 574: got 1121, expected 719
MISMATCH at beat 575: got 674, expected 1045
MISMATCH at beat 576: got 708, expected 684
MISMATCH at beat 577: got 1296, expected 1189
MISMATCH at beat 578: got 989, expected 864
MISMATCH at beat 579: got 576, expected 452
MISMATCH at beat 580: got 1384, expected 1177
MISMATCH at beat 581: got 564, expected 1111
MISMATCH at beat 582: got 946, expected 849
MISMATCH at beat 583: got 838, expected 1039
MISMATCH at beat 584: got 1319, expected 569
MISMATCH at beat 585: got 306, expected 972
MISMATCH at beat 586: got 1279, expected 940
MISMATCH at beat 587: got 763, expected 438
MISMATCH at beat 588: got 690, expected 696
MISMATCH at beat 589: got 449, expected 1055
MISMATCH at beat 590: got 1568, expected 1459
MISMATCH at beat 591: got 792, expected 360
MISMATCH at beat 592: got 1586, expected 1049
MISMATCH at beat 593: got 871, expected 532
MISMATCH at beat 594: got 442, expected 891
MISMATCH at beat 595: got 1427, expected 433
MISMATCH at beat 596: got 1258, expected 1087
MISMATCH at beat 597: got 890, expected 131
MISMATCH at beat 598: got 1055, expected 923
MISMATCH at beat 599: got 657, expected 551
MISMATCH at beat 600: got 981, expected 843
MISMATCH at beat 601: got 1038, expected 1397
MISMATCH at beat 602: got 723, expected 719
MISMATCH at beat 603: got 212, expected 897
MISMATCH at beat 604: got 698, expected 1092
MISMATCH at beat 605: got 1273, expected 1334
MISMATCH at beat 606: got 866, expected 807
MISMATCH at beat 607: got 1241, expected 1093
MISMATCH at beat 608: got 895, expected 1131
MISMATCH at beat 609: got 1050, expected 1213
MISMATCH at beat 610: got 606, expected 930
MISMATCH at beat 611: got 534, expected 837
MISMATCH at beat 612: got 567, expected 1349
MISMATCH at beat 613: got 483, expected 578
MISMATCH at beat 614: got 925, expected 990
MISMATCH at beat 615: got 1455, expected 1114
MISMATCH at beat 616: got 798, expected 1335
MISMATCH at beat 617: got 1087, expected 1384
MISMATCH at beat 618: got 617, expected 1361
MISMATCH at beat 619: got 863, expected 781
MISMATCH at beat 620: got 635, expected 650
MISMATCH at beat 621: got 955, expected 1194
MISMATCH at beat 622: got 1194, expected 1315
MISMATCH at beat 623: got 1158, expected 968
MISMATCH at beat 624: got 819, expected 343
MISMATCH at beat 625: got 817, expected 376
MISMATCH at beat 626: got 698, expected 588
MISMATCH at beat 627: got 1066, expected 892
MISMATCH at beat 628: got 834, expected 594
MISMATCH at beat 629: got 338, expected 753
MISMATCH at beat 630: got 853, expected 501
MISMATCH at beat 631: got 696, expected 915
MISMATCH at beat 632: got 642, expected 713
MISMATCH at beat 633: got 1093, expected 793
MISMATCH at beat 634: got 395, expected 485
MISMATCH at beat 635: got 985, expected 1096
MISMATCH at beat 636: got 936, expected 968
MISMATCH at beat 637: got 977, expected 459
MISMATCH at beat 638: got 664, expected 459
MISMATCH at beat 639: got 378, expected 675
MISMATCH at beat 640: got 1307, expected 984
MISMATCH at beat 641: got 1455, expected 1160
MISMATCH at beat 642: got 779, expected 878
MISMATCH at beat 643: got 1088, expected 1308
MISMATCH at beat 644: got 683, expected 1001
MISMATCH at beat 645: got 1231, expected 793
MISMATCH at beat 646: got 644, expected 931
MISMATCH at beat 647: got 620, expected 456
MISMATCH at beat 648: got 1358, expected 572
MISMATCH at beat 649: got 642, expected 740
MISMATCH at beat 650: got 775, expected 668
MISMATCH at beat 651: got 583, expected 777
MISMATCH at beat 652: got 372, expected 945
MISMATCH at beat 653: got 483, expected 787
MISMATCH at beat 654: got 969, expected 886
MISMATCH at beat 655: got 223, expected 101
MISMATCH at beat 656: got 975, expected 1306
MISMATCH at beat 657: got 909, expected 1250
MISMATCH at beat 658: got 1171, expected 948
MISMATCH at beat 659: got 949, expected 1234
MISMATCH at beat 660: got 194, expected 492
MISMATCH at beat 661: got 823, expected 308
MISMATCH at beat 662: got 1347, expected 967
MISMATCH at beat 663: got 1291, expected 1274
MISMATCH at beat 664: got 1122, expected 729
MISMATCH at beat 665: got 874, expected 285
MISMATCH at beat 666: got 1142, expected 1463
MISMATCH at beat 667: got 801, expected 937
MISMATCH at beat 668: got 686, expected 1009
MISMATCH at beat 669: got 1011, expected 905
MISMATCH at beat 670: got 894, expected 311
MISMATCH at beat 671: got 707, expected 893
MISMATCH at beat 672: got 792, expected 391
MISMATCH at beat 673: got 513, expected 696
MISMATCH at beat 674: got 897, expected 970
MISMATCH at beat 675: got 807, expected 637
MISMATCH at beat 676: got 822, expected 882
MISMATCH at beat 677: got 1496, expected 1596
MISMATCH at beat 678: got 542, expected 1311
MISMATCH at beat 679: got 1319, expected 1588
MISMATCH at beat 680: got 439, expected 828
MISMATCH at beat 681: got 742, expected 1302
MISMATCH at beat 682: got 1038, expected 1421
MISMATCH at beat 683: got 489, expected 268
MISMATCH at beat 684: got 1103, expected 1403
MISMATCH at beat 685: got 1096, expected 1306
MISMATCH at beat 686: got 820, expected 699
MISMATCH at beat 687: got 1090, expected 963
MISMATCH at beat 688: got 733, expected 835
MISMATCH at beat 689: got 1008, expected 1009
MISMATCH at beat 690: got 630, expected 1045
MISMATCH at beat 691: got 1334, expected 974
MISMATCH at beat 692: got 797, expected 354
MISMATCH at beat 693: got 1260, expected 1065
MISMATCH at beat 694: got 937, expected 635
MISMATCH at beat 695: got 1108, expected 532
MISMATCH at beat 696: got 701, expected 504
MISMATCH at beat 697: got 947, expected 652
MISMATCH at beat 698: got 1421, expected 1271
MISMATCH at beat 699: got 1181, expected 727
MISMATCH at beat 700: got 883, expected 917
MISMATCH at beat 701: got 1326, expected 993
MISMATCH at beat 702: got 806, expected 1346
MISMATCH at beat 703: got 1047, expected 912
MISMATCH at beat 704: got 449, expected 89
MISMATCH at beat 705: got 593, expected 232
MISMATCH at beat 706: got 530, expected 1126
MISMATCH at beat 707: got 1162, expected 389
MISMATCH at beat 708: got 1096, expected 1223
MISMATCH at beat 709: got 1425, expected 866
MISMATCH at beat 710: got 717, expected 604
MISMATCH at beat 711: got 982, expected 1506
MISMATCH at beat 712: got 653, expected 795
MISMATCH at beat 713: got 577, expected 1359
MISMATCH at beat 714: got 737, expected 445
MISMATCH at beat 715: got 394, expected 948
MISMATCH at beat 716: got 552, expected 704
MISMATCH at beat 717: got 727, expected 1337
MISMATCH at beat 718: got 1209, expected 1065
MISMATCH at beat 719: got 564, expected 1077
MISMATCH at beat 720: got 720, expected 648
MISMATCH at beat 721: got 1043, expected 988
MISMATCH at beat 722: got 1025, expected 609
MISMATCH at beat 723: got 1244, expected 1189
MISMATCH at beat 724: got 681, expected 827
MISMATCH at beat 725: got 610, expected 754
MISMATCH at beat 726: got 620, expected 458
MISMATCH at beat 727: got 1026, expected 970
MISMATCH at beat 728: got 254, expected 666
MISMATCH at beat 729: got 504, expected 821
MISMATCH at beat 730: got 1073, expected 1040
MISMATCH at beat 731: got 914, expected 724
MISMATCH at beat 732: got 190, expected 526
MISMATCH at beat 733: got 929, expected 1020
MISMATCH at beat 734: got 795, expected 1359
MISMATCH at beat 735: got 1277, expected 1192
MISMATCH at beat 736: got 699, expected 497
MISMATCH at beat 737: got 682, expected 803
MISMATCH at beat 738: got 933, expected 770
MISMATCH at beat 739: got 703, expected 885
MISMATCH at beat 740: got 667, expected 1215
MISMATCH at beat 741: got 975, expected 957
MISMATCH at beat 742: got 1208, expected 607
MISMATCH at beat 743: got 982, expected 637
MISMATCH at beat 744: got 376, expected 647
MISMATCH at beat 745: got 624, expected 986
MISMATCH at beat 746: got 833, expected 893
MISMATCH at beat 747: got 618, expected 615
MISMATCH at beat 748: got 1073, expected 807
MISMATCH at beat 749: got 1273, expected 999
MISMATCH at beat 750: got 639, expected 607
MISMATCH at beat 751: got 927, expected 991
MISMATCH at beat 752: got 674, expected 737
MISMATCH at beat 753: got 586, expected 583
MISMATCH at beat 754: got 803, expected 140
MISMATCH at beat 755: got 1247, expected 683
MISMATCH at beat 756: got 616, expected 413
MISMATCH at beat 757: got 971, expected 1152
MISMATCH at beat 758: got 1197, expected 1291
MISMATCH at beat 759: got 948, expected 978
MISMATCH at beat 760: got 835, expected 474
MISMATCH at beat 761: got 1253, expected 813
MISMATCH at beat 762: got 909, expected 528
MISMATCH at beat 763: got 585, expected 319
MISMATCH at beat 764: got 652, expected 966
MISMATCH at beat 765: got 331, expected 694
MISMATCH at beat 766: got 1317, expected 1325
MISMATCH at beat 767: got 1416, expected 1041
MISMATCH at beat 768: got 700, expected 457
MISMATCH at beat 769: got 929, expected 878
MISMATCH at beat 770: got 810, expected 669
MISMATCH at beat 771: got 907, expected 367
MISMATCH at beat 772: got 1372, expected 1434
MISMATCH at beat 773: got 993, expected 990
MISMATCH at beat 774: got 1409, expected 908
MISMATCH at beat 775: got 942, expected 1267
MISMATCH at beat 776: got 800, expected 1046
MISMATCH at beat 777: got 412, expected 995
MISMATCH at beat 778: got 1094, expected 752
MISMATCH at beat 779: got 869, expected 735
MISMATCH at beat 780: got 622, expected 894
MISMATCH at beat 781: got 708, expected 1433
MISMATCH at beat 782: got 832, expected 714
MISMATCH at beat 783: got 635, expected 564
MISMATCH at beat 784: got 899, expected 1185
MISMATCH at beat 785: got 970, expected 961
MISMATCH at beat 786: got 1267, expected 758
MISMATCH at beat 787: got 381, expected 194
MISMATCH at beat 788: got 1111, expected 1141
MISMATCH at beat 789: got 856, expected 356
MISMATCH at beat 790: got 1281, expected 993
MISMATCH at beat 791: got 764, expected 572
MISMATCH at beat 792: got 476, expected 413
MISMATCH at beat 793: got 1012, expected 1303
MISMATCH at beat 794: got 1042, expected 289
MISMATCH at beat 795: got 453, expected 586
MISMATCH at beat 796: got 656, expected 1156
MISMATCH at beat 797: got 819, expected 528
MISMATCH at beat 798: got 1395, expected 1388
MISMATCH at beat 799: got 638, expected 586
MISMATCH at beat 800: got 1406, expected 1408
MISMATCH at beat 801: got 659, expected 1055
MISMATCH at beat 802: got 1022, expected 826
MISMATCH at beat 803: got 1083, expected 886
MISMATCH at beat 804: got 567, expected 1299
MISMATCH at beat 805: got 733, expected 370
MISMATCH at beat 806: got 669, expected 807
MISMATCH at beat 807: got 805, expected 718
MISMATCH at beat 808: got 660, expected 873
MISMATCH at beat 809: got 978, expected 1484
MISMATCH at beat 810: got 1218, expected 350
MISMATCH at beat 811: got 1094, expected 613
MISMATCH at beat 812: got 468, expected 553
MISMATCH at beat 814: got 409, expected 426
MISMATCH at beat 815: got 840, expected 516
MISMATCH at beat 816: got 1131, expected 667
MISMATCH at beat 817: got 1127, expected 1148
MISMATCH at beat 818: got 708, expected 546
MISMATCH at beat 819: got 988, expected 970
MISMATCH at beat 820: got 910, expected 1265
MISMATCH at beat 821: got 496, expected 620
MISMATCH at beat 822: got 1107, expected 935
MISMATCH at beat 823: got 543, expected 639
MISMATCH at beat 824: got 553, expected 537
MISMATCH at beat 825: got 557, expected 495
MISMATCH at beat 826: got 958, expected 898
MISMATCH at beat 827: got 790, expected 814
MISMATCH at beat 828: got 500, expected 701
MISMATCH at beat 829: got 1582, expected 1279
MISMATCH at beat 830: got 1396, expected 590
MISMATCH at beat 831: got 850, expected 801
MISMATCH at beat 832: got 775, expected 753
MISMATCH at beat 833: got 944, expected 1092
MISMATCH at beat 834: got 730, expected 883
MISMATCH at beat 835: got 692, expected 991
MISMATCH at beat 836: got 1228, expected 1092
MISMATCH at beat 837: got 651, expected 538
MISMATCH at beat 838: got 882, expected 1064
MISMATCH at beat 839: got 1151, expected 905
MISMATCH at beat 840: got 734, expected 358
MISMATCH at beat 841: got 911, expected 1060
MISMATCH at beat 842: got 1251, expected 770
MISMATCH at beat 843: got 611, expected 975
MISMATCH at beat 844: got 1259, expected 961
MISMATCH at beat 845: got 1385, expected 989
MISMATCH at beat 846: got 1089, expected 664
MISMATCH at beat 847: got 1536, expected 1083
MISMATCH at beat 848: got 1025, expected 1133
MISMATCH at beat 849: got 1262, expected 993
MISMATCH at beat 850: got 693, expected 955
MISMATCH at beat 851: got 78, expected 792
MISMATCH at beat 852: got 966, expected 1134
MISMATCH at beat 853: got 1152, expected 959
MISMATCH at beat 854: got 1318, expected 1060
MISMATCH at beat 855: got 1114, expected 794
MISMATCH at beat 856: got 868, expected 830
MISMATCH at beat 857: got 643, expected 857
MISMATCH at beat 858: got 992, expected 845
MISMATCH at beat 859: got 1086, expected 842
MISMATCH at beat 860: got 774, expected 951
MISMATCH at beat 861: got 837, expected 961
MISMATCH at beat 862: got 1056, expected 1263
MISMATCH at beat 863: got 1244, expected 955
MISMATCH at beat 864: got 1162, expected 901
MISMATCH at beat 865: got 89, expected 725
MISMATCH at beat 866: got 1230, expected 1153
MISMATCH at beat 867: got 1019, expected 1109
MISMATCH at beat 868: got 995, expected 957
MISMATCH at beat 869: got 945, expected 881
MISMATCH at beat 870: got 832, expected 815
MISMATCH at beat 871: got 624, expected 356
MISMATCH at beat 872: got 1106, expected 1157
MISMATCH at beat 873: got 853, expected 1027
MISMATCH at beat 874: got 1118, expected 631
MISMATCH at beat 875: got 1240, expected 1174
MISMATCH at beat 876: got 1236, expected 840
MISMATCH at beat 877: got 924, expected 693
MISMATCH at beat 878: got 603, expected 835
MISMATCH at beat 879: got 470, expected 931
MISMATCH at beat 880: got 619, expected 464
MISMATCH at beat 881: got 937, expected 715
MISMATCH at beat 882: got 575, expected 834
MISMATCH at beat 883: got 823, expected 440
MISMATCH at beat 884: got 812, expected 647
MISMATCH at beat 885: got 1407, expected 574
MISMATCH at beat 886: got 802, expected 786
MISMATCH at beat 887: got 1258, expected 1255
MISMATCH at beat 888: got 589, expected 666
MISMATCH at beat 889: got 1314, expected 1151
MISMATCH at beat 890: got 1399, expected 821
MISMATCH at beat 891: got 808, expected 755
MISMATCH at beat 892: got 1270, expected 1281
MISMATCH at beat 893: got 720, expected 1037
MISMATCH at beat 894: got 941, expected 1283
MISMATCH at beat 895: got 1049, expected 639
MISMATCH at beat 896: got 1282, expected 590
MISMATCH at beat 897: got 871, expected 1060
MISMATCH at beat 898: got 1001, expected 99
MISMATCH at beat 899: got 713, expected 1005
MISMATCH at beat 900: got 1196, expected 991
MISMATCH at beat 901: got 486, expected 992
MISMATCH at beat 902: got 867, expected 508
MISMATCH at beat 903: got 496, expected 690
MISMATCH at beat 904: got 952, expected 1253
MISMATCH at beat 905: got 636, expected 750
MISMATCH at beat 906: got 891, expected 694
MISMATCH at beat 907: got 499, expected 982
MISMATCH at beat 908: got 698, expected 1473
MISMATCH at beat 909: got 950, expected 897
MISMATCH at beat 910: got 604, expected 712
MISMATCH at beat 911: got 513, expected 811
MISMATCH at beat 912: got 960, expected 320
MISMATCH at beat 913: got 1027, expected 972
MISMATCH at beat 914: got 1047, expected 1176
MISMATCH at beat 915: got 958, expected 937
MISMATCH at beat 916: got 523, expected 947
MISMATCH at beat 917: got 749, expected 1051
MISMATCH at beat 918: got 720, expected 1198
MISMATCH at beat 919: got 1416, expected 1297
MISMATCH at beat 920: got 760, expected 1052
MISMATCH at beat 921: got 481, expected 549
MISMATCH at beat 922: got 767, expected 1099
MISMATCH at beat 923: got 1047, expected 960
MISMATCH at beat 924: got 1413, expected 1077
MISMATCH at beat 925: got 293, expected 1016
MISMATCH at beat 926: got 485, expected 750
MISMATCH at beat 927: got 819, expected 872
MISMATCH at beat 928: got 823, expected 626
MISMATCH at beat 929: got 1359, expected 1168
MISMATCH at beat 930: got 813, expected 1395
MISMATCH at beat 931: got 880, expected 837
MISMATCH at beat 932: got 1046, expected 711
MISMATCH at beat 933: got 1305, expected 1192
MISMATCH at beat 934: got 530, expected 656
MISMATCH at beat 935: got 1230, expected 719
MISMATCH at beat 936: got 977, expected 593
MISMATCH at beat 937: got 380, expected 501
MISMATCH at beat 938: got 465, expected 637
MISMATCH at beat 939: got 1011, expected 881
MISMATCH at beat 940: got 504, expected 646
MISMATCH at beat 941: got 1009, expected 1045
MISMATCH at beat 942: got 616, expected 727
MISMATCH at beat 943: got 1149, expected 836
MISMATCH at beat 944: got 245, expected 340
MISMATCH at beat 945: got 1440, expected 1515
MISMATCH at beat 946: got 1060, expected 1341
MISMATCH at beat 947: got 903, expected 955
MISMATCH at beat 948: got 970, expected 638
MISMATCH at beat 949: got 704, expected 616
MISMATCH at beat 950: got 1452, expected 1210
MISMATCH at beat 951: got 763, expected 798
MISMATCH at beat 952: got 1012, expected 661
MISMATCH at beat 953: got 713, expected 431
MISMATCH at beat 954: got 530, expected 682
MISMATCH at beat 955: got 897, expected 1018
MISMATCH at beat 956: got 783, expected 823
MISMATCH at beat 957: got 1234, expected 1225
MISMATCH at beat 958: got 819, expected 916
MISMATCH at beat 959: got 331, expected 262
MISMATCH at beat 960: got 534, expected 638
MISMATCH at beat 961: got 385, expected 470
MISMATCH at beat 962: got 1371, expected 778
MISMATCH at beat 963: got 509, expected 1036
MISMATCH at beat 964: got 1275, expected 764
MISMATCH at beat 965: got 872, expected 875
MISMATCH at beat 966: got 1465, expected 1088
MISMATCH at beat 967: got 1118, expected 627
MISMATCH at beat 968: got 872, expected 815
MISMATCH at beat 969: got 861, expected 525
MISMATCH at beat 970: got 925, expected 282
MISMATCH at beat 971: got 538, expected 627
MISMATCH at beat 972: got 520, expected 512
MISMATCH at beat 973: got 975, expected 604
MISMATCH at beat 974: got 904, expected 701
MISMATCH at beat 975: got 550, expected 677
MISMATCH at beat 976: got 1282, expected 898
MISMATCH at beat 977: got 826, expected 561
MISMATCH at beat 978: got 819, expected 712
MISMATCH at beat 979: got 830, expected 868
MISMATCH at beat 980: got 807, expected 693
MISMATCH at beat 981: got 646, expected 1101
MISMATCH at beat 982: got 213, expected 743
MISMATCH at beat 983: got 1007, expected 296
MISMATCH at beat 984: got 1220, expected 1392
MISMATCH at beat 985: got 1241, expected 911
MISMATCH at beat 986: got 201, expected 819
MISMATCH at beat 987: got 1229, expected 760
MISMATCH at beat 988: got 639, expected 604
MISMATCH at beat 989: got 1186, expected 1447
MISMATCH at beat 990: got 1216, expected 745
MISMATCH at beat 991: got 814, expected 809
MISMATCH at beat 992: got 418, expected 930
MISMATCH at beat 993: got 483, expected 1155
MISMATCH at beat 994: got 706, expected 933
MISMATCH at beat 995: got 938, expected 346
MISMATCH at beat 996: got 1421, expected 1162
MISMATCH at beat 997: got 1005, expected 1393
MISMATCH at beat 998: got 623, expected 843
MISMATCH at beat 999: got 770, expected 405
ERROR [HLS SIM]: an hls::stream is read while empty, which may result in RTL simulation hanging.
If this is not expected, execute C simulation in debug mode in the GUI and examine the source code location of the blocked hls::stream::read() call to debug.
If this is expected, add -DALLOW_EMPTY_HLS_STREAM_READS to -cflags to turn this error into a warning and allow empty hls::stream reads to return the default value for the data type.
@E Simulation failed with unknown error: child killed: SIGABRT
ERROR: [SIM 211-100] CSim failed with errors.
INFO: [SIM 211-3] *************** CSIM finish ***************
ERROR: CSIM Failed
INFO: [HLS 200-112] Total CPU user time: 5.11 seconds. Total CPU system time: 0.85 seconds. Total elapsed time: 6.94 seconds; peak allocated memory: 630.590 MB.
