  **** HLS Build v2025.2 6295257
INFO: [HLS 200-2005] Using work_dir /home/MakerIris/Documents/FPGA_Audio_Mix/FPGA_Mix_Hardware/FPGA_Mix_Hardware 
INFO: [HLS 200-2176] Writing Vitis IDE component file /home/MakerIris/Documents/FPGA_Audio_Mix/FPGA_Mix_Hardware/FPGA_Mix_Hardware/vitis-comp.json
INFO: [HLS 200-10] Creating and opening component '/home/MakerIris/Documents/FPGA_Audio_Mix/FPGA_Mix_Hardware/FPGA_Mix_Hardware'.
INFO: [HLS 200-1505] Using default flow_target 'vivado'
Resolution: For help on HLS 200-1505 see docs.amd.com/access/sources/dita/topic?Doc_Version=2025.2%20English&url=ug1448-hls-guidance&resourceid=200-1505.html
INFO: [HLS 200-2174] Applying component config ini file hls_config.cfg
WARNING: [HLS 200-2001] file not found 'hw_mixer_tb.cpp' see [hls] from hls_config.cfg(8)
INFO: [HLS 200-1465] Applying config ini 'syn.file=hw_mixer.cpp' from hls_config.cfg(10)
INFO: [HLS 200-10] Adding design file '/home/MakerIris/Documents/FPGA_Audio_Mix/FPGA_Mix_Hardware/hw_mixer.cpp' to the project
INFO: [HLS 200-1465] Applying config ini 'syn.file=hw_mixer.h' from hls_config.cfg(11)
INFO: [HLS 200-10] Adding design file '/home/MakerIris/Documents/FPGA_Audio_Mix/FPGA_Mix_Hardware/hw_mixer.h' to the project
INFO: [HLS 200-1465] Applying config ini 'tb.file=hw_mixer_tb.cpp' from hls_config.cfg(8)
WARNING: [HLS 200-40] Cannot find test bench file 'hw_mixer_tb.cpp'
INFO: [HLS 200-1465] Applying config ini 'tb.file=mixer_tb.cpp' from hls_config.cfg(9)
INFO: [HLS 200-10] Adding test bench file '/home/MakerIris/Documents/FPGA_Audio_Mix/FPGA_Mix_Hardware/mixer_tb.cpp' to the project
INFO: [HLS 200-1465] Applying config ini 'syn.top=mixer' from hls_config.cfg(7)
INFO: [HLS 200-1465] Applying config ini 'flow_target=vivado' from hls_config.cfg(4)
INFO: [HLS 200-1505] Using flow_target 'vivado'
Resolution: For help on HLS 200-1505 see docs.amd.com/access/sources/dita/topic?Doc_Version=2025.2%20English&url=ug1448-hls-guidance&resourceid=200-1505.html
INFO: [HLS 200-1465] Applying config ini 'part=xczu3eg-sfvc784-2-e' from hls_config.cfg(1)
INFO: [HLS 200-1611] Setting target device to 'xczu3eg-sfvc784-2-e'
INFO: [HLS 200-1465] Applying config ini 'package.output.format=ip_catalog' from hls_config.cfg(5)
INFO: [HLS 200-2176] Writing Vitis IDE component file /home/MakerIris/Documents/FPGA_Audio_Mix/FPGA_Mix_Hardware/FPGA_Mix_Hardware/vitis-comp.json
INFO: [HLS 200-111] Finished File checks and directory preparation: CPU user time: 5.43 seconds. CPU system time: 0.91 seconds. Elapsed time: 6.39 seconds; current allocated memory: 630.586 MB.
INFO: [HLS 200-2191] C-Synthesis will use clang-16 as the compiler
INFO: [HLS 200-10] Analyzing design file 'hw_mixer.cpp' ... 
INFO: [HLS 200-111] Finished Source Code Analysis and Preprocessing: CPU user time: 6.83 seconds. CPU system time: 0.83 seconds. Elapsed time: 8.14 seconds; current allocated memory: 632.121 MB.
INFO: [HLS 200-777] Using interface defaults for 'Vivado' flow target.
INFO: [HLS 200-1995] There were 4,166 instructions in the design after the 'Compile/Link' phase of compilation. See the Design Size Report for more details (/home/MakerIris/Documents/FPGA_Audio_Mix/FPGA_Mix_Hardware/FPGA_Mix_Hardware/hls/syn/report/csynth_design_size.rpt:2)
INFO: [HLS 200-1995] There were 1,209 instructions in the design after the 'Unroll/Inline (step 1)' phase of compilation. See the Design Size Report for more details (/home/MakerIris/Documents/FPGA_Audio_Mix/FPGA_Mix_Hardware/FPGA_Mix_Hardware/hls/syn/report/csynth_design_size.rpt:2)
INFO: [HLS 200-1995] There were 1,027 instructions in the design after the 'Unroll/Inline (step 2)' phase of compilation. See the Design Size Report for more details (/home/MakerIris/Documents/FPGA_Audio_Mix/FPGA_Mix_Hardware/FPGA_Mix_Hardware/hls/syn/report/csynth_design_size.rpt:2)
INFO: [HLS 200-1995] There were 992 instructions in the design after the 'Unroll/Inline (step 3)' phase of compilation. See the Design Size Report for more details (/home/MakerIris/Documents/FPGA_Audio_Mix/FPGA_Mix_Hardware/FPGA_Mix_Hardware/hls/syn/report/csynth_design_size.rpt:2)
INFO: [HLS 200-1995] There were 575 instructions in the design after the 'Unroll/Inline (step 4)' phase of compilation. See the Design Size Report for more details (/home/MakerIris/Documents/FPGA_Audio_Mix/FPGA_Mix_Hardware/FPGA_Mix_Hardware/hls/syn/report/csynth_design_size.rpt:2)
INFO: [HLS 200-1995] There were 582 instructions in the design after the 'Array/Struct (step 1)' phase of compilation. See the Design Size Report for more details (/home/MakerIris/Documents/FPGA_Audio_Mix/FPGA_Mix_Hardware/FPGA_Mix_Hardware/hls/syn/report/csynth_design_size.rpt:2)
INFO: [HLS 200-1995] There were 572 instructions in the design after the 'Array/Struct (step 2)' phase of compilation. See the Design Size Report for more details (/home/MakerIris/Documents/FPGA_Audio_Mix/FPGA_Mix_Hardware/FPGA_Mix_Hardware/hls/syn/report/csynth_design_size.rpt:2)
INFO: [HLS 200-1995] There were 572 instructions in the design after the 'Array/Struct (step 3)' phase of compilation. See the Design Size Report for more details (/home/MakerIris/Documents/FPGA_Audio_Mix/FPGA_Mix_Hardware/FPGA_Mix_Hardware/hls/syn/report/csynth_design_size.rpt:2)
INFO: [HLS 200-1995] There were 572 instructions in the design after the 'Array/Struct (step 4)' phase of compilation. See the Design Size Report for more details (/home/MakerIris/Documents/FPGA_Audio_Mix/FPGA_Mix_Hardware/FPGA_Mix_Hardware/hls/syn/report/csynth_design_size.rpt:2)
INFO: [HLS 200-1995] There were 816 instructions in the design after the 'Array/Struct (step 5)' phase of compilation. See the Design Size Report for more details (/home/MakerIris/Documents/FPGA_Audio_Mix/FPGA_Mix_Hardware/FPGA_Mix_Hardware/hls/syn/report/csynth_design_size.rpt:2)
INFO: [HLS 200-1995] There were 800 instructions in the design after the 'Performance (step 1)' phase of compilation. See the Design Size Report for more details (/home/MakerIris/Documents/FPGA_Audio_Mix/FPGA_Mix_Hardware/FPGA_Mix_Hardware/hls/syn/report/csynth_design_size.rpt:2)
INFO: [HLS 200-1995] There were 716 instructions in the design after the 'Performance (step 2)' phase of compilation. See the Design Size Report for more details (/home/MakerIris/Documents/FPGA_Audio_Mix/FPGA_Mix_Hardware/FPGA_Mix_Hardware/hls/syn/report/csynth_design_size.rpt:2)
INFO: [HLS 200-1995] There were 556 instructions in the design after the 'Performance (step 3)' phase of compilation. See the Design Size Report for more details (/home/MakerIris/Documents/FPGA_Audio_Mix/FPGA_Mix_Hardware/FPGA_Mix_Hardware/hls/syn/report/csynth_design_size.rpt:2)
INFO: [HLS 200-1995] There were 556 instructions in the design after the 'Performance (step 4)' phase of compilation. See the Design Size Report for more details (/home/MakerIris/Documents/FPGA_Audio_Mix/FPGA_Mix_Hardware/FPGA_Mix_Hardware/hls/syn/report/csynth_design_size.rpt:2)
INFO: [HLS 200-1995] There were 467 instructions in the design after the 'HW Transforms (step 1)' phase of compilation. See the Design Size Report for more details (/home/MakerIris/Documents/FPGA_Audio_Mix/FPGA_Mix_Hardware/FPGA_Mix_Hardware/hls/syn/report/csynth_design_size.rpt:2)
INFO: [HLS 200-1995] There were 256 instructions in the design after the 'HW Transforms (step 2)' phase of compilation. See the Design Size Report for more details (/home/MakerIris/Documents/FPGA_Audio_Mix/FPGA_Mix_Hardware/FPGA_Mix_Hardware/hls/syn/report/csynth_design_size.rpt:2)
INFO: [HLS 214-248] Applying array_partition to '_ZL14recip_sqrt_lut': Complete partitioning on dimension 1. (./hw_mixer.h:9:0)
INFO: [HLS 214-376] Pipelining loop< VITIS_LOOP_30_1> at hw_mixer.cpp:30:22 due to pipeline_loops threshold
INFO: [HLS 200-111] Finished Compiling Optimization and Transform: CPU user time: 4.63 seconds. CPU system time: 0.76 seconds. Elapsed time: 8.67 seconds; current allocated memory: 633.773 MB.
INFO: [HLS 200-111] Finished Checking Pragmas: CPU user time: 0 seconds. CPU system time: 0 seconds. Elapsed time: 0 seconds; current allocated memory: 633.773 MB.
INFO: [HLS 200-10] Starting code transformations ...
INFO: [HLS 200-111] Finished Standard Transforms: CPU user time: 0.02 seconds. CPU system time: 0.01 seconds. Elapsed time: 0.04 seconds; current allocated memory: 634.133 MB.
INFO: [HLS 200-10] Checking synthesizability ...
INFO: [HLS 200-111] Finished Checking Synthesizability: CPU user time: 0.02 seconds. CPU system time: 0 seconds. Elapsed time: 0.03 seconds; current allocated memory: 634.566 MB.
INFO: [XFORM 203-11] Balancing expressions in function 'mixer' (hw_mixer.cpp:5:22)...7 expression(s) balanced.
INFO: [HLS 200-111] Finished Loop, function and other optimizations: CPU user time: 0.11 seconds. CPU system time: 0.02 seconds. Elapsed time: 0.12 seconds; current allocated memory: 656.715 MB.
INFO: [HLS 200-111] Finished Architecture Synthesis: CPU user time: 0.12 seconds. CPU system time: 0 seconds. Elapsed time: 0.13 seconds; current allocated memory: 657.613 MB.
INFO: [HLS 200-10] Starting hardware synthesis ...
INFO: [HLS 200-10] Synthesizing 'mixer' ...
INFO: [SYN 201-201] Setting up clock 'default' with a period of 10ns.
INFO: [HLS 200-10] ----------------------------------------------------------------
INFO: [HLS 200-42] -- Implementing module 'mixer_Pipeline_VITIS_LOOP_30_1' 
INFO: [HLS 200-10] ----------------------------------------------------------------
INFO: [SCHED 204-11] Starting scheduling ...
INFO: [SCHED 204-61] Pipelining loop 'VITIS_LOOP_30_1'.
INFO: [HLS 200-1470] Pipelining result : Target II = NA, Final II = 1, Depth = 3, loop 'VITIS_LOOP_30_1'
INFO: [SCHED 204-11] Finished scheduling.
INFO: [HLS 200-111] Finished Scheduling: CPU user time: 0.09 seconds. CPU system time: 0.03 seconds. Elapsed time: 0.13 seconds; current allocated memory: 658.699 MB.
INFO: [BIND 205-100] Starting micro-architecture generation ...
INFO: [BIND 205-101] Performing variable lifetime analysis.
INFO: [BIND 205-101] Exploring resource sharing.
INFO: [BIND 205-101] Binding ...
INFO: [BIND 205-100] Finished micro-architecture generation.
INFO: [HLS 200-111] Finished Binding: CPU user time: 0.04 seconds. CPU system time: 0.01 seconds. Elapsed time: 0.05 seconds; current allocated memory: 658.699 MB.
INFO: [HLS 200-10] ----------------------------------------------------------------
INFO: [HLS 200-42] -- Implementing module 'mixer' 
INFO: [HLS 200-10] ----------------------------------------------------------------
INFO: [SCHED 204-11] Starting scheduling ...
INFO: [SCHED 204-11] Finished scheduling.
INFO: [HLS 200-111] Finished Scheduling: CPU user time: 0.07 seconds. CPU system time: 0 seconds. Elapsed time: 0.07 seconds; current allocated memory: 658.699 MB.
INFO: [BIND 205-100] Starting micro-architecture generation ...
INFO: [BIND 205-101] Performing variable lifetime analysis.
INFO: [BIND 205-101] Exploring resource sharing.
INFO: [BIND 205-101] Binding ...
INFO: [BIND 205-100] Finished micro-architecture generation.
INFO: [HLS 200-111] Finished Binding: CPU user time: 0.03 seconds. CPU system time: 0 seconds. Elapsed time: 0.03 seconds; current allocated memory: 658.699 MB.
INFO: [HLS 200-10] ----------------------------------------------------------------
INFO: [HLS 200-10] -- Generating RTL for module 'mixer_Pipeline_VITIS_LOOP_30_1' 
INFO: [HLS 200-10] ----------------------------------------------------------------
INFO: [HLS 200-1030] Apply Unified Pipeline Control on module 'mixer_Pipeline_VITIS_LOOP_30_1' pipeline 'VITIS_LOOP_30_1' pipeline type 'loop pipeline'
INFO: [RTGEN 206-100] Generating core module 'mul_9ns_32s_40_1_1': 1 instance(s).
INFO: [RTGEN 206-100] Generating core module 'sparsemux_17_4_9_1_1': 1 instance(s).
INFO: [RTGEN 206-100] Finished creating RTL model for 'mixer_Pipeline_VITIS_LOOP_30_1'.
INFO: [HLS 200-111] Finished Creating RTL model: CPU user time: 0.07 seconds. CPU system time: 0.01 seconds. Elapsed time: 0.1 seconds; current allocated memory: 658.941 MB.
INFO: [HLS 200-10] ----------------------------------------------------------------
INFO: [HLS 200-10] -- Generating RTL for module 'mixer' 
INFO: [HLS 200-10] ----------------------------------------------------------------
WARNING: [RTGEN 206-101] Design contains AXI ports. Reset is fixed to synchronous and active low.
INFO: [RTGEN 206-500] Setting interface mode on port 'mixer/stream_in_0_V_data_V' to 'axis' (register, both mode).
INFO: [RTGEN 206-500] Setting interface mode on port 'mixer/stream_in_0_V_keep_V' to 'axis' (register, both mode).
INFO: [RTGEN 206-500] Setting interface mode on port 'mixer/stream_in_0_V_strb_V' to 'axis' (register, both mode).
INFO: [RTGEN 206-500] Setting interface mode on port 'mixer/stream_in_0_V_user_V' to 'axis' (register, both mode).
INFO: [RTGEN 206-500] Setting interface mode on port 'mixer/stream_in_0_V_last_V' to 'axis' (register, both mode).
INFO: [RTGEN 206-500] Setting interface mode on port 'mixer/stream_in_0_V_id_V' to 'axis' (register, both mode).
INFO: [RTGEN 206-500] Setting interface mode on port 'mixer/stream_in_0_V_dest_V' to 'axis' (register, both mode).
INFO: [RTGEN 206-500] Setting interface mode on port 'mixer/stream_in_1_V_data_V' to 'axis' (register, both mode).
INFO: [RTGEN 206-500] Setting interface mode on port 'mixer/stream_in_1_V_keep_V' to 'axis' (register, both mode).
INFO: [RTGEN 206-500] Setting interface mode on port 'mixer/stream_in_1_V_strb_V' to 'axis' (register, both mode).
INFO: [RTGEN 206-500] Setting interface mode on port 'mixer/stream_in_1_V_user_V' to 'axis' (register, both mode).
INFO: [RTGEN 206-500] Setting interface mode on port 'mixer/stream_in_1_V_last_V' to 'axis' (register, both mode).
INFO: [RTGEN 206-500] Setting interface mode on port 'mixer/stream_in_1_V_id_V' to 'axis' (register, both mode).
INFO: [RTGEN 206-500] Setting interface mode on port 'mixer/stream_in_1_V_dest_V' to 'axis' (register, both mode).
INFO: [RTGEN 206-500] Setting interface mode on port 'mixer/stream_in_2_V_data_V' to 'axis' (register, both mode).
INFO: [RTGEN 206-500] Setting interface mode on port 'mixer/stream_in_2_V_keep_V' to 'axis' (register, both mode).
INFO: [RTGEN 206-500] Setting interface mode on port 'mixer/stream_in_2_V_strb_V' to 'axis' (register, both mode).
INFO: [RTGEN 206-500] Setting interface mode on port 'mixer/stream_in_2_V_user_V' to 'axis' (register, both mode).
INFO: [RTGEN 206-500] Setting interface mode on port 'mixer/stream_in_2_V_last_V' to 'axis' (register, both mode).
INFO: [RTGEN 206-500] Setting interface mode on port 'mixer/stream_in_2_V_id_V' to 'axis' (register, both mode).
INFO: [RTGEN 206-500] Setting interface mode on port 'mixer/stream_in_2_V_dest_V' to 'axis' (register, both mode).
INFO: [RTGEN 206-500] Setting interface mode on port 'mixer/stream_in_3_V_data_V' to 'axis' (register, both mode).
INFO: [RTGEN 206-500] Setting interface mode on port 'mixer/stream_in_3_V_keep_V' to 'axis' (register, both mode).
INFO: [RTGEN 206-500] Setting interface mode on port 'mixer/stream_in_3_V_strb_V' to 'axis' (register, both mode).
INFO: [RTGEN 206-500] Setting interface mode on port 'mixer/stream_in_3_V_user_V' to 'axis' (register, both mode).
INFO: [RTGEN 206-500] Setting interface mode on port 'mixer/stream_in_3_V_last_V' to 'axis' (register, both mode).
INFO: [RTGEN 206-500] Setting interface mode on port 'mixer/stream_in_3_V_id_V' to 'axis' (register, both mode).
INFO: [RTGEN 206-500] Setting interface mode on port 'mixer/stream_in_3_V_dest_V' to 'axis' (register, both mode).
INFO: [RTGEN 206-500] Setting interface mode on port 'mixer/stream_in_4_V_data_V' to 'axis' (register, both mode).
INFO: [RTGEN 206-500] Setting interface mode on port 'mixer/stream_in_4_V_keep_V' to 'axis' (register, both mode).
INFO: [RTGEN 206-500] Setting interface mode on port 'mixer/stream_in_4_V_strb_V' to 'axis' (register, both mode).
INFO: [RTGEN 206-500] Setting interface mode on port 'mixer/stream_in_4_V_user_V' to 'axis' (register, both mode).
INFO: [RTGEN 206-500] Setting interface mode on port 'mixer/stream_in_4_V_last_V' to 'axis' (register, both mode).
INFO: [RTGEN 206-500] Setting interface mode on port 'mixer/stream_in_4_V_id_V' to 'axis' (register, both mode).
INFO: [RTGEN 206-500] Setting interface mode on port 'mixer/stream_in_4_V_dest_V' to 'axis' (register, both mode).
INFO: [RTGEN 206-500] Setting interface mode on port 'mixer/stream_in_5_V_data_V' to 'axis' (register, both mode).
INFO: [RTGEN 206-500] Setting interface mode on port 'mixer/stream_in_5_V_keep_V' to 'axis' (register, both mode).
INFO: [RTGEN 206-500] Setting interface mode on port 'mixer/stream_in_5_V_strb_V' to 'axis' (register, both mode).
INFO: [RTGEN 206-500] Setting interface mode on port 'mixer/stream_in_5_V_user_V' to 'axis' (register, both mode).
INFO: [RTGEN 206-500] Setting interface mode on port 'mixer/stream_in_5_V_last_V' to 'axis' (register, both mode).
INFO: [RTGEN 206-500] Setting interface mode on port 'mixer/stream_in_5_V_id_V' to 'axis' (register, both mode).
INFO: [RTGEN 206-500] Setting interface mode on port 'mixer/stream_in_5_V_dest_V' to 'axis' (register, both mode).
INFO: [RTGEN 206-500] Setting interface mode on port 'mixer/stream_in_6_V_data_V' to 'axis' (register, both mode).
INFO: [RTGEN 206-500] Setting interface mode on port 'mixer/stream_in_6_V_keep_V' to 'axis' (register, both mode).
INFO: [RTGEN 206-500] Setting interface mode on port 'mixer/stream_in_6_V_strb_V' to 'axis' (register, both mode).
INFO: [RTGEN 206-500] Setting interface mode on port 'mixer/stream_in_6_V_user_V' to 'axis' (register, both mode).
INFO: [RTGEN 206-500] Setting interface mode on port 'mixer/stream_in_6_V_last_V' to 'axis' (register, both mode).
INFO: [RTGEN 206-500] Setting interface mode on port 'mixer/stream_in_6_V_id_V' to 'axis' (register, both mode).
INFO: [RTGEN 206-500] Setting interface mode on port 'mixer/stream_in_6_V_dest_V' to 'axis' (register, both mode).
INFO: [RTGEN 206-500] Setting interface mode on port 'mixer/stream_in_7_V_data_V' to 'axis' (register, both mode).
INFO: [RTGEN 206-500] Setting interface mode on port 'mixer/stream_in_7_V_keep_V' to 'axis' (register, both mode).
INFO: [RTGEN 206-500] Setting interface mode on port 'mixer/stream_in_7_V_strb_V' to 'axis' (register, both mode).
INFO: [RTGEN 206-500] Setting interface mode on port 'mixer/stream_in_7_V_user_V' to 'axis' (register, both mode).
INFO: [RTGEN 206-500] Setting interface mode on port 'mixer/stream_in_7_V_last_V' to 'axis' (register, both mode).
INFO: [RTGEN 206-500] Setting interface mode on port 'mixer/stream_in_7_V_id_V' to 'axis' (register, both mode).
INFO: [RTGEN 206-500] Setting interface mode on port 'mixer/stream_in_7_V_dest_V' to 'axis' (register, both mode).
INFO: [RTGEN 206-500] Setting interface mode on port 'mixer/switches' to 'ap_none'.
INFO: [RTGEN 206-500] Setting interface mode on port 'mixer/mix_out_V_data_V' to 'axis' (register, both mode).
INFO: [RTGEN 206-500] Setting interface mode on port 'mixer/mix_out_V_keep_V' to 'axis' (register, both mode).
INFO: [RTGEN 206-500] Setting interface mode on port 'mixer/mix_out_V_strb_V' to 'axis' (register, both mode).
INFO: [RTGEN 206-500] Setting interface mode on port 'mixer/mix_out_V_user_V' to 'axis' (register, both mode).
INFO: [RTGEN 206-500] Setting interface mode on port 'mixer/mix_out_V_last_V' to 'axis' (register, both mode).
INFO: [RTGEN 206-500] Setting interface mode on port 'mixer/mix_out_V_id_V' to 'axis' (register, both mode).
INFO: [RTGEN 206-500] Setting interface mode on port 'mixer/mix_out_V_dest_V' to 'axis' (register, both mode).
INFO: [RTGEN 206-500] Setting interface mode on function 'mixer' to 's_axilite & ap_ctrl_hs'.
INFO: [RTGEN 206-100] Bundling port 'return' to AXI-Lite port control.
INFO: [RTGEN 206-100] Finished creating RTL model for 'mixer'.
INFO: [HLS 200-111] Finished Creating RTL model: CPU user time: 0.22 seconds. CPU system time: 0.02 seconds. Elapsed time: 0.24 seconds; current allocated memory: 662.559 MB.
INFO: [HLS 200-111] Finished Generating all RTL models: CPU user time: 0.4 seconds. CPU system time: 0.03 seconds. Elapsed time: 0.44 seconds; current allocated memory: 666.758 MB.
INFO: [HLS 200-2225] Wrote inferred directives to file /home/MakerIris/Documents/FPGA_Audio_Mix/FPGA_Mix_Hardware/FPGA_Mix_Hardware/hls/syn/inferred_directives.ini
INFO: [HLS 200-111] Finished Updating report files: CPU user time: 0.64 seconds. CPU system time: 0.06 seconds. Elapsed time: 0.71 seconds; current allocated memory: 672.469 MB.
INFO: [VHDL 208-304] Generating VHDL RTL for mixer.
INFO: [VLOG 209-307] Generating Verilog RTL for mixer.
INFO: [HLS 200-790] **** Loop Constraint Status: All loop constraints were satisfied.
INFO: [HLS 200-789] **** Estimated Fmax: 156.54 MHz
INFO: [HLS 200-112] Total CPU user time: 18.75 seconds. Total CPU system time: 2.7 seconds. Total elapsed time: 25.31 seconds; peak allocated memory: 672.469 MB.
INFO: [v++ 60-791] Total elapsed time: 0h 0m 29s
