03/27/26 14:18:34: Running xcd server. This server was built by gradle.
03/27/26 14:18:34: Server was asked to start on port: '62121'
03/27/26 14:18:34: Server is using token UUID: '537e284e-f29c-4f64-bfb6-26c826b43e4c'
03/27/26 14:18:34: SESSION_MGR: creating session with session uuid: '6d04a3e9-ade5-4ab9-8d63-1f78fcd2ec76' and name 'default'
03/27/26 14:18:34: Attempting to start server on port '62121'
03/27/26 14:18:34: Running Dispatch Server
03/27/26 14:18:34: Version 2.2.0
03/27/26 14:18:36: Dispatch Server: Accepted socket connection from client
03/27/26 14:18:36: Starting Socket connection
03/27/26 14:18:36: EXCHANGE_TOKEN received, server token: 537e284e-f29c-4f64-bfb6-26c826b43e4c, passed token: 537e284e-f29c-4f64-bfb6-26c826b43e4c
03/27/26 14:18:37: DISPATCH_HANDLER: Adding handler from function makeHandler in library xv_system_diagram
03/27/26 14:18:37: SESSION_MGR: creating session with session uuid: 'fc95ca47-4c06-4f8a-b473-5e03cbbdee4c' and name 'v++_compile_FPGA_Mix_Hardware'
03/27/26 14:18:37: KERNEL_SVC: creating session with uuid: 'fc95ca47-4c06-4f8a-b473-5e03cbbdee4c' and name 'v++_compile_FPGA_Mix_Hardware'
03/27/26 14:18:37: GUIDANCE_SMGR: creating guidance session with uuid: 'fc95ca47-4c06-4f8a-b473-5e03cbbdee4c' and name 'v++_compile_FPGA_Mix_Hardware'
03/27/26 14:18:37: SYSTEM_DIAGRAM: creating session with uuid: 'fc95ca47-4c06-4f8a-b473-5e03cbbdee4c' and name 'v++_compile_FPGA_Mix_Hardware'
03/27/26 14:18:44: SESSION_MGR: closing session for UUID 'fc95ca47-4c06-4f8a-b473-5e03cbbdee4c' with name 'v++_compile_FPGA_Mix_Hardware'
03/27/26 14:18:44: KERNEL_SVC: closing session for UUID 'fc95ca47-4c06-4f8a-b473-5e03cbbdee4c' with name 'v++_compile_FPGA_Mix_Hardware'
03/27/26 14:18:44: GUIDANCE_SMGR: closing session for UUID 'fc95ca47-4c06-4f8a-b473-5e03cbbdee4c' with name 'v++_compile_FPGA_Mix_Hardware'
03/27/26 14:18:44: SYSTEM_DIAGRAM: closing session for UUID 'fc95ca47-4c06-4f8a-b473-5e03cbbdee4c' with name 'v++_compile_FPGA_Mix_Hardware'
03/27/26 14:18:44: STOP_SERVER received, server token: 537e284e-f29c-4f64-bfb6-26c826b43e4c, passed token: 537e284e-f29c-4f64-bfb6-26c826b43e4c
03/27/26 14:18:44: Socket received request to stop server.
03/27/26 14:18:44: Dispatch Server: do_await_stop
03/27/26 14:18:44: SERVER: destructor for server bound to port 62121
03/27/26 14:22:24: Running xcd server. This server was built by gradle.
03/27/26 14:22:24: Server was asked to start on port: '52169'
03/27/26 14:22:24: Server is using token UUID: '8bc47cce-7ece-4699-8522-a92c1a8c5419'
03/27/26 14:22:24: SESSION_MGR: creating session with session uuid: '6d04a3e9-ade5-4ab9-8d63-1f78fcd2ec76' and name 'default'
03/27/26 14:22:24: Attempting to start server on port '52169'
03/27/26 14:22:24: Running Dispatch Server
03/27/26 14:22:24: Version 2.2.0
03/27/26 14:22:27: Dispatch Server: Accepted socket connection from client
03/27/26 14:22:27: Starting Socket connection
03/27/26 14:22:27: EXCHANGE_TOKEN received, server token: 8bc47cce-7ece-4699-8522-a92c1a8c5419, passed token: 8bc47cce-7ece-4699-8522-a92c1a8c5419
03/27/26 14:22:27: DISPATCH_HANDLER: Adding handler from function makeHandler in library xv_system_diagram
03/27/26 14:22:27: SESSION_MGR: creating session with session uuid: 'e5685180-d938-41ef-a6f7-d82c8c02d4ed' and name 'v++_compile_FPGA_Mix_Hardware'
03/27/26 14:22:27: KERNEL_SVC: creating session with uuid: 'e5685180-d938-41ef-a6f7-d82c8c02d4ed' and name 'v++_compile_FPGA_Mix_Hardware'
03/27/26 14:22:27: GUIDANCE_SMGR: creating guidance session with uuid: 'e5685180-d938-41ef-a6f7-d82c8c02d4ed' and name 'v++_compile_FPGA_Mix_Hardware'
03/27/26 14:22:27: SYSTEM_DIAGRAM: creating session with uuid: 'e5685180-d938-41ef-a6f7-d82c8c02d4ed' and name 'v++_compile_FPGA_Mix_Hardware'
03/27/26 14:22:30: SESSION_MGR: closing session for UUID 'e5685180-d938-41ef-a6f7-d82c8c02d4ed' with name 'v++_compile_FPGA_Mix_Hardware'
03/27/26 14:22:30: KERNEL_SVC: closing session for UUID 'e5685180-d938-41ef-a6f7-d82c8c02d4ed' with name 'v++_compile_FPGA_Mix_Hardware'
03/27/26 14:22:30: GUIDANCE_SMGR: closing session for UUID 'e5685180-d938-41ef-a6f7-d82c8c02d4ed' with name 'v++_compile_FPGA_Mix_Hardware'
03/27/26 14:22:30: SYSTEM_DIAGRAM: closing session for UUID 'e5685180-d938-41ef-a6f7-d82c8c02d4ed' with name 'v++_compile_FPGA_Mix_Hardware'
03/27/26 14:22:30: STOP_SERVER received, server token: 8bc47cce-7ece-4699-8522-a92c1a8c5419, passed token: 8bc47cce-7ece-4699-8522-a92c1a8c5419
03/27/26 14:22:30: Socket received request to stop server.
03/27/26 14:22:30: Dispatch Server: do_await_stop
03/27/26 14:22:30: SERVER: destructor for server bound to port 52169
Fri Mar 27 16:52:37 2026: Running xcd server. This server was built by gradle.
Fri Mar 27 16:52:37 2026: Server was asked to start on port: '38405'
Fri Mar 27 16:52:37 2026: Server is using token UUID: '63fa3122-c609-4c18-81c8-4f78d4166d3b'
Fri Mar 27 16:52:37 2026: SESSION_MGR: creating session with session uuid: '6d04a3e9-ade5-4ab9-8d63-1f78fcd2ec76' and name 'default'
Fri Mar 27 16:52:37 2026: Attempting to start server on port '38405'
Fri Mar 27 16:52:37 2026: XCD main fifo: created main fifo '/tmp/xcdmain63fa3122-c609-4c18-81c8-4f78d4166d3b', fd read = 13
Fri Mar 27 16:52:37 2026: Running Dispatch Server
Fri Mar 27 16:52:37 2026: Version 2.2.0
Fri Mar 27 16:52:38 2026: Dispatch Server: Accepted socket connection from client
Fri Mar 27 16:52:38 2026: Starting Socket connection
Fri Mar 27 16:52:38 2026: EXCHANGE_TOKEN received, server token: 63fa3122-c609-4c18-81c8-4f78d4166d3b, passed token: 63fa3122-c609-4c18-81c8-4f78d4166d3b
Fri Mar 27 16:52:39 2026: DISPATCH_HANDLER: Adding handler from function makeHandler in library libxv_system_diagram
Fri Mar 27 16:52:39 2026: SESSION_MGR: creating session with session uuid: '198e499b-c0be-4ec4-9caf-af6c7a67d355' and name 'v++_compile_FPGA_Mix_Hardware'
Fri Mar 27 16:52:39 2026: KERNEL_SVC: creating session with uuid: '198e499b-c0be-4ec4-9caf-af6c7a67d355' and name 'v++_compile_FPGA_Mix_Hardware'
Fri Mar 27 16:52:39 2026: GUIDANCE_SMGR: creating guidance session with uuid: '198e499b-c0be-4ec4-9caf-af6c7a67d355' and name 'v++_compile_FPGA_Mix_Hardware'
Fri Mar 27 16:52:39 2026: SYSTEM_DIAGRAM: creating session with uuid: '198e499b-c0be-4ec4-9caf-af6c7a67d355' and name 'v++_compile_FPGA_Mix_Hardware'
Fri Mar 27 16:52:45 2026: Dispatch Server: Accepted socket connection from client
Fri Mar 27 16:52:45 2026: Starting Socket connection
Fri Mar 27 16:53:06 2026: SESSION_MGR: closing session for UUID '198e499b-c0be-4ec4-9caf-af6c7a67d355' with name 'v++_compile_FPGA_Mix_Hardware'
Fri Mar 27 16:53:06 2026: KERNEL_SVC: closing session for UUID '198e499b-c0be-4ec4-9caf-af6c7a67d355' with name 'v++_compile_FPGA_Mix_Hardware'
Fri Mar 27 16:53:06 2026: GUIDANCE_SMGR: closing session for UUID '198e499b-c0be-4ec4-9caf-af6c7a67d355' with name 'v++_compile_FPGA_Mix_Hardware'
Fri Mar 27 16:53:06 2026: SYSTEM_DIAGRAM: closing session for UUID '198e499b-c0be-4ec4-9caf-af6c7a67d355' with name 'v++_compile_FPGA_Mix_Hardware'
Fri Mar 27 16:53:06 2026: STOP_SERVER received, server token: 63fa3122-c609-4c18-81c8-4f78d4166d3b, passed token: 63fa3122-c609-4c18-81c8-4f78d4166d3b
Fri Mar 27 16:53:06 2026: Socket received request to stop server.
Fri Mar 27 16:53:06 2026: Dispatch Server: do_await_stop
Fri Mar 27 16:53:06 2026: Dispatch Server: stopping mainFifo_
Fri Mar 27 16:53:06 2026: XCD main fifo: Stopping
Fri Mar 27 16:53:06 2026: XCD main fifo: do_read error code: Operation canceled
Fri Mar 27 16:53:06 2026: XCD main fifo: bytes_transferred: 0
Fri Mar 27 16:53:06 2026: SERVER: destructor for server bound to port 38405
Fri Mar 27 16:53:06 2026: XCD main fifo: Good unlink of /tmp/xcdmain63fa3122-c609-4c18-81c8-4f78d4166d3b
Fri Mar 27 16:53:06 2026: Server exiting with status 0.
Fri Mar 27 16:53:06 2026: Closing log file.
Fri Mar 27 16:55:13 2026: Running xcd server. This server was built by gradle.
Fri Mar 27 16:55:13 2026: Server was asked to start on port: '46611'
Fri Mar 27 16:55:13 2026: Server is using token UUID: '15de5818-9ad7-4dc4-9ca0-caabb71cf0fe'
Fri Mar 27 16:55:13 2026: SESSION_MGR: creating session with session uuid: '6d04a3e9-ade5-4ab9-8d63-1f78fcd2ec76' and name 'default'
Fri Mar 27 16:55:13 2026: Attempting to start server on port '46611'
Fri Mar 27 16:55:13 2026: XCD main fifo: created main fifo '/tmp/xcdmain15de5818-9ad7-4dc4-9ca0-caabb71cf0fe', fd read = 13
Fri Mar 27 16:55:13 2026: Running Dispatch Server
Fri Mar 27 16:55:13 2026: Version 2.2.0
Fri Mar 27 16:55:14 2026: Dispatch Server: Accepted socket connection from client
Fri Mar 27 16:55:14 2026: Starting Socket connection
Fri Mar 27 16:55:14 2026: EXCHANGE_TOKEN received, server token: 15de5818-9ad7-4dc4-9ca0-caabb71cf0fe, passed token: 15de5818-9ad7-4dc4-9ca0-caabb71cf0fe
Fri Mar 27 16:55:14 2026: DISPATCH_HANDLER: Adding handler from function makeHandler in library libxv_system_diagram
Fri Mar 27 16:55:14 2026: SESSION_MGR: creating session with session uuid: 'efd9dd0f-3d73-476a-be0f-93fb2268b4ca' and name 'vitis-run_compile_FPGA_Mix_Hardware'
Fri Mar 27 16:55:14 2026: KERNEL_SVC: creating session with uuid: 'efd9dd0f-3d73-476a-be0f-93fb2268b4ca' and name 'vitis-run_compile_FPGA_Mix_Hardware'
Fri Mar 27 16:55:14 2026: GUIDANCE_SMGR: creating guidance session with uuid: 'efd9dd0f-3d73-476a-be0f-93fb2268b4ca' and name 'vitis-run_compile_FPGA_Mix_Hardware'
Fri Mar 27 16:55:14 2026: SYSTEM_DIAGRAM: creating session with uuid: 'efd9dd0f-3d73-476a-be0f-93fb2268b4ca' and name 'vitis-run_compile_FPGA_Mix_Hardware'
Fri Mar 27 16:55:19 2026: Dispatch Server: Accepted socket connection from client
Fri Mar 27 16:55:19 2026: Starting Socket connection
Fri Mar 27 16:55:22 2026: SESSION_MGR: closing session for UUID 'efd9dd0f-3d73-476a-be0f-93fb2268b4ca' with name 'vitis-run_compile_FPGA_Mix_Hardware'
Fri Mar 27 16:55:22 2026: KERNEL_SVC: closing session for UUID 'efd9dd0f-3d73-476a-be0f-93fb2268b4ca' with name 'vitis-run_compile_FPGA_Mix_Hardware'
Fri Mar 27 16:55:22 2026: GUIDANCE_SMGR: closing session for UUID 'efd9dd0f-3d73-476a-be0f-93fb2268b4ca' with name 'vitis-run_compile_FPGA_Mix_Hardware'
Fri Mar 27 16:55:22 2026: SYSTEM_DIAGRAM: closing session for UUID 'efd9dd0f-3d73-476a-be0f-93fb2268b4ca' with name 'vitis-run_compile_FPGA_Mix_Hardware'
Fri Mar 27 16:55:22 2026: STOP_SERVER received, server token: 15de5818-9ad7-4dc4-9ca0-caabb71cf0fe, passed token: 15de5818-9ad7-4dc4-9ca0-caabb71cf0fe
Fri Mar 27 16:55:22 2026: Socket received request to stop server.
Fri Mar 27 16:55:22 2026: Dispatch Server: do_await_stop
Fri Mar 27 16:55:22 2026: Dispatch Server: stopping mainFifo_
Fri Mar 27 16:55:22 2026: XCD main fifo: Stopping
Fri Mar 27 16:55:22 2026: XCD main fifo: do_read error code: Operation canceled
Fri Mar 27 16:55:22 2026: XCD main fifo: bytes_transferred: 0
Fri Mar 27 16:55:22 2026: SERVER: destructor for server bound to port 46611
Fri Mar 27 16:55:22 2026: XCD main fifo: Good unlink of /tmp/xcdmain15de5818-9ad7-4dc4-9ca0-caabb71cf0fe
Fri Mar 27 16:55:22 2026: Server exiting with status 0.
Fri Mar 27 16:55:22 2026: Closing log file.
Fri Mar 27 16:55:57 2026: Running xcd server. This server was built by gradle.
Fri Mar 27 16:55:57 2026: Server was asked to start on port: '44753'
Fri Mar 27 16:55:57 2026: Server is using token UUID: 'a2ae009c-00b4-490b-ba23-47e9123c49ec'
Fri Mar 27 16:55:57 2026: SESSION_MGR: creating session with session uuid: '6d04a3e9-ade5-4ab9-8d63-1f78fcd2ec76' and name 'default'
Fri Mar 27 16:55:57 2026: Attempting to start server on port '44753'
Fri Mar 27 16:55:57 2026: XCD main fifo: created main fifo '/tmp/xcdmaina2ae009c-00b4-490b-ba23-47e9123c49ec', fd read = 13
Fri Mar 27 16:55:57 2026: Running Dispatch Server
Fri Mar 27 16:55:57 2026: Version 2.2.0
Fri Mar 27 16:55:58 2026: Dispatch Server: Accepted socket connection from client
Fri Mar 27 16:55:58 2026: Starting Socket connection
Fri Mar 27 16:55:58 2026: EXCHANGE_TOKEN received, server token: a2ae009c-00b4-490b-ba23-47e9123c49ec, passed token: a2ae009c-00b4-490b-ba23-47e9123c49ec
Fri Mar 27 16:55:58 2026: DISPATCH_HANDLER: Adding handler from function makeHandler in library libxv_system_diagram
Fri Mar 27 16:55:58 2026: SESSION_MGR: creating session with session uuid: 'b7dafce8-c4b4-4f97-94aa-78cc9088eefd' and name 'vitis-run_compile_FPGA_Mix_Hardware'
Fri Mar 27 16:55:58 2026: KERNEL_SVC: creating session with uuid: 'b7dafce8-c4b4-4f97-94aa-78cc9088eefd' and name 'vitis-run_compile_FPGA_Mix_Hardware'
Fri Mar 27 16:55:58 2026: GUIDANCE_SMGR: creating guidance session with uuid: 'b7dafce8-c4b4-4f97-94aa-78cc9088eefd' and name 'vitis-run_compile_FPGA_Mix_Hardware'
Fri Mar 27 16:55:58 2026: SYSTEM_DIAGRAM: creating session with uuid: 'b7dafce8-c4b4-4f97-94aa-78cc9088eefd' and name 'vitis-run_compile_FPGA_Mix_Hardware'
Fri Mar 27 16:56:03 2026: Dispatch Server: Accepted socket connection from client
Fri Mar 27 16:56:03 2026: Starting Socket connection
Fri Mar 27 16:56:08 2026: SESSION_MGR: closing session for UUID 'b7dafce8-c4b4-4f97-94aa-78cc9088eefd' with name 'vitis-run_compile_FPGA_Mix_Hardware'
Fri Mar 27 16:56:08 2026: KERNEL_SVC: closing session for UUID 'b7dafce8-c4b4-4f97-94aa-78cc9088eefd' with name 'vitis-run_compile_FPGA_Mix_Hardware'
Fri Mar 27 16:56:08 2026: GUIDANCE_SMGR: closing session for UUID 'b7dafce8-c4b4-4f97-94aa-78cc9088eefd' with name 'vitis-run_compile_FPGA_Mix_Hardware'
Fri Mar 27 16:56:08 2026: SYSTEM_DIAGRAM: closing session for UUID 'b7dafce8-c4b4-4f97-94aa-78cc9088eefd' with name 'vitis-run_compile_FPGA_Mix_Hardware'
Fri Mar 27 16:56:08 2026: STOP_SERVER received, server token: a2ae009c-00b4-490b-ba23-47e9123c49ec, passed token: a2ae009c-00b4-490b-ba23-47e9123c49ec
Fri Mar 27 16:56:08 2026: Socket received request to stop server.
Fri Mar 27 16:56:08 2026: Dispatch Server: do_await_stop
Fri Mar 27 16:56:08 2026: Dispatch Server: stopping mainFifo_
Fri Mar 27 16:56:08 2026: XCD main fifo: Stopping
Fri Mar 27 16:56:08 2026: XCD main fifo: do_read error code: Operation canceled
Fri Mar 27 16:56:08 2026: XCD main fifo: bytes_transferred: 0
Fri Mar 27 16:56:08 2026: SERVER: destructor for server bound to port 44753
Fri Mar 27 16:56:08 2026: XCD main fifo: Good unlink of /tmp/xcdmaina2ae009c-00b4-490b-ba23-47e9123c49ec
Fri Mar 27 16:56:08 2026: Server exiting with status 0.
Fri Mar 27 16:56:08 2026: Closing log file.
Fri Mar 27 16:56:47 2026: Running xcd server. This server was built by gradle.
Fri Mar 27 16:56:47 2026: Server was asked to start on port: '34871'
Fri Mar 27 16:56:47 2026: Server is using token UUID: '15ad31f3-dc06-4107-acb6-fdede12bce03'
Fri Mar 27 16:56:47 2026: SESSION_MGR: creating session with session uuid: '6d04a3e9-ade5-4ab9-8d63-1f78fcd2ec76' and name 'default'
Fri Mar 27 16:56:47 2026: Attempting to start server on port '34871'
Fri Mar 27 16:56:47 2026: XCD main fifo: created main fifo '/tmp/xcdmain15ad31f3-dc06-4107-acb6-fdede12bce03', fd read = 13
Fri Mar 27 16:56:47 2026: Running Dispatch Server
Fri Mar 27 16:56:47 2026: Version 2.2.0
Fri Mar 27 16:56:48 2026: Dispatch Server: Accepted socket connection from client
Fri Mar 27 16:56:48 2026: Starting Socket connection
Fri Mar 27 16:56:48 2026: EXCHANGE_TOKEN received, server token: 15ad31f3-dc06-4107-acb6-fdede12bce03, passed token: 15ad31f3-dc06-4107-acb6-fdede12bce03
Fri Mar 27 16:56:48 2026: DISPATCH_HANDLER: Adding handler from function makeHandler in library libxv_system_diagram
Fri Mar 27 16:56:48 2026: SESSION_MGR: creating session with session uuid: '740b37aa-f484-4147-9a8b-19772f50b1fb' and name 'vitis-run_compile_FPGA_Mix_Hardware'
Fri Mar 27 16:56:48 2026: KERNEL_SVC: creating session with uuid: '740b37aa-f484-4147-9a8b-19772f50b1fb' and name 'vitis-run_compile_FPGA_Mix_Hardware'
Fri Mar 27 16:56:48 2026: GUIDANCE_SMGR: creating guidance session with uuid: '740b37aa-f484-4147-9a8b-19772f50b1fb' and name 'vitis-run_compile_FPGA_Mix_Hardware'
Fri Mar 27 16:56:48 2026: SYSTEM_DIAGRAM: creating session with uuid: '740b37aa-f484-4147-9a8b-19772f50b1fb' and name 'vitis-run_compile_FPGA_Mix_Hardware'
Fri Mar 27 16:56:53 2026: Dispatch Server: Accepted socket connection from client
Fri Mar 27 16:56:53 2026: Starting Socket connection
Fri Mar 27 16:56:56 2026: SESSION_MGR: closing session for UUID '740b37aa-f484-4147-9a8b-19772f50b1fb' with name 'vitis-run_compile_FPGA_Mix_Hardware'
Fri Mar 27 16:56:56 2026: KERNEL_SVC: closing session for UUID '740b37aa-f484-4147-9a8b-19772f50b1fb' with name 'vitis-run_compile_FPGA_Mix_Hardware'
Fri Mar 27 16:56:56 2026: GUIDANCE_SMGR: closing session for UUID '740b37aa-f484-4147-9a8b-19772f50b1fb' with name 'vitis-run_compile_FPGA_Mix_Hardware'
Fri Mar 27 16:56:56 2026: SYSTEM_DIAGRAM: closing session for UUID '740b37aa-f484-4147-9a8b-19772f50b1fb' with name 'vitis-run_compile_FPGA_Mix_Hardware'
Fri Mar 27 16:56:56 2026: STOP_SERVER received, server token: 15ad31f3-dc06-4107-acb6-fdede12bce03, passed token: 15ad31f3-dc06-4107-acb6-fdede12bce03
Fri Mar 27 16:56:56 2026: Socket received request to stop server.
Fri Mar 27 16:56:56 2026: Dispatch Server: do_await_stop
Fri Mar 27 16:56:56 2026: Dispatch Server: stopping mainFifo_
Fri Mar 27 16:56:56 2026: XCD main fifo: Stopping
Fri Mar 27 16:56:56 2026: XCD main fifo: do_read error code: Operation canceled
Fri Mar 27 16:56:56 2026: XCD main fifo: bytes_transferred: 0
Fri Mar 27 16:56:56 2026: SERVER: destructor for server bound to port 34871
Fri Mar 27 16:56:56 2026: XCD main fifo: Good unlink of /tmp/xcdmain15ad31f3-dc06-4107-acb6-fdede12bce03
Fri Mar 27 16:56:56 2026: Server exiting with status 0.
Fri Mar 27 16:56:56 2026: Closing log file.
Fri Mar 27 16:58:20 2026: Running xcd server. This server was built by gradle.
Fri Mar 27 16:58:20 2026: Server was asked to start on port: '35771'
Fri Mar 27 16:58:20 2026: Server is using token UUID: '0a609420-c817-4f0a-9971-280da5d385df'
Fri Mar 27 16:58:20 2026: SESSION_MGR: creating session with session uuid: '6d04a3e9-ade5-4ab9-8d63-1f78fcd2ec76' and name 'default'
Fri Mar 27 16:58:20 2026: Attempting to start server on port '35771'
Fri Mar 27 16:58:20 2026: XCD main fifo: created main fifo '/tmp/xcdmain0a609420-c817-4f0a-9971-280da5d385df', fd read = 13
Fri Mar 27 16:58:20 2026: Running Dispatch Server
Fri Mar 27 16:58:20 2026: Version 2.2.0
Fri Mar 27 16:58:21 2026: Dispatch Server: Accepted socket connection from client
Fri Mar 27 16:58:21 2026: Starting Socket connection
Fri Mar 27 16:58:21 2026: EXCHANGE_TOKEN received, server token: 0a609420-c817-4f0a-9971-280da5d385df, passed token: 0a609420-c817-4f0a-9971-280da5d385df
Fri Mar 27 16:58:21 2026: DISPATCH_HANDLER: Adding handler from function makeHandler in library libxv_system_diagram
Fri Mar 27 16:58:21 2026: SESSION_MGR: creating session with session uuid: '5d39e23c-cf81-4182-a3d0-cf25bd92f4f0' and name 'vitis-run_compile_FPGA_Mix_Hardware'
Fri Mar 27 16:58:21 2026: KERNEL_SVC: creating session with uuid: '5d39e23c-cf81-4182-a3d0-cf25bd92f4f0' and name 'vitis-run_compile_FPGA_Mix_Hardware'
Fri Mar 27 16:58:21 2026: GUIDANCE_SMGR: creating guidance session with uuid: '5d39e23c-cf81-4182-a3d0-cf25bd92f4f0' and name 'vitis-run_compile_FPGA_Mix_Hardware'
Fri Mar 27 16:58:21 2026: SYSTEM_DIAGRAM: creating session with uuid: '5d39e23c-cf81-4182-a3d0-cf25bd92f4f0' and name 'vitis-run_compile_FPGA_Mix_Hardware'
Fri Mar 27 16:58:26 2026: Dispatch Server: Accepted socket connection from client
Fri Mar 27 16:58:26 2026: Starting Socket connection
Fri Mar 27 16:58:29 2026: SESSION_MGR: closing session for UUID '5d39e23c-cf81-4182-a3d0-cf25bd92f4f0' with name 'vitis-run_compile_FPGA_Mix_Hardware'
Fri Mar 27 16:58:29 2026: KERNEL_SVC: closing session for UUID '5d39e23c-cf81-4182-a3d0-cf25bd92f4f0' with name 'vitis-run_compile_FPGA_Mix_Hardware'
Fri Mar 27 16:58:29 2026: GUIDANCE_SMGR: closing session for UUID '5d39e23c-cf81-4182-a3d0-cf25bd92f4f0' with name 'vitis-run_compile_FPGA_Mix_Hardware'
Fri Mar 27 16:58:29 2026: SYSTEM_DIAGRAM: closing session for UUID '5d39e23c-cf81-4182-a3d0-cf25bd92f4f0' with name 'vitis-run_compile_FPGA_Mix_Hardware'
Fri Mar 27 16:58:29 2026: STOP_SERVER received, server token: 0a609420-c817-4f0a-9971-280da5d385df, passed token: 0a609420-c817-4f0a-9971-280da5d385df
Fri Mar 27 16:58:29 2026: Socket received request to stop server.
Fri Mar 27 16:58:29 2026: Dispatch Server: do_await_stop
Fri Mar 27 16:58:29 2026: Dispatch Server: stopping mainFifo_
Fri Mar 27 16:58:29 2026: XCD main fifo: Stopping
Fri Mar 27 16:58:29 2026: XCD main fifo: do_read error code: Operation canceled
Fri Mar 27 16:58:29 2026: XCD main fifo: bytes_transferred: 0
Fri Mar 27 16:58:29 2026: SERVER: destructor for server bound to port 35771
Fri Mar 27 16:58:29 2026: XCD main fifo: Good unlink of /tmp/xcdmain0a609420-c817-4f0a-9971-280da5d385df
Fri Mar 27 16:58:29 2026: Server exiting with status 0.
Fri Mar 27 16:58:29 2026: Closing log file.
Fri Mar 27 16:58:40 2026: Running xcd server. This server was built by gradle.
Fri Mar 27 16:58:40 2026: Server was asked to start on port: '41309'
Fri Mar 27 16:58:40 2026: Server is using token UUID: 'fe064e8f-3039-4dd7-8b0a-1eb905dee572'
Fri Mar 27 16:58:40 2026: SESSION_MGR: creating session with session uuid: '6d04a3e9-ade5-4ab9-8d63-1f78fcd2ec76' and name 'default'
Fri Mar 27 16:58:40 2026: Attempting to start server on port '41309'
Fri Mar 27 16:58:40 2026: XCD main fifo: created main fifo '/tmp/xcdmainfe064e8f-3039-4dd7-8b0a-1eb905dee572', fd read = 13
Fri Mar 27 16:58:40 2026: Running Dispatch Server
Fri Mar 27 16:58:40 2026: Version 2.2.0
Fri Mar 27 16:58:41 2026: Dispatch Server: Accepted socket connection from client
Fri Mar 27 16:58:41 2026: Starting Socket connection
Fri Mar 27 16:58:41 2026: EXCHANGE_TOKEN received, server token: fe064e8f-3039-4dd7-8b0a-1eb905dee572, passed token: fe064e8f-3039-4dd7-8b0a-1eb905dee572
Fri Mar 27 16:58:41 2026: DISPATCH_HANDLER: Adding handler from function makeHandler in library libxv_system_diagram
Fri Mar 27 16:58:41 2026: SESSION_MGR: creating session with session uuid: 'b3480f7d-804c-4e5f-8f1e-398a0dad50d1' and name 'vitis-run_compile_FPGA_Mix_Hardware'
Fri Mar 27 16:58:41 2026: KERNEL_SVC: creating session with uuid: 'b3480f7d-804c-4e5f-8f1e-398a0dad50d1' and name 'vitis-run_compile_FPGA_Mix_Hardware'
Fri Mar 27 16:58:41 2026: GUIDANCE_SMGR: creating guidance session with uuid: 'b3480f7d-804c-4e5f-8f1e-398a0dad50d1' and name 'vitis-run_compile_FPGA_Mix_Hardware'
Fri Mar 27 16:58:41 2026: SYSTEM_DIAGRAM: creating session with uuid: 'b3480f7d-804c-4e5f-8f1e-398a0dad50d1' and name 'vitis-run_compile_FPGA_Mix_Hardware'
Fri Mar 27 16:58:46 2026: Dispatch Server: Accepted socket connection from client
Fri Mar 27 16:58:46 2026: Starting Socket connection
Fri Mar 27 16:58:51 2026: SESSION_MGR: closing session for UUID 'b3480f7d-804c-4e5f-8f1e-398a0dad50d1' with name 'vitis-run_compile_FPGA_Mix_Hardware'
Fri Mar 27 16:58:51 2026: KERNEL_SVC: closing session for UUID 'b3480f7d-804c-4e5f-8f1e-398a0dad50d1' with name 'vitis-run_compile_FPGA_Mix_Hardware'
Fri Mar 27 16:58:51 2026: GUIDANCE_SMGR: closing session for UUID 'b3480f7d-804c-4e5f-8f1e-398a0dad50d1' with name 'vitis-run_compile_FPGA_Mix_Hardware'
Fri Mar 27 16:58:51 2026: SYSTEM_DIAGRAM: closing session for UUID 'b3480f7d-804c-4e5f-8f1e-398a0dad50d1' with name 'vitis-run_compile_FPGA_Mix_Hardware'
Fri Mar 27 16:58:51 2026: STOP_SERVER received, server token: fe064e8f-3039-4dd7-8b0a-1eb905dee572, passed token: fe064e8f-3039-4dd7-8b0a-1eb905dee572
Fri Mar 27 16:58:51 2026: Socket received request to stop server.
Fri Mar 27 16:58:51 2026: Dispatch Server: do_await_stop
Fri Mar 27 16:58:51 2026: Dispatch Server: stopping mainFifo_
Fri Mar 27 16:58:51 2026: XCD main fifo: Stopping
Fri Mar 27 16:58:51 2026: XCD main fifo: do_read error code: Operation canceled
Fri Mar 27 16:58:51 2026: XCD main fifo: bytes_transferred: 0
Fri Mar 27 16:58:51 2026: SERVER: destructor for server bound to port 41309
Fri Mar 27 16:58:51 2026: XCD main fifo: Good unlink of /tmp/xcdmainfe064e8f-3039-4dd7-8b0a-1eb905dee572
Fri Mar 27 16:58:51 2026: Server exiting with status 0.
Fri Mar 27 16:58:51 2026: Closing log file.
Fri Mar 27 16:59:17 2026: Running xcd server. This server was built by gradle.
Fri Mar 27 16:59:17 2026: Server was asked to start on port: '33179'
Fri Mar 27 16:59:17 2026: Server is using token UUID: '81d143fa-7976-47d1-8d4b-8e9849e235ca'
Fri Mar 27 16:59:17 2026: SESSION_MGR: creating session with session uuid: '6d04a3e9-ade5-4ab9-8d63-1f78fcd2ec76' and name 'default'
Fri Mar 27 16:59:17 2026: Attempting to start server on port '33179'
Fri Mar 27 16:59:17 2026: XCD main fifo: created main fifo '/tmp/xcdmain81d143fa-7976-47d1-8d4b-8e9849e235ca', fd read = 13
Fri Mar 27 16:59:17 2026: Running Dispatch Server
Fri Mar 27 16:59:17 2026: Version 2.2.0
Fri Mar 27 16:59:18 2026: Dispatch Server: Accepted socket connection from client
Fri Mar 27 16:59:18 2026: Starting Socket connection
Fri Mar 27 16:59:18 2026: EXCHANGE_TOKEN received, server token: 81d143fa-7976-47d1-8d4b-8e9849e235ca, passed token: 81d143fa-7976-47d1-8d4b-8e9849e235ca
Fri Mar 27 16:59:18 2026: DISPATCH_HANDLER: Adding handler from function makeHandler in library libxv_system_diagram
Fri Mar 27 16:59:18 2026: SESSION_MGR: creating session with session uuid: 'c9206505-afca-4dbe-a65d-d33909772bbe' and name 'vitis-run_compile_FPGA_Mix_Hardware'
Fri Mar 27 16:59:18 2026: KERNEL_SVC: creating session with uuid: 'c9206505-afca-4dbe-a65d-d33909772bbe' and name 'vitis-run_compile_FPGA_Mix_Hardware'
Fri Mar 27 16:59:18 2026: GUIDANCE_SMGR: creating guidance session with uuid: 'c9206505-afca-4dbe-a65d-d33909772bbe' and name 'vitis-run_compile_FPGA_Mix_Hardware'
Fri Mar 27 16:59:18 2026: SYSTEM_DIAGRAM: creating session with uuid: 'c9206505-afca-4dbe-a65d-d33909772bbe' and name 'vitis-run_compile_FPGA_Mix_Hardware'
Fri Mar 27 16:59:23 2026: Dispatch Server: Accepted socket connection from client
Fri Mar 27 16:59:23 2026: Starting Socket connection
Fri Mar 27 16:59:28 2026: SESSION_MGR: closing session for UUID 'c9206505-afca-4dbe-a65d-d33909772bbe' with name 'vitis-run_compile_FPGA_Mix_Hardware'
Fri Mar 27 16:59:28 2026: KERNEL_SVC: closing session for UUID 'c9206505-afca-4dbe-a65d-d33909772bbe' with name 'vitis-run_compile_FPGA_Mix_Hardware'
Fri Mar 27 16:59:28 2026: GUIDANCE_SMGR: closing session for UUID 'c9206505-afca-4dbe-a65d-d33909772bbe' with name 'vitis-run_compile_FPGA_Mix_Hardware'
Fri Mar 27 16:59:28 2026: SYSTEM_DIAGRAM: closing session for UUID 'c9206505-afca-4dbe-a65d-d33909772bbe' with name 'vitis-run_compile_FPGA_Mix_Hardware'
Fri Mar 27 16:59:28 2026: STOP_SERVER received, server token: 81d143fa-7976-47d1-8d4b-8e9849e235ca, passed token: 81d143fa-7976-47d1-8d4b-8e9849e235ca
Fri Mar 27 16:59:28 2026: Socket received request to stop server.
Fri Mar 27 16:59:28 2026: Dispatch Server: do_await_stop
Fri Mar 27 16:59:28 2026: Dispatch Server: stopping mainFifo_
Fri Mar 27 16:59:28 2026: XCD main fifo: Stopping
Fri Mar 27 16:59:28 2026: XCD main fifo: do_read error code: Operation canceled
Fri Mar 27 16:59:28 2026: XCD main fifo: bytes_transferred: 0
Fri Mar 27 16:59:28 2026: SERVER: destructor for server bound to port 33179
Fri Mar 27 16:59:28 2026: XCD main fifo: Good unlink of /tmp/xcdmain81d143fa-7976-47d1-8d4b-8e9849e235ca
Fri Mar 27 16:59:28 2026: Server exiting with status 0.
Fri Mar 27 16:59:28 2026: Closing log file.
Fri Mar 27 17:02:59 2026: Running xcd server. This server was built by gradle.
Fri Mar 27 17:02:59 2026: Server was asked to start on port: '41733'
Fri Mar 27 17:02:59 2026: Server is using token UUID: '4edb842e-76af-4d00-b8e5-098e1ceb08da'
Fri Mar 27 17:02:59 2026: SESSION_MGR: creating session with session uuid: '6d04a3e9-ade5-4ab9-8d63-1f78fcd2ec76' and name 'default'
Fri Mar 27 17:02:59 2026: Attempting to start server on port '41733'
Fri Mar 27 17:02:59 2026: XCD main fifo: created main fifo '/tmp/xcdmain4edb842e-76af-4d00-b8e5-098e1ceb08da', fd read = 13
Fri Mar 27 17:02:59 2026: Running Dispatch Server
Fri Mar 27 17:02:59 2026: Version 2.2.0
Fri Mar 27 17:03:00 2026: Dispatch Server: Accepted socket connection from client
Fri Mar 27 17:03:00 2026: Starting Socket connection
Fri Mar 27 17:03:00 2026: EXCHANGE_TOKEN received, server token: 4edb842e-76af-4d00-b8e5-098e1ceb08da, passed token: 4edb842e-76af-4d00-b8e5-098e1ceb08da
Fri Mar 27 17:03:01 2026: DISPATCH_HANDLER: Adding handler from function makeHandler in library libxv_system_diagram
Fri Mar 27 17:03:01 2026: SESSION_MGR: creating session with session uuid: 'd46bde7d-e2e1-43b6-a6a8-7d416df4dd86' and name 'vitis-run_compile_FPGA_Mix_Hardware'
Fri Mar 27 17:03:01 2026: KERNEL_SVC: creating session with uuid: 'd46bde7d-e2e1-43b6-a6a8-7d416df4dd86' and name 'vitis-run_compile_FPGA_Mix_Hardware'
Fri Mar 27 17:03:01 2026: GUIDANCE_SMGR: creating guidance session with uuid: 'd46bde7d-e2e1-43b6-a6a8-7d416df4dd86' and name 'vitis-run_compile_FPGA_Mix_Hardware'
Fri Mar 27 17:03:01 2026: SYSTEM_DIAGRAM: creating session with uuid: 'd46bde7d-e2e1-43b6-a6a8-7d416df4dd86' and name 'vitis-run_compile_FPGA_Mix_Hardware'
Fri Mar 27 17:03:06 2026: Dispatch Server: Accepted socket connection from client
Fri Mar 27 17:03:06 2026: Starting Socket connection
Fri Mar 27 17:03:10 2026: SESSION_MGR: closing session for UUID 'd46bde7d-e2e1-43b6-a6a8-7d416df4dd86' with name 'vitis-run_compile_FPGA_Mix_Hardware'
Fri Mar 27 17:03:10 2026: KERNEL_SVC: closing session for UUID 'd46bde7d-e2e1-43b6-a6a8-7d416df4dd86' with name 'vitis-run_compile_FPGA_Mix_Hardware'
Fri Mar 27 17:03:10 2026: GUIDANCE_SMGR: closing session for UUID 'd46bde7d-e2e1-43b6-a6a8-7d416df4dd86' with name 'vitis-run_compile_FPGA_Mix_Hardware'
Fri Mar 27 17:03:10 2026: SYSTEM_DIAGRAM: closing session for UUID 'd46bde7d-e2e1-43b6-a6a8-7d416df4dd86' with name 'vitis-run_compile_FPGA_Mix_Hardware'
Fri Mar 27 17:03:10 2026: STOP_SERVER received, server token: 4edb842e-76af-4d00-b8e5-098e1ceb08da, passed token: 4edb842e-76af-4d00-b8e5-098e1ceb08da
Fri Mar 27 17:03:10 2026: Socket received request to stop server.
Fri Mar 27 17:03:10 2026: Dispatch Server: do_await_stop
Fri Mar 27 17:03:10 2026: Dispatch Server: stopping mainFifo_
Fri Mar 27 17:03:10 2026: XCD main fifo: Stopping
Fri Mar 27 17:03:10 2026: XCD main fifo: do_read error code: Operation canceled
Fri Mar 27 17:03:10 2026: XCD main fifo: bytes_transferred: 0
Fri Mar 27 17:03:10 2026: SERVER: destructor for server bound to port 41733
Fri Mar 27 17:03:10 2026: XCD main fifo: Good unlink of /tmp/xcdmain4edb842e-76af-4d00-b8e5-098e1ceb08da
Fri Mar 27 17:03:10 2026: Server exiting with status 0.
Fri Mar 27 17:03:10 2026: Closing log file.
Fri Mar 27 17:09:44 2026: Running xcd server. This server was built by gradle.
Fri Mar 27 17:09:44 2026: Server was asked to start on port: '33281'
Fri Mar 27 17:09:44 2026: Server is using token UUID: '2b3b7a0d-fd67-4964-8515-28897946b252'
Fri Mar 27 17:09:44 2026: SESSION_MGR: creating session with session uuid: '6d04a3e9-ade5-4ab9-8d63-1f78fcd2ec76' and name 'default'
Fri Mar 27 17:09:44 2026: Attempting to start server on port '33281'
Fri Mar 27 17:09:44 2026: XCD main fifo: created main fifo '/tmp/xcdmain2b3b7a0d-fd67-4964-8515-28897946b252', fd read = 13
Fri Mar 27 17:09:44 2026: Running Dispatch Server
Fri Mar 27 17:09:44 2026: Version 2.2.0
Fri Mar 27 17:09:45 2026: Dispatch Server: Accepted socket connection from client
Fri Mar 27 17:09:45 2026: Starting Socket connection
Fri Mar 27 17:09:45 2026: EXCHANGE_TOKEN received, server token: 2b3b7a0d-fd67-4964-8515-28897946b252, passed token: 2b3b7a0d-fd67-4964-8515-28897946b252
Fri Mar 27 17:09:45 2026: DISPATCH_HANDLER: Adding handler from function makeHandler in library libxv_system_diagram
Fri Mar 27 17:09:45 2026: SESSION_MGR: creating session with session uuid: 'd5f8712c-60f8-4b1f-8d2a-6371e8e79f58' and name 'vitis-run_compile_FPGA_Mix_Hardware'
Fri Mar 27 17:09:45 2026: KERNEL_SVC: creating session with uuid: 'd5f8712c-60f8-4b1f-8d2a-6371e8e79f58' and name 'vitis-run_compile_FPGA_Mix_Hardware'
Fri Mar 27 17:09:45 2026: GUIDANCE_SMGR: creating guidance session with uuid: 'd5f8712c-60f8-4b1f-8d2a-6371e8e79f58' and name 'vitis-run_compile_FPGA_Mix_Hardware'
Fri Mar 27 17:09:45 2026: SYSTEM_DIAGRAM: creating session with uuid: 'd5f8712c-60f8-4b1f-8d2a-6371e8e79f58' and name 'vitis-run_compile_FPGA_Mix_Hardware'
Fri Mar 27 17:09:50 2026: Dispatch Server: Accepted socket connection from client
Fri Mar 27 17:09:50 2026: Starting Socket connection
Fri Mar 27 17:09:52 2026: SESSION_MGR: closing session for UUID 'd5f8712c-60f8-4b1f-8d2a-6371e8e79f58' with name 'vitis-run_compile_FPGA_Mix_Hardware'
Fri Mar 27 17:09:52 2026: KERNEL_SVC: closing session for UUID 'd5f8712c-60f8-4b1f-8d2a-6371e8e79f58' with name 'vitis-run_compile_FPGA_Mix_Hardware'
Fri Mar 27 17:09:52 2026: GUIDANCE_SMGR: closing session for UUID 'd5f8712c-60f8-4b1f-8d2a-6371e8e79f58' with name 'vitis-run_compile_FPGA_Mix_Hardware'
Fri Mar 27 17:09:52 2026: SYSTEM_DIAGRAM: closing session for UUID 'd5f8712c-60f8-4b1f-8d2a-6371e8e79f58' with name 'vitis-run_compile_FPGA_Mix_Hardware'
Fri Mar 27 17:09:52 2026: STOP_SERVER received, server token: 2b3b7a0d-fd67-4964-8515-28897946b252, passed token: 2b3b7a0d-fd67-4964-8515-28897946b252
Fri Mar 27 17:09:52 2026: Socket received request to stop server.
Fri Mar 27 17:09:52 2026: Dispatch Server: do_await_stop
Fri Mar 27 17:09:52 2026: Dispatch Server: stopping mainFifo_
Fri Mar 27 17:09:52 2026: XCD main fifo: Stopping
Fri Mar 27 17:09:52 2026: XCD main fifo: do_read error code: Operation canceled
Fri Mar 27 17:09:52 2026: XCD main fifo: bytes_transferred: 0
Fri Mar 27 17:09:52 2026: SERVER: destructor for server bound to port 33281
Fri Mar 27 17:09:52 2026: XCD main fifo: Good unlink of /tmp/xcdmain2b3b7a0d-fd67-4964-8515-28897946b252
Fri Mar 27 17:09:52 2026: Server exiting with status 0.
Fri Mar 27 17:09:52 2026: Closing log file.
Fri Mar 27 17:17:22 2026: Running xcd server. This server was built by gradle.
Fri Mar 27 17:17:22 2026: Server was asked to start on port: '36031'
Fri Mar 27 17:17:22 2026: Server is using token UUID: '57caac5f-b1de-4c1d-92f9-9ee9371c9e14'
Fri Mar 27 17:17:22 2026: SESSION_MGR: creating session with session uuid: '6d04a3e9-ade5-4ab9-8d63-1f78fcd2ec76' and name 'default'
Fri Mar 27 17:17:22 2026: Attempting to start server on port '36031'
Fri Mar 27 17:17:22 2026: XCD main fifo: created main fifo '/tmp/xcdmain57caac5f-b1de-4c1d-92f9-9ee9371c9e14', fd read = 13
Fri Mar 27 17:17:22 2026: Running Dispatch Server
Fri Mar 27 17:17:22 2026: Version 2.2.0
Fri Mar 27 17:17:23 2026: Dispatch Server: Accepted socket connection from client
Fri Mar 27 17:17:23 2026: Starting Socket connection
Fri Mar 27 17:17:23 2026: EXCHANGE_TOKEN received, server token: 57caac5f-b1de-4c1d-92f9-9ee9371c9e14, passed token: 57caac5f-b1de-4c1d-92f9-9ee9371c9e14
Fri Mar 27 17:17:23 2026: DISPATCH_HANDLER: Adding handler from function makeHandler in library libxv_system_diagram
Fri Mar 27 17:17:23 2026: SESSION_MGR: creating session with session uuid: 'd34dba31-9db6-4216-baed-daa338508680' and name 'vitis-run_compile_FPGA_Mix_Hardware'
Fri Mar 27 17:17:23 2026: KERNEL_SVC: creating session with uuid: 'd34dba31-9db6-4216-baed-daa338508680' and name 'vitis-run_compile_FPGA_Mix_Hardware'
Fri Mar 27 17:17:23 2026: GUIDANCE_SMGR: creating guidance session with uuid: 'd34dba31-9db6-4216-baed-daa338508680' and name 'vitis-run_compile_FPGA_Mix_Hardware'
Fri Mar 27 17:17:23 2026: SYSTEM_DIAGRAM: creating session with uuid: 'd34dba31-9db6-4216-baed-daa338508680' and name 'vitis-run_compile_FPGA_Mix_Hardware'
Fri Mar 27 17:17:28 2026: Dispatch Server: Accepted socket connection from client
Fri Mar 27 17:17:28 2026: Starting Socket connection
Fri Mar 27 17:17:32 2026: SESSION_MGR: closing session for UUID 'd34dba31-9db6-4216-baed-daa338508680' with name 'vitis-run_compile_FPGA_Mix_Hardware'
Fri Mar 27 17:17:32 2026: KERNEL_SVC: closing session for UUID 'd34dba31-9db6-4216-baed-daa338508680' with name 'vitis-run_compile_FPGA_Mix_Hardware'
Fri Mar 27 17:17:32 2026: GUIDANCE_SMGR: closing session for UUID 'd34dba31-9db6-4216-baed-daa338508680' with name 'vitis-run_compile_FPGA_Mix_Hardware'
Fri Mar 27 17:17:32 2026: SYSTEM_DIAGRAM: closing session for UUID 'd34dba31-9db6-4216-baed-daa338508680' with name 'vitis-run_compile_FPGA_Mix_Hardware'
Fri Mar 27 17:17:32 2026: STOP_SERVER received, server token: 57caac5f-b1de-4c1d-92f9-9ee9371c9e14, passed token: 57caac5f-b1de-4c1d-92f9-9ee9371c9e14
Fri Mar 27 17:17:32 2026: Socket received request to stop server.
Fri Mar 27 17:17:32 2026: Dispatch Server: do_await_stop
Fri Mar 27 17:17:32 2026: Dispatch Server: stopping mainFifo_
Fri Mar 27 17:17:32 2026: XCD main fifo: Stopping
Fri Mar 27 17:17:32 2026: XCD main fifo: do_read error code: Operation canceled
Fri Mar 27 17:17:32 2026: XCD main fifo: bytes_transferred: 0
Fri Mar 27 17:17:32 2026: SERVER: destructor for server bound to port 36031
Fri Mar 27 17:17:32 2026: XCD main fifo: Good unlink of /tmp/xcdmain57caac5f-b1de-4c1d-92f9-9ee9371c9e14
Fri Mar 27 17:17:32 2026: Server exiting with status 0.
Fri Mar 27 17:17:32 2026: Closing log file.
Fri Mar 27 17:22:46 2026: Running xcd server. This server was built by gradle.
Fri Mar 27 17:22:46 2026: Server was asked to start on port: '33001'
Fri Mar 27 17:22:46 2026: Server is using token UUID: '1a50b33b-17d3-4832-bb33-b0cb495d15c7'
Fri Mar 27 17:22:46 2026: SESSION_MGR: creating session with session uuid: '6d04a3e9-ade5-4ab9-8d63-1f78fcd2ec76' and name 'default'
Fri Mar 27 17:22:46 2026: Attempting to start server on port '33001'
Fri Mar 27 17:22:46 2026: XCD main fifo: created main fifo '/tmp/xcdmain1a50b33b-17d3-4832-bb33-b0cb495d15c7', fd read = 13
Fri Mar 27 17:22:46 2026: Running Dispatch Server
Fri Mar 27 17:22:46 2026: Version 2.2.0
Fri Mar 27 17:22:47 2026: Dispatch Server: Accepted socket connection from client
Fri Mar 27 17:22:47 2026: Starting Socket connection
Fri Mar 27 17:22:47 2026: EXCHANGE_TOKEN received, server token: 1a50b33b-17d3-4832-bb33-b0cb495d15c7, passed token: 1a50b33b-17d3-4832-bb33-b0cb495d15c7
Fri Mar 27 17:22:47 2026: DISPATCH_HANDLER: Adding handler from function makeHandler in library libxv_system_diagram
Fri Mar 27 17:22:47 2026: SESSION_MGR: creating session with session uuid: '5c1e5ff0-4aec-48f2-b3c3-0bd07ff8b23e' and name 'vitis-run_compile_FPGA_Mix_Hardware'
Fri Mar 27 17:22:47 2026: KERNEL_SVC: creating session with uuid: '5c1e5ff0-4aec-48f2-b3c3-0bd07ff8b23e' and name 'vitis-run_compile_FPGA_Mix_Hardware'
Fri Mar 27 17:22:47 2026: GUIDANCE_SMGR: creating guidance session with uuid: '5c1e5ff0-4aec-48f2-b3c3-0bd07ff8b23e' and name 'vitis-run_compile_FPGA_Mix_Hardware'
Fri Mar 27 17:22:47 2026: SYSTEM_DIAGRAM: creating session with uuid: '5c1e5ff0-4aec-48f2-b3c3-0bd07ff8b23e' and name 'vitis-run_compile_FPGA_Mix_Hardware'
Fri Mar 27 17:22:52 2026: Dispatch Server: Accepted socket connection from client
Fri Mar 27 17:22:52 2026: Starting Socket connection
Fri Mar 27 17:22:56 2026: SESSION_MGR: closing session for UUID '5c1e5ff0-4aec-48f2-b3c3-0bd07ff8b23e' with name 'vitis-run_compile_FPGA_Mix_Hardware'
Fri Mar 27 17:22:56 2026: KERNEL_SVC: closing session for UUID '5c1e5ff0-4aec-48f2-b3c3-0bd07ff8b23e' with name 'vitis-run_compile_FPGA_Mix_Hardware'
Fri Mar 27 17:22:56 2026: GUIDANCE_SMGR: closing session for UUID '5c1e5ff0-4aec-48f2-b3c3-0bd07ff8b23e' with name 'vitis-run_compile_FPGA_Mix_Hardware'
Fri Mar 27 17:22:56 2026: SYSTEM_DIAGRAM: closing session for UUID '5c1e5ff0-4aec-48f2-b3c3-0bd07ff8b23e' with name 'vitis-run_compile_FPGA_Mix_Hardware'
Fri Mar 27 17:22:56 2026: STOP_SERVER received, server token: 1a50b33b-17d3-4832-bb33-b0cb495d15c7, passed token: 1a50b33b-17d3-4832-bb33-b0cb495d15c7
Fri Mar 27 17:22:56 2026: Socket received request to stop server.
Fri Mar 27 17:22:56 2026: Dispatch Server: do_await_stop
Fri Mar 27 17:22:56 2026: Dispatch Server: stopping mainFifo_
Fri Mar 27 17:22:56 2026: XCD main fifo: Stopping
Fri Mar 27 17:22:56 2026: XCD main fifo: do_read error code: Operation canceled
Fri Mar 27 17:22:56 2026: XCD main fifo: bytes_transferred: 0
Fri Mar 27 17:22:56 2026: SERVER: destructor for server bound to port 33001
Fri Mar 27 17:22:56 2026: XCD main fifo: Good unlink of /tmp/xcdmain1a50b33b-17d3-4832-bb33-b0cb495d15c7
Fri Mar 27 17:22:56 2026: Server exiting with status 0.
Fri Mar 27 17:22:56 2026: Closing log file.
Fri Mar 27 17:30:14 2026: Running xcd server. This server was built by gradle.
Fri Mar 27 17:30:14 2026: Server was asked to start on port: '36447'
Fri Mar 27 17:30:14 2026: Server is using token UUID: 'd0c77b11-76fd-4720-9b35-cf3eb58f4eda'
Fri Mar 27 17:30:14 2026: SESSION_MGR: creating session with session uuid: '6d04a3e9-ade5-4ab9-8d63-1f78fcd2ec76' and name 'default'
Fri Mar 27 17:30:14 2026: Attempting to start server on port '36447'
Fri Mar 27 17:30:14 2026: XCD main fifo: created main fifo '/tmp/xcdmaind0c77b11-76fd-4720-9b35-cf3eb58f4eda', fd read = 13
Fri Mar 27 17:30:14 2026: Running Dispatch Server
Fri Mar 27 17:30:14 2026: Version 2.2.0
Fri Mar 27 17:30:16 2026: Dispatch Server: Accepted socket connection from client
Fri Mar 27 17:30:16 2026: Starting Socket connection
Fri Mar 27 17:30:16 2026: EXCHANGE_TOKEN received, server token: d0c77b11-76fd-4720-9b35-cf3eb58f4eda, passed token: d0c77b11-76fd-4720-9b35-cf3eb58f4eda
Fri Mar 27 17:30:16 2026: DISPATCH_HANDLER: Adding handler from function makeHandler in library libxv_system_diagram
Fri Mar 27 17:30:16 2026: SESSION_MGR: creating session with session uuid: '39d620e8-7365-47da-bf7f-e00406d9a114' and name 'vitis-run_compile_FPGA_Mix_Hardware'
Fri Mar 27 17:30:16 2026: KERNEL_SVC: creating session with uuid: '39d620e8-7365-47da-bf7f-e00406d9a114' and name 'vitis-run_compile_FPGA_Mix_Hardware'
Fri Mar 27 17:30:16 2026: GUIDANCE_SMGR: creating guidance session with uuid: '39d620e8-7365-47da-bf7f-e00406d9a114' and name 'vitis-run_compile_FPGA_Mix_Hardware'
Fri Mar 27 17:30:16 2026: SYSTEM_DIAGRAM: creating session with uuid: '39d620e8-7365-47da-bf7f-e00406d9a114' and name 'vitis-run_compile_FPGA_Mix_Hardware'
Fri Mar 27 17:30:18 2026: Dispatch Server: Accepted socket connection from client
Fri Mar 27 17:30:18 2026: Starting Socket connection
Fri Mar 27 17:30:20 2026: SESSION_MGR: closing session for UUID '39d620e8-7365-47da-bf7f-e00406d9a114' with name 'vitis-run_compile_FPGA_Mix_Hardware'
Fri Mar 27 17:30:20 2026: KERNEL_SVC: closing session for UUID '39d620e8-7365-47da-bf7f-e00406d9a114' with name 'vitis-run_compile_FPGA_Mix_Hardware'
Fri Mar 27 17:30:20 2026: GUIDANCE_SMGR: closing session for UUID '39d620e8-7365-47da-bf7f-e00406d9a114' with name 'vitis-run_compile_FPGA_Mix_Hardware'
Fri Mar 27 17:30:20 2026: SYSTEM_DIAGRAM: closing session for UUID '39d620e8-7365-47da-bf7f-e00406d9a114' with name 'vitis-run_compile_FPGA_Mix_Hardware'
Fri Mar 27 17:30:20 2026: STOP_SERVER received, server token: d0c77b11-76fd-4720-9b35-cf3eb58f4eda, passed token: d0c77b11-76fd-4720-9b35-cf3eb58f4eda
Fri Mar 27 17:30:20 2026: Socket received request to stop server.
Fri Mar 27 17:30:20 2026: Dispatch Server: do_await_stop
Fri Mar 27 17:30:20 2026: Dispatch Server: stopping mainFifo_
Fri Mar 27 17:30:20 2026: XCD main fifo: Stopping
Fri Mar 27 17:30:20 2026: XCD main fifo: do_read error code: Operation canceled
Fri Mar 27 17:30:20 2026: XCD main fifo: bytes_transferred: 0
Fri Mar 27 17:30:20 2026: SERVER: destructor for server bound to port 36447
Fri Mar 27 17:30:20 2026: XCD main fifo: Good unlink of /tmp/xcdmaind0c77b11-76fd-4720-9b35-cf3eb58f4eda
Fri Mar 27 17:30:20 2026: Server exiting with status 0.
Fri Mar 27 17:30:20 2026: Closing log file.
Fri Mar 27 17:42:57 2026: Running xcd server. This server was built by gradle.
Fri Mar 27 17:42:57 2026: Server was asked to start on port: '46685'
Fri Mar 27 17:42:57 2026: Server is using token UUID: '4c686563-e4f6-44b3-8859-aa8d1ba8e7be'
Fri Mar 27 17:42:57 2026: SESSION_MGR: creating session with session uuid: '6d04a3e9-ade5-4ab9-8d63-1f78fcd2ec76' and name 'default'
Fri Mar 27 17:42:57 2026: Attempting to start server on port '46685'
Fri Mar 27 17:42:57 2026: XCD main fifo: created main fifo '/tmp/xcdmain4c686563-e4f6-44b3-8859-aa8d1ba8e7be', fd read = 13
Fri Mar 27 17:42:57 2026: Running Dispatch Server
Fri Mar 27 17:42:57 2026: Version 2.2.0
Fri Mar 27 17:42:58 2026: Dispatch Server: Accepted socket connection from client
Fri Mar 27 17:42:58 2026: Starting Socket connection
Fri Mar 27 17:42:58 2026: EXCHANGE_TOKEN received, server token: 4c686563-e4f6-44b3-8859-aa8d1ba8e7be, passed token: 4c686563-e4f6-44b3-8859-aa8d1ba8e7be
Fri Mar 27 17:42:58 2026: DISPATCH_HANDLER: Adding handler from function makeHandler in library libxv_system_diagram
Fri Mar 27 17:42:58 2026: SESSION_MGR: creating session with session uuid: 'e0fa8116-8773-4daa-9c5b-f245dfed0420' and name 'v++_compile_FPGA_Mix_Hardware'
Fri Mar 27 17:42:58 2026: KERNEL_SVC: creating session with uuid: 'e0fa8116-8773-4daa-9c5b-f245dfed0420' and name 'v++_compile_FPGA_Mix_Hardware'
Fri Mar 27 17:42:58 2026: GUIDANCE_SMGR: creating guidance session with uuid: 'e0fa8116-8773-4daa-9c5b-f245dfed0420' and name 'v++_compile_FPGA_Mix_Hardware'
Fri Mar 27 17:42:58 2026: SYSTEM_DIAGRAM: creating session with uuid: 'e0fa8116-8773-4daa-9c5b-f245dfed0420' and name 'v++_compile_FPGA_Mix_Hardware'
Fri Mar 27 17:43:01 2026: Dispatch Server: Accepted socket connection from client
Fri Mar 27 17:43:01 2026: Starting Socket connection
Fri Mar 27 17:43:13 2026: SESSION_MGR: closing session for UUID 'e0fa8116-8773-4daa-9c5b-f245dfed0420' with name 'v++_compile_FPGA_Mix_Hardware'
Fri Mar 27 17:43:13 2026: KERNEL_SVC: closing session for UUID 'e0fa8116-8773-4daa-9c5b-f245dfed0420' with name 'v++_compile_FPGA_Mix_Hardware'
Fri Mar 27 17:43:13 2026: GUIDANCE_SMGR: closing session for UUID 'e0fa8116-8773-4daa-9c5b-f245dfed0420' with name 'v++_compile_FPGA_Mix_Hardware'
Fri Mar 27 17:43:13 2026: SYSTEM_DIAGRAM: closing session for UUID 'e0fa8116-8773-4daa-9c5b-f245dfed0420' with name 'v++_compile_FPGA_Mix_Hardware'
Fri Mar 27 17:43:13 2026: STOP_SERVER received, server token: 4c686563-e4f6-44b3-8859-aa8d1ba8e7be, passed token: 4c686563-e4f6-44b3-8859-aa8d1ba8e7be
Fri Mar 27 17:43:13 2026: Socket received request to stop server.
Fri Mar 27 17:43:13 2026: Dispatch Server: do_await_stop
Fri Mar 27 17:43:13 2026: Dispatch Server: stopping mainFifo_
Fri Mar 27 17:43:13 2026: XCD main fifo: Stopping
Fri Mar 27 17:43:13 2026: XCD main fifo: do_read error code: Operation canceled
Fri Mar 27 17:43:13 2026: XCD main fifo: bytes_transferred: 0
Fri Mar 27 17:43:13 2026: SERVER: destructor for server bound to port 46685
Fri Mar 27 17:43:13 2026: XCD main fifo: Good unlink of /tmp/xcdmain4c686563-e4f6-44b3-8859-aa8d1ba8e7be
Fri Mar 27 17:43:13 2026: Server exiting with status 0.
Fri Mar 27 17:43:13 2026: Closing log file.
Mon Apr 20 16:27:29 2026: Running xcd server. This server was built by gradle.
Mon Apr 20 16:27:29 2026: Server was asked to start on port: '34097'
Mon Apr 20 16:27:29 2026: Server is using token UUID: '34ef1a12-b595-4932-9b33-9d86d9832db2'
Mon Apr 20 16:27:29 2026: SESSION_MGR: creating session with session uuid: '6d04a3e9-ade5-4ab9-8d63-1f78fcd2ec76' and name 'default'
Mon Apr 20 16:27:29 2026: Attempting to start server on port '34097'
Mon Apr 20 16:27:29 2026: XCD main fifo: created main fifo '/tmp/xcdmain34ef1a12-b595-4932-9b33-9d86d9832db2', fd read = 13
Mon Apr 20 16:27:29 2026: Running Dispatch Server
Mon Apr 20 16:27:29 2026: Version 2.2.0
Mon Apr 20 16:27:31 2026: Dispatch Server: Accepted socket connection from client
Mon Apr 20 16:27:31 2026: Starting Socket connection
Mon Apr 20 16:27:31 2026: EXCHANGE_TOKEN received, server token: 34ef1a12-b595-4932-9b33-9d86d9832db2, passed token: 34ef1a12-b595-4932-9b33-9d86d9832db2
Mon Apr 20 16:27:31 2026: DISPATCH_HANDLER: Adding handler from function makeHandler in library libxv_system_diagram
Mon Apr 20 16:27:31 2026: SESSION_MGR: creating session with session uuid: '34518641-2520-4981-b10e-048a775fbfc8' and name 'v++_compile_FPGA_Mix_Hardware'
Mon Apr 20 16:27:31 2026: KERNEL_SVC: creating session with uuid: '34518641-2520-4981-b10e-048a775fbfc8' and name 'v++_compile_FPGA_Mix_Hardware'
Mon Apr 20 16:27:31 2026: GUIDANCE_SMGR: creating guidance session with uuid: '34518641-2520-4981-b10e-048a775fbfc8' and name 'v++_compile_FPGA_Mix_Hardware'
Mon Apr 20 16:27:31 2026: SYSTEM_DIAGRAM: creating session with uuid: '34518641-2520-4981-b10e-048a775fbfc8' and name 'v++_compile_FPGA_Mix_Hardware'
Mon Apr 20 16:27:34 2026: Dispatch Server: Accepted socket connection from client
Mon Apr 20 16:27:34 2026: Starting Socket connection
Mon Apr 20 16:27:45 2026: SESSION_MGR: closing session for UUID '34518641-2520-4981-b10e-048a775fbfc8' with name 'v++_compile_FPGA_Mix_Hardware'
Mon Apr 20 16:27:45 2026: KERNEL_SVC: closing session for UUID '34518641-2520-4981-b10e-048a775fbfc8' with name 'v++_compile_FPGA_Mix_Hardware'
Mon Apr 20 16:27:45 2026: GUIDANCE_SMGR: closing session for UUID '34518641-2520-4981-b10e-048a775fbfc8' with name 'v++_compile_FPGA_Mix_Hardware'
Mon Apr 20 16:27:45 2026: SYSTEM_DIAGRAM: closing session for UUID '34518641-2520-4981-b10e-048a775fbfc8' with name 'v++_compile_FPGA_Mix_Hardware'
Mon Apr 20 16:27:45 2026: STOP_SERVER received, server token: 34ef1a12-b595-4932-9b33-9d86d9832db2, passed token: 34ef1a12-b595-4932-9b33-9d86d9832db2
Mon Apr 20 16:27:45 2026: Socket received request to stop server.
Mon Apr 20 16:27:45 2026: Dispatch Server: do_await_stop
Mon Apr 20 16:27:45 2026: Dispatch Server: stopping mainFifo_
Mon Apr 20 16:27:45 2026: XCD main fifo: Stopping
Mon Apr 20 16:27:45 2026: XCD main fifo: do_read error code: Operation canceled
Mon Apr 20 16:27:45 2026: XCD main fifo: bytes_transferred: 0
Mon Apr 20 16:27:45 2026: SERVER: destructor for server bound to port 34097
Mon Apr 20 16:27:45 2026: XCD main fifo: Good unlink of /tmp/xcdmain34ef1a12-b595-4932-9b33-9d86d9832db2
Mon Apr 20 16:27:45 2026: Server exiting with status 0.
Mon Apr 20 16:27:45 2026: Closing log file.
Mon Apr 20 16:27:54 2026: Running xcd server. This server was built by gradle.
Mon Apr 20 16:27:54 2026: Server was asked to start on port: '33727'
Mon Apr 20 16:27:54 2026: Server is using token UUID: 'fda48654-9b6f-40e6-9227-f2a748904fc4'
Mon Apr 20 16:27:54 2026: SESSION_MGR: creating session with session uuid: '6d04a3e9-ade5-4ab9-8d63-1f78fcd2ec76' and name 'default'
Mon Apr 20 16:27:54 2026: Attempting to start server on port '33727'
Mon Apr 20 16:27:54 2026: XCD main fifo: created main fifo '/tmp/xcdmainfda48654-9b6f-40e6-9227-f2a748904fc4', fd read = 13
Mon Apr 20 16:27:54 2026: Running Dispatch Server
Mon Apr 20 16:27:54 2026: Version 2.2.0
Mon Apr 20 16:27:56 2026: Dispatch Server: Accepted socket connection from client
Mon Apr 20 16:27:56 2026: Starting Socket connection
Mon Apr 20 16:27:56 2026: EXCHANGE_TOKEN received, server token: fda48654-9b6f-40e6-9227-f2a748904fc4, passed token: fda48654-9b6f-40e6-9227-f2a748904fc4
Mon Apr 20 16:27:56 2026: DISPATCH_HANDLER: Adding handler from function makeHandler in library libxv_system_diagram
Mon Apr 20 16:27:56 2026: SESSION_MGR: creating session with session uuid: '4984fa6f-5b69-4da3-a026-81447e615231' and name 'vitis-run_compile_FPGA_Mix_Hardware'
Mon Apr 20 16:27:56 2026: KERNEL_SVC: creating session with uuid: '4984fa6f-5b69-4da3-a026-81447e615231' and name 'vitis-run_compile_FPGA_Mix_Hardware'
Mon Apr 20 16:27:56 2026: GUIDANCE_SMGR: creating guidance session with uuid: '4984fa6f-5b69-4da3-a026-81447e615231' and name 'vitis-run_compile_FPGA_Mix_Hardware'
Mon Apr 20 16:27:56 2026: SYSTEM_DIAGRAM: creating session with uuid: '4984fa6f-5b69-4da3-a026-81447e615231' and name 'vitis-run_compile_FPGA_Mix_Hardware'
Mon Apr 20 16:27:59 2026: Dispatch Server: Accepted socket connection from client
Mon Apr 20 16:27:59 2026: Starting Socket connection
Mon Apr 20 16:28:03 2026: SESSION_MGR: closing session for UUID '4984fa6f-5b69-4da3-a026-81447e615231' with name 'vitis-run_compile_FPGA_Mix_Hardware'
Mon Apr 20 16:28:03 2026: KERNEL_SVC: closing session for UUID '4984fa6f-5b69-4da3-a026-81447e615231' with name 'vitis-run_compile_FPGA_Mix_Hardware'
Mon Apr 20 16:28:03 2026: GUIDANCE_SMGR: closing session for UUID '4984fa6f-5b69-4da3-a026-81447e615231' with name 'vitis-run_compile_FPGA_Mix_Hardware'
Mon Apr 20 16:28:03 2026: SYSTEM_DIAGRAM: closing session for UUID '4984fa6f-5b69-4da3-a026-81447e615231' with name 'vitis-run_compile_FPGA_Mix_Hardware'
Mon Apr 20 16:28:03 2026: STOP_SERVER received, server token: fda48654-9b6f-40e6-9227-f2a748904fc4, passed token: fda48654-9b6f-40e6-9227-f2a748904fc4
Mon Apr 20 16:28:03 2026: Socket received request to stop server.
Mon Apr 20 16:28:03 2026: Dispatch Server: do_await_stop
Mon Apr 20 16:28:03 2026: Dispatch Server: stopping mainFifo_
Mon Apr 20 16:28:03 2026: XCD main fifo: Stopping
Mon Apr 20 16:28:03 2026: XCD main fifo: do_read error code: Operation canceled
Mon Apr 20 16:28:03 2026: XCD main fifo: bytes_transferred: 0
Mon Apr 20 16:28:03 2026: SERVER: destructor for server bound to port 33727
Mon Apr 20 16:28:03 2026: XCD main fifo: Good unlink of /tmp/xcdmainfda48654-9b6f-40e6-9227-f2a748904fc4
Mon Apr 20 16:28:03 2026: Server exiting with status 0.
Mon Apr 20 16:28:03 2026: Closing log file.
Wed Apr 22 15:12:33 2026: Running xcd server. This server was built by gradle.
Wed Apr 22 15:12:33 2026: Server was asked to start on port: '43089'
Wed Apr 22 15:12:33 2026: Server is using token UUID: 'c5c4575d-ea90-4534-9667-5b3b71a6bc92'
Wed Apr 22 15:12:33 2026: SESSION_MGR: creating session with session uuid: '6d04a3e9-ade5-4ab9-8d63-1f78fcd2ec76' and name 'default'
Wed Apr 22 15:12:33 2026: Attempting to start server on port '43089'
Wed Apr 22 15:12:33 2026: XCD main fifo: created main fifo '/tmp/xcdmainc5c4575d-ea90-4534-9667-5b3b71a6bc92', fd read = 13
Wed Apr 22 15:12:33 2026: Running Dispatch Server
Wed Apr 22 15:12:33 2026: Version 2.2.0
Wed Apr 22 15:12:35 2026: Dispatch Server: Accepted socket connection from client
Wed Apr 22 15:12:35 2026: Starting Socket connection
Wed Apr 22 15:12:35 2026: EXCHANGE_TOKEN received, server token: c5c4575d-ea90-4534-9667-5b3b71a6bc92, passed token: c5c4575d-ea90-4534-9667-5b3b71a6bc92
Wed Apr 22 15:12:35 2026: DISPATCH_HANDLER: Adding handler from function makeHandler in library libxv_system_diagram
Wed Apr 22 15:12:35 2026: SESSION_MGR: creating session with session uuid: '53f2fb70-2da0-47d4-b4af-852f744de0ee' and name 'vitis-run_compile_FPGA_Mix_Hardware'
Wed Apr 22 15:12:35 2026: KERNEL_SVC: creating session with uuid: '53f2fb70-2da0-47d4-b4af-852f744de0ee' and name 'vitis-run_compile_FPGA_Mix_Hardware'
Wed Apr 22 15:12:35 2026: GUIDANCE_SMGR: creating guidance session with uuid: '53f2fb70-2da0-47d4-b4af-852f744de0ee' and name 'vitis-run_compile_FPGA_Mix_Hardware'
Wed Apr 22 15:12:35 2026: SYSTEM_DIAGRAM: creating session with uuid: '53f2fb70-2da0-47d4-b4af-852f744de0ee' and name 'vitis-run_compile_FPGA_Mix_Hardware'
Wed Apr 22 15:12:38 2026: Dispatch Server: Accepted socket connection from client
Wed Apr 22 15:12:38 2026: Starting Socket connection
Wed Apr 22 15:12:40 2026: SESSION_MGR: closing session for UUID '53f2fb70-2da0-47d4-b4af-852f744de0ee' with name 'vitis-run_compile_FPGA_Mix_Hardware'
Wed Apr 22 15:12:40 2026: KERNEL_SVC: closing session for UUID '53f2fb70-2da0-47d4-b4af-852f744de0ee' with name 'vitis-run_compile_FPGA_Mix_Hardware'
Wed Apr 22 15:12:40 2026: GUIDANCE_SMGR: closing session for UUID '53f2fb70-2da0-47d4-b4af-852f744de0ee' with name 'vitis-run_compile_FPGA_Mix_Hardware'
Wed Apr 22 15:12:40 2026: SYSTEM_DIAGRAM: closing session for UUID '53f2fb70-2da0-47d4-b4af-852f744de0ee' with name 'vitis-run_compile_FPGA_Mix_Hardware'
Wed Apr 22 15:12:40 2026: STOP_SERVER received, server token: c5c4575d-ea90-4534-9667-5b3b71a6bc92, passed token: c5c4575d-ea90-4534-9667-5b3b71a6bc92
Wed Apr 22 15:12:40 2026: Socket received request to stop server.
Wed Apr 22 15:12:40 2026: Dispatch Server: do_await_stop
Wed Apr 22 15:12:40 2026: Dispatch Server: stopping mainFifo_
Wed Apr 22 15:12:40 2026: XCD main fifo: Stopping
Wed Apr 22 15:12:40 2026: XCD main fifo: do_read error code: Operation canceled
Wed Apr 22 15:12:40 2026: XCD main fifo: bytes_transferred: 0
Wed Apr 22 15:12:40 2026: SERVER: destructor for server bound to port 43089
Wed Apr 22 15:12:40 2026: XCD main fifo: Good unlink of /tmp/xcdmainc5c4575d-ea90-4534-9667-5b3b71a6bc92
Wed Apr 22 15:12:40 2026: Server exiting with status 0.
Wed Apr 22 15:12:40 2026: Closing log file.
Wed Apr 22 15:12:50 2026: Running xcd server. This server was built by gradle.
Wed Apr 22 15:12:50 2026: Server was asked to start on port: '44013'
Wed Apr 22 15:12:50 2026: Server is using token UUID: '00dfad60-9dcd-489d-94ed-203031c088ed'
Wed Apr 22 15:12:50 2026: SESSION_MGR: creating session with session uuid: '6d04a3e9-ade5-4ab9-8d63-1f78fcd2ec76' and name 'default'
Wed Apr 22 15:12:50 2026: Attempting to start server on port '44013'
Wed Apr 22 15:12:50 2026: XCD main fifo: created main fifo '/tmp/xcdmain00dfad60-9dcd-489d-94ed-203031c088ed', fd read = 13
Wed Apr 22 15:12:50 2026: Running Dispatch Server
Wed Apr 22 15:12:50 2026: Version 2.2.0
Wed Apr 22 15:12:51 2026: Dispatch Server: Accepted socket connection from client
Wed Apr 22 15:12:51 2026: Starting Socket connection
Wed Apr 22 15:12:51 2026: EXCHANGE_TOKEN received, server token: 00dfad60-9dcd-489d-94ed-203031c088ed, passed token: 00dfad60-9dcd-489d-94ed-203031c088ed
Wed Apr 22 15:12:51 2026: DISPATCH_HANDLER: Adding handler from function makeHandler in library libxv_system_diagram
Wed Apr 22 15:12:51 2026: SESSION_MGR: creating session with session uuid: '9d411a65-f393-441b-912f-dda88780f92f' and name 'v++_compile_FPGA_Mix_Hardware'
Wed Apr 22 15:12:51 2026: KERNEL_SVC: creating session with uuid: '9d411a65-f393-441b-912f-dda88780f92f' and name 'v++_compile_FPGA_Mix_Hardware'
Wed Apr 22 15:12:51 2026: GUIDANCE_SMGR: creating guidance session with uuid: '9d411a65-f393-441b-912f-dda88780f92f' and name 'v++_compile_FPGA_Mix_Hardware'
Wed Apr 22 15:12:51 2026: SYSTEM_DIAGRAM: creating session with uuid: '9d411a65-f393-441b-912f-dda88780f92f' and name 'v++_compile_FPGA_Mix_Hardware'
Wed Apr 22 15:12:54 2026: Dispatch Server: Accepted socket connection from client
Wed Apr 22 15:12:54 2026: Starting Socket connection
Wed Apr 22 15:13:06 2026: SESSION_MGR: closing session for UUID '9d411a65-f393-441b-912f-dda88780f92f' with name 'v++_compile_FPGA_Mix_Hardware'
Wed Apr 22 15:13:06 2026: KERNEL_SVC: closing session for UUID '9d411a65-f393-441b-912f-dda88780f92f' with name 'v++_compile_FPGA_Mix_Hardware'
Wed Apr 22 15:13:06 2026: GUIDANCE_SMGR: closing session for UUID '9d411a65-f393-441b-912f-dda88780f92f' with name 'v++_compile_FPGA_Mix_Hardware'
Wed Apr 22 15:13:06 2026: SYSTEM_DIAGRAM: closing session for UUID '9d411a65-f393-441b-912f-dda88780f92f' with name 'v++_compile_FPGA_Mix_Hardware'
Wed Apr 22 15:13:06 2026: STOP_SERVER received, server token: 00dfad60-9dcd-489d-94ed-203031c088ed, passed token: 00dfad60-9dcd-489d-94ed-203031c088ed
Wed Apr 22 15:13:06 2026: Socket received request to stop server.
Wed Apr 22 15:13:06 2026: Dispatch Server: do_await_stop
Wed Apr 22 15:13:06 2026: Dispatch Server: stopping mainFifo_
Wed Apr 22 15:13:06 2026: XCD main fifo: Stopping
Wed Apr 22 15:13:06 2026: XCD main fifo: do_read error code: Operation canceled
Wed Apr 22 15:13:06 2026: XCD main fifo: bytes_transferred: 0
Wed Apr 22 15:13:06 2026: SERVER: destructor for server bound to port 44013
Wed Apr 22 15:13:06 2026: XCD main fifo: Good unlink of /tmp/xcdmain00dfad60-9dcd-489d-94ed-203031c088ed
Wed Apr 22 15:13:06 2026: Server exiting with status 0.
Wed Apr 22 15:13:06 2026: Closing log file.
Wed Apr 22 15:13:20 2026: Running xcd server. This server was built by gradle.
Wed Apr 22 15:13:20 2026: Server was asked to start on port: '39655'
Wed Apr 22 15:13:20 2026: Server is using token UUID: 'fa843e46-9390-416e-b221-f69f14a6a1cd'
Wed Apr 22 15:13:20 2026: SESSION_MGR: creating session with session uuid: '6d04a3e9-ade5-4ab9-8d63-1f78fcd2ec76' and name 'default'
Wed Apr 22 15:13:20 2026: Attempting to start server on port '39655'
Wed Apr 22 15:13:20 2026: XCD main fifo: created main fifo '/tmp/xcdmainfa843e46-9390-416e-b221-f69f14a6a1cd', fd read = 13
Wed Apr 22 15:13:20 2026: Running Dispatch Server
Wed Apr 22 15:13:20 2026: Version 2.2.0
Wed Apr 22 15:13:21 2026: Dispatch Server: Accepted socket connection from client
Wed Apr 22 15:13:21 2026: Starting Socket connection
Wed Apr 22 15:13:21 2026: EXCHANGE_TOKEN received, server token: fa843e46-9390-416e-b221-f69f14a6a1cd, passed token: fa843e46-9390-416e-b221-f69f14a6a1cd
Wed Apr 22 15:13:22 2026: DISPATCH_HANDLER: Adding handler from function makeHandler in library libxv_system_diagram
Wed Apr 22 15:13:22 2026: SESSION_MGR: creating session with session uuid: 'bb679694-5b8d-4b6b-8f9e-ee56e7c22cdd' and name 'vitis-run_compile_FPGA_Mix_Hardware'
Wed Apr 22 15:13:22 2026: KERNEL_SVC: creating session with uuid: 'bb679694-5b8d-4b6b-8f9e-ee56e7c22cdd' and name 'vitis-run_compile_FPGA_Mix_Hardware'
Wed Apr 22 15:13:22 2026: GUIDANCE_SMGR: creating guidance session with uuid: 'bb679694-5b8d-4b6b-8f9e-ee56e7c22cdd' and name 'vitis-run_compile_FPGA_Mix_Hardware'
Wed Apr 22 15:13:22 2026: SYSTEM_DIAGRAM: creating session with uuid: 'bb679694-5b8d-4b6b-8f9e-ee56e7c22cdd' and name 'vitis-run_compile_FPGA_Mix_Hardware'
Wed Apr 22 15:13:24 2026: Dispatch Server: Accepted socket connection from client
Wed Apr 22 15:13:24 2026: Starting Socket connection
Wed Apr 22 15:13:29 2026: SESSION_MGR: closing session for UUID 'bb679694-5b8d-4b6b-8f9e-ee56e7c22cdd' with name 'vitis-run_compile_FPGA_Mix_Hardware'
Wed Apr 22 15:13:29 2026: KERNEL_SVC: closing session for UUID 'bb679694-5b8d-4b6b-8f9e-ee56e7c22cdd' with name 'vitis-run_compile_FPGA_Mix_Hardware'
Wed Apr 22 15:13:29 2026: GUIDANCE_SMGR: closing session for UUID 'bb679694-5b8d-4b6b-8f9e-ee56e7c22cdd' with name 'vitis-run_compile_FPGA_Mix_Hardware'
Wed Apr 22 15:13:29 2026: SYSTEM_DIAGRAM: closing session for UUID 'bb679694-5b8d-4b6b-8f9e-ee56e7c22cdd' with name 'vitis-run_compile_FPGA_Mix_Hardware'
Wed Apr 22 15:13:29 2026: STOP_SERVER received, server token: fa843e46-9390-416e-b221-f69f14a6a1cd, passed token: fa843e46-9390-416e-b221-f69f14a6a1cd
Wed Apr 22 15:13:29 2026: Socket received request to stop server.
Wed Apr 22 15:13:29 2026: Dispatch Server: do_await_stop
Wed Apr 22 15:13:29 2026: Dispatch Server: stopping mainFifo_
Wed Apr 22 15:13:29 2026: XCD main fifo: Stopping
Wed Apr 22 15:13:29 2026: XCD main fifo: do_read error code: Operation canceled
Wed Apr 22 15:13:29 2026: XCD main fifo: bytes_transferred: 0
Wed Apr 22 15:13:29 2026: SERVER: destructor for server bound to port 39655
Wed Apr 22 15:13:29 2026: XCD main fifo: Good unlink of /tmp/xcdmainfa843e46-9390-416e-b221-f69f14a6a1cd
Wed Apr 22 15:13:29 2026: Server exiting with status 0.
Wed Apr 22 15:13:29 2026: Closing log file.
Wed Apr 22 15:40:11 2026: Running xcd server. This server was built by gradle.
Wed Apr 22 15:40:11 2026: Server was asked to start on port: '35239'
Wed Apr 22 15:40:11 2026: Server is using token UUID: '5eaa42d2-30dd-4819-b5cd-e469d5cb015b'
Wed Apr 22 15:40:11 2026: SESSION_MGR: creating session with session uuid: '6d04a3e9-ade5-4ab9-8d63-1f78fcd2ec76' and name 'default'
Wed Apr 22 15:40:11 2026: Attempting to start server on port '35239'
Wed Apr 22 15:40:11 2026: XCD main fifo: created main fifo '/tmp/xcdmain5eaa42d2-30dd-4819-b5cd-e469d5cb015b', fd read = 13
Wed Apr 22 15:40:11 2026: Running Dispatch Server
Wed Apr 22 15:40:11 2026: Version 2.2.0
Wed Apr 22 15:40:13 2026: Dispatch Server: Accepted socket connection from client
Wed Apr 22 15:40:13 2026: Starting Socket connection
Wed Apr 22 15:40:13 2026: EXCHANGE_TOKEN received, server token: 5eaa42d2-30dd-4819-b5cd-e469d5cb015b, passed token: 5eaa42d2-30dd-4819-b5cd-e469d5cb015b
Wed Apr 22 15:40:13 2026: DISPATCH_HANDLER: Adding handler from function makeHandler in library libxv_system_diagram
Wed Apr 22 15:40:13 2026: SESSION_MGR: creating session with session uuid: 'eaee1c32-8a18-4367-963d-23f54873abd6' and name 'v++_compile_FPGA_Mix_Hardware'
Wed Apr 22 15:40:13 2026: KERNEL_SVC: creating session with uuid: 'eaee1c32-8a18-4367-963d-23f54873abd6' and name 'v++_compile_FPGA_Mix_Hardware'
Wed Apr 22 15:40:13 2026: GUIDANCE_SMGR: creating guidance session with uuid: 'eaee1c32-8a18-4367-963d-23f54873abd6' and name 'v++_compile_FPGA_Mix_Hardware'
Wed Apr 22 15:40:13 2026: SYSTEM_DIAGRAM: creating session with uuid: 'eaee1c32-8a18-4367-963d-23f54873abd6' and name 'v++_compile_FPGA_Mix_Hardware'
Wed Apr 22 15:40:16 2026: Dispatch Server: Accepted socket connection from client
Wed Apr 22 15:40:16 2026: Starting Socket connection
Wed Apr 22 15:40:27 2026: SESSION_MGR: closing session for UUID 'eaee1c32-8a18-4367-963d-23f54873abd6' with name 'v++_compile_FPGA_Mix_Hardware'
Wed Apr 22 15:40:27 2026: KERNEL_SVC: closing session for UUID 'eaee1c32-8a18-4367-963d-23f54873abd6' with name 'v++_compile_FPGA_Mix_Hardware'
Wed Apr 22 15:40:27 2026: GUIDANCE_SMGR: closing session for UUID 'eaee1c32-8a18-4367-963d-23f54873abd6' with name 'v++_compile_FPGA_Mix_Hardware'
Wed Apr 22 15:40:27 2026: SYSTEM_DIAGRAM: closing session for UUID 'eaee1c32-8a18-4367-963d-23f54873abd6' with name 'v++_compile_FPGA_Mix_Hardware'
Wed Apr 22 15:40:27 2026: STOP_SERVER received, server token: 5eaa42d2-30dd-4819-b5cd-e469d5cb015b, passed token: 5eaa42d2-30dd-4819-b5cd-e469d5cb015b
Wed Apr 22 15:40:27 2026: Socket received request to stop server.
Wed Apr 22 15:40:27 2026: Dispatch Server: do_await_stop
Wed Apr 22 15:40:27 2026: Dispatch Server: stopping mainFifo_
Wed Apr 22 15:40:27 2026: XCD main fifo: Stopping
Wed Apr 22 15:40:27 2026: XCD main fifo: do_read error code: Operation canceled
Wed Apr 22 15:40:27 2026: XCD main fifo: bytes_transferred: 0
Wed Apr 22 15:40:27 2026: SERVER: destructor for server bound to port 35239
Wed Apr 22 15:40:27 2026: XCD main fifo: Good unlink of /tmp/xcdmain5eaa42d2-30dd-4819-b5cd-e469d5cb015b
Wed Apr 22 15:40:27 2026: Server exiting with status 0.
Wed Apr 22 15:40:27 2026: Closing log file.
Wed Apr 22 15:41:05 2026: Running xcd server. This server was built by gradle.
Wed Apr 22 15:41:05 2026: Server was asked to start on port: '42119'
Wed Apr 22 15:41:05 2026: Server is using token UUID: '13bc5756-1c04-4284-b1cb-a60b1479ebf8'
Wed Apr 22 15:41:05 2026: SESSION_MGR: creating session with session uuid: '6d04a3e9-ade5-4ab9-8d63-1f78fcd2ec76' and name 'default'
Wed Apr 22 15:41:05 2026: Attempting to start server on port '42119'
Wed Apr 22 15:41:05 2026: XCD main fifo: created main fifo '/tmp/xcdmain13bc5756-1c04-4284-b1cb-a60b1479ebf8', fd read = 13
Wed Apr 22 15:41:05 2026: Running Dispatch Server
Wed Apr 22 15:41:05 2026: Version 2.2.0
Wed Apr 22 15:41:07 2026: Dispatch Server: Accepted socket connection from client
Wed Apr 22 15:41:07 2026: Starting Socket connection
Wed Apr 22 15:41:07 2026: EXCHANGE_TOKEN received, server token: 13bc5756-1c04-4284-b1cb-a60b1479ebf8, passed token: 13bc5756-1c04-4284-b1cb-a60b1479ebf8
Wed Apr 22 15:41:07 2026: DISPATCH_HANDLER: Adding handler from function makeHandler in library libxv_system_diagram
Wed Apr 22 15:41:07 2026: SESSION_MGR: creating session with session uuid: 'e1279c33-a0e5-408e-b9f3-18610a24084c' and name 'vitis-run_compile_FPGA_Mix_Hardware'
Wed Apr 22 15:41:07 2026: KERNEL_SVC: creating session with uuid: 'e1279c33-a0e5-408e-b9f3-18610a24084c' and name 'vitis-run_compile_FPGA_Mix_Hardware'
Wed Apr 22 15:41:07 2026: GUIDANCE_SMGR: creating guidance session with uuid: 'e1279c33-a0e5-408e-b9f3-18610a24084c' and name 'vitis-run_compile_FPGA_Mix_Hardware'
Wed Apr 22 15:41:07 2026: SYSTEM_DIAGRAM: creating session with uuid: 'e1279c33-a0e5-408e-b9f3-18610a24084c' and name 'vitis-run_compile_FPGA_Mix_Hardware'
Wed Apr 22 15:41:10 2026: Dispatch Server: Accepted socket connection from client
Wed Apr 22 15:41:10 2026: Starting Socket connection
Wed Apr 22 15:41:14 2026: SESSION_MGR: closing session for UUID 'e1279c33-a0e5-408e-b9f3-18610a24084c' with name 'vitis-run_compile_FPGA_Mix_Hardware'
Wed Apr 22 15:41:14 2026: KERNEL_SVC: closing session for UUID 'e1279c33-a0e5-408e-b9f3-18610a24084c' with name 'vitis-run_compile_FPGA_Mix_Hardware'
Wed Apr 22 15:41:14 2026: GUIDANCE_SMGR: closing session for UUID 'e1279c33-a0e5-408e-b9f3-18610a24084c' with name 'vitis-run_compile_FPGA_Mix_Hardware'
Wed Apr 22 15:41:14 2026: SYSTEM_DIAGRAM: closing session for UUID 'e1279c33-a0e5-408e-b9f3-18610a24084c' with name 'vitis-run_compile_FPGA_Mix_Hardware'
Wed Apr 22 15:41:14 2026: STOP_SERVER received, server token: 13bc5756-1c04-4284-b1cb-a60b1479ebf8, passed token: 13bc5756-1c04-4284-b1cb-a60b1479ebf8
Wed Apr 22 15:41:14 2026: Socket received request to stop server.
Wed Apr 22 15:41:14 2026: Dispatch Server: do_await_stop
Wed Apr 22 15:41:14 2026: Dispatch Server: stopping mainFifo_
Wed Apr 22 15:41:14 2026: XCD main fifo: Stopping
Wed Apr 22 15:41:14 2026: XCD main fifo: do_read error code: Operation canceled
Wed Apr 22 15:41:14 2026: XCD main fifo: bytes_transferred: 0
Wed Apr 22 15:41:14 2026: SERVER: destructor for server bound to port 42119
Wed Apr 22 15:41:14 2026: XCD main fifo: Good unlink of /tmp/xcdmain13bc5756-1c04-4284-b1cb-a60b1479ebf8
Wed Apr 22 15:41:14 2026: Server exiting with status 0.
Wed Apr 22 15:41:14 2026: Closing log file.
Wed Apr 22 15:46:40 2026: Running xcd server. This server was built by gradle.
Wed Apr 22 15:46:40 2026: Server was asked to start on port: '38107'
Wed Apr 22 15:46:40 2026: Server is using token UUID: 'a21143b6-1369-424e-b7f6-f747692a2207'
Wed Apr 22 15:46:40 2026: SESSION_MGR: creating session with session uuid: '6d04a3e9-ade5-4ab9-8d63-1f78fcd2ec76' and name 'default'
Wed Apr 22 15:46:40 2026: Attempting to start server on port '38107'
Wed Apr 22 15:46:40 2026: XCD main fifo: created main fifo '/tmp/xcdmaina21143b6-1369-424e-b7f6-f747692a2207', fd read = 13
Wed Apr 22 15:46:40 2026: Running Dispatch Server
Wed Apr 22 15:46:40 2026: Version 2.2.0
Wed Apr 22 15:46:41 2026: Dispatch Server: Accepted socket connection from client
Wed Apr 22 15:46:41 2026: Starting Socket connection
Wed Apr 22 15:46:41 2026: EXCHANGE_TOKEN received, server token: a21143b6-1369-424e-b7f6-f747692a2207, passed token: a21143b6-1369-424e-b7f6-f747692a2207
Wed Apr 22 15:46:41 2026: DISPATCH_HANDLER: Adding handler from function makeHandler in library libxv_system_diagram
Wed Apr 22 15:46:41 2026: SESSION_MGR: creating session with session uuid: '56dfc666-1da4-4ca3-a750-10a6001517cc' and name 'v++_compile_FPGA_Mix_Hardware'
Wed Apr 22 15:46:41 2026: KERNEL_SVC: creating session with uuid: '56dfc666-1da4-4ca3-a750-10a6001517cc' and name 'v++_compile_FPGA_Mix_Hardware'
Wed Apr 22 15:46:41 2026: GUIDANCE_SMGR: creating guidance session with uuid: '56dfc666-1da4-4ca3-a750-10a6001517cc' and name 'v++_compile_FPGA_Mix_Hardware'
Wed Apr 22 15:46:41 2026: SYSTEM_DIAGRAM: creating session with uuid: '56dfc666-1da4-4ca3-a750-10a6001517cc' and name 'v++_compile_FPGA_Mix_Hardware'
Wed Apr 22 15:46:44 2026: Dispatch Server: Accepted socket connection from client
Wed Apr 22 15:46:44 2026: Starting Socket connection
Wed Apr 22 15:46:57 2026: SESSION_MGR: closing session for UUID '56dfc666-1da4-4ca3-a750-10a6001517cc' with name 'v++_compile_FPGA_Mix_Hardware'
Wed Apr 22 15:46:57 2026: KERNEL_SVC: closing session for UUID '56dfc666-1da4-4ca3-a750-10a6001517cc' with name 'v++_compile_FPGA_Mix_Hardware'
Wed Apr 22 15:46:57 2026: GUIDANCE_SMGR: closing session for UUID '56dfc666-1da4-4ca3-a750-10a6001517cc' with name 'v++_compile_FPGA_Mix_Hardware'
Wed Apr 22 15:46:57 2026: SYSTEM_DIAGRAM: closing session for UUID '56dfc666-1da4-4ca3-a750-10a6001517cc' with name 'v++_compile_FPGA_Mix_Hardware'
Wed Apr 22 15:46:57 2026: STOP_SERVER received, server token: a21143b6-1369-424e-b7f6-f747692a2207, passed token: a21143b6-1369-424e-b7f6-f747692a2207
Wed Apr 22 15:46:57 2026: Socket received request to stop server.
Wed Apr 22 15:46:57 2026: Dispatch Server: do_await_stop
Wed Apr 22 15:46:57 2026: Dispatch Server: stopping mainFifo_
Wed Apr 22 15:46:57 2026: XCD main fifo: Stopping
Wed Apr 22 15:46:57 2026: XCD main fifo: do_read error code: Operation canceled
Wed Apr 22 15:46:57 2026: XCD main fifo: bytes_transferred: 0
Wed Apr 22 15:46:57 2026: SERVER: destructor for server bound to port 38107
Wed Apr 22 15:46:57 2026: XCD main fifo: Good unlink of /tmp/xcdmaina21143b6-1369-424e-b7f6-f747692a2207
Wed Apr 22 15:46:57 2026: Server exiting with status 0.
Wed Apr 22 15:46:57 2026: Closing log file.
Wed Apr 22 15:47:50 2026: Running xcd server. This server was built by gradle.
Wed Apr 22 15:47:50 2026: Server was asked to start on port: '39179'
Wed Apr 22 15:47:50 2026: Server is using token UUID: '6bd55e35-d3fc-41bd-9fb9-0f7546dba09b'
Wed Apr 22 15:47:50 2026: SESSION_MGR: creating session with session uuid: '6d04a3e9-ade5-4ab9-8d63-1f78fcd2ec76' and name 'default'
Wed Apr 22 15:47:50 2026: Attempting to start server on port '39179'
Wed Apr 22 15:47:50 2026: XCD main fifo: created main fifo '/tmp/xcdmain6bd55e35-d3fc-41bd-9fb9-0f7546dba09b', fd read = 13
Wed Apr 22 15:47:50 2026: Running Dispatch Server
Wed Apr 22 15:47:50 2026: Version 2.2.0
Wed Apr 22 15:47:51 2026: Dispatch Server: Accepted socket connection from client
Wed Apr 22 15:47:51 2026: Starting Socket connection
Wed Apr 22 15:47:51 2026: EXCHANGE_TOKEN received, server token: 6bd55e35-d3fc-41bd-9fb9-0f7546dba09b, passed token: 6bd55e35-d3fc-41bd-9fb9-0f7546dba09b
Wed Apr 22 15:47:52 2026: DISPATCH_HANDLER: Adding handler from function makeHandler in library libxv_system_diagram
Wed Apr 22 15:47:52 2026: SESSION_MGR: creating session with session uuid: '3fd50423-ae9c-4358-bdde-c035e979e19a' and name 'vitis-run_compile_FPGA_Mix_Hardware'
Wed Apr 22 15:47:52 2026: KERNEL_SVC: creating session with uuid: '3fd50423-ae9c-4358-bdde-c035e979e19a' and name 'vitis-run_compile_FPGA_Mix_Hardware'
Wed Apr 22 15:47:52 2026: GUIDANCE_SMGR: creating guidance session with uuid: '3fd50423-ae9c-4358-bdde-c035e979e19a' and name 'vitis-run_compile_FPGA_Mix_Hardware'
Wed Apr 22 15:47:52 2026: SYSTEM_DIAGRAM: creating session with uuid: '3fd50423-ae9c-4358-bdde-c035e979e19a' and name 'vitis-run_compile_FPGA_Mix_Hardware'
Wed Apr 22 15:47:55 2026: Dispatch Server: Accepted socket connection from client
Wed Apr 22 15:47:55 2026: Starting Socket connection
Wed Apr 22 15:48:00 2026: SESSION_MGR: closing session for UUID '3fd50423-ae9c-4358-bdde-c035e979e19a' with name 'vitis-run_compile_FPGA_Mix_Hardware'
Wed Apr 22 15:48:00 2026: KERNEL_SVC: closing session for UUID '3fd50423-ae9c-4358-bdde-c035e979e19a' with name 'vitis-run_compile_FPGA_Mix_Hardware'
Wed Apr 22 15:48:00 2026: GUIDANCE_SMGR: closing session for UUID '3fd50423-ae9c-4358-bdde-c035e979e19a' with name 'vitis-run_compile_FPGA_Mix_Hardware'
Wed Apr 22 15:48:00 2026: SYSTEM_DIAGRAM: closing session for UUID '3fd50423-ae9c-4358-bdde-c035e979e19a' with name 'vitis-run_compile_FPGA_Mix_Hardware'
Wed Apr 22 15:48:00 2026: STOP_SERVER received, server token: 6bd55e35-d3fc-41bd-9fb9-0f7546dba09b, passed token: 6bd55e35-d3fc-41bd-9fb9-0f7546dba09b
Wed Apr 22 15:48:00 2026: Socket received request to stop server.
Wed Apr 22 15:48:00 2026: Dispatch Server: do_await_stop
Wed Apr 22 15:48:00 2026: Dispatch Server: stopping mainFifo_
Wed Apr 22 15:48:00 2026: XCD main fifo: Stopping
Wed Apr 22 15:48:00 2026: XCD main fifo: do_read error code: Operation canceled
Wed Apr 22 15:48:00 2026: XCD main fifo: bytes_transferred: 0
Wed Apr 22 15:48:00 2026: SERVER: destructor for server bound to port 39179
Wed Apr 22 15:48:00 2026: XCD main fifo: Good unlink of /tmp/xcdmain6bd55e35-d3fc-41bd-9fb9-0f7546dba09b
Wed Apr 22 15:48:00 2026: Server exiting with status 0.
Wed Apr 22 15:48:00 2026: Closing log file.
Wed Apr 22 16:15:56 2026: Running xcd server. This server was built by gradle.
Wed Apr 22 16:15:56 2026: Server was asked to start on port: '39245'
Wed Apr 22 16:15:56 2026: Server is using token UUID: '8b650503-16a1-4854-9791-3ae9fe54c507'
Wed Apr 22 16:15:56 2026: SESSION_MGR: creating session with session uuid: '6d04a3e9-ade5-4ab9-8d63-1f78fcd2ec76' and name 'default'
Wed Apr 22 16:15:56 2026: Attempting to start server on port '39245'
Wed Apr 22 16:15:56 2026: XCD main fifo: created main fifo '/tmp/xcdmain8b650503-16a1-4854-9791-3ae9fe54c507', fd read = 13
Wed Apr 22 16:15:56 2026: Running Dispatch Server
Wed Apr 22 16:15:56 2026: Version 2.2.0
Wed Apr 22 16:15:58 2026: Dispatch Server: Accepted socket connection from client
Wed Apr 22 16:15:58 2026: Starting Socket connection
Wed Apr 22 16:15:58 2026: EXCHANGE_TOKEN received, server token: 8b650503-16a1-4854-9791-3ae9fe54c507, passed token: 8b650503-16a1-4854-9791-3ae9fe54c507
Wed Apr 22 16:15:58 2026: DISPATCH_HANDLER: Adding handler from function makeHandler in library libxv_system_diagram
Wed Apr 22 16:15:58 2026: SESSION_MGR: creating session with session uuid: 'c359cc94-a5ae-4dd5-a393-40dbb1861cab' and name 'v++_compile_FPGA_Mix_Hardware'
Wed Apr 22 16:15:58 2026: KERNEL_SVC: creating session with uuid: 'c359cc94-a5ae-4dd5-a393-40dbb1861cab' and name 'v++_compile_FPGA_Mix_Hardware'
Wed Apr 22 16:15:58 2026: GUIDANCE_SMGR: creating guidance session with uuid: 'c359cc94-a5ae-4dd5-a393-40dbb1861cab' and name 'v++_compile_FPGA_Mix_Hardware'
Wed Apr 22 16:15:58 2026: SYSTEM_DIAGRAM: creating session with uuid: 'c359cc94-a5ae-4dd5-a393-40dbb1861cab' and name 'v++_compile_FPGA_Mix_Hardware'
Wed Apr 22 16:16:01 2026: Dispatch Server: Accepted socket connection from client
Wed Apr 22 16:16:01 2026: Starting Socket connection
Wed Apr 22 16:16:12 2026: SESSION_MGR: closing session for UUID 'c359cc94-a5ae-4dd5-a393-40dbb1861cab' with name 'v++_compile_FPGA_Mix_Hardware'
Wed Apr 22 16:16:12 2026: KERNEL_SVC: closing session for UUID 'c359cc94-a5ae-4dd5-a393-40dbb1861cab' with name 'v++_compile_FPGA_Mix_Hardware'
Wed Apr 22 16:16:12 2026: GUIDANCE_SMGR: closing session for UUID 'c359cc94-a5ae-4dd5-a393-40dbb1861cab' with name 'v++_compile_FPGA_Mix_Hardware'
Wed Apr 22 16:16:12 2026: SYSTEM_DIAGRAM: closing session for UUID 'c359cc94-a5ae-4dd5-a393-40dbb1861cab' with name 'v++_compile_FPGA_Mix_Hardware'
Wed Apr 22 16:16:12 2026: STOP_SERVER received, server token: 8b650503-16a1-4854-9791-3ae9fe54c507, passed token: 8b650503-16a1-4854-9791-3ae9fe54c507
Wed Apr 22 16:16:12 2026: Socket received request to stop server.
Wed Apr 22 16:16:12 2026: Dispatch Server: do_await_stop
Wed Apr 22 16:16:12 2026: Dispatch Server: stopping mainFifo_
Wed Apr 22 16:16:12 2026: XCD main fifo: Stopping
Wed Apr 22 16:16:12 2026: XCD main fifo: do_read error code: Operation canceled
Wed Apr 22 16:16:12 2026: XCD main fifo: bytes_transferred: 0
Wed Apr 22 16:16:12 2026: SERVER: destructor for server bound to port 39245
Wed Apr 22 16:16:12 2026: XCD main fifo: Good unlink of /tmp/xcdmain8b650503-16a1-4854-9791-3ae9fe54c507
Wed Apr 22 16:16:12 2026: Server exiting with status 0.
Wed Apr 22 16:16:12 2026: Closing log file.
Wed Apr 22 16:18:10 2026: Running xcd server. This server was built by gradle.
Wed Apr 22 16:18:10 2026: Server was asked to start on port: '38045'
Wed Apr 22 16:18:10 2026: Server is using token UUID: 'aaef2b8d-264b-4932-aa4e-7fa7c9cafd64'
Wed Apr 22 16:18:10 2026: SESSION_MGR: creating session with session uuid: '6d04a3e9-ade5-4ab9-8d63-1f78fcd2ec76' and name 'default'
Wed Apr 22 16:18:10 2026: Attempting to start server on port '38045'
Wed Apr 22 16:18:10 2026: XCD main fifo: created main fifo '/tmp/xcdmainaaef2b8d-264b-4932-aa4e-7fa7c9cafd64', fd read = 13
Wed Apr 22 16:18:10 2026: Running Dispatch Server
Wed Apr 22 16:18:10 2026: Version 2.2.0
Wed Apr 22 16:18:12 2026: Dispatch Server: Accepted socket connection from client
Wed Apr 22 16:18:12 2026: Starting Socket connection
Wed Apr 22 16:18:12 2026: EXCHANGE_TOKEN received, server token: aaef2b8d-264b-4932-aa4e-7fa7c9cafd64, passed token: aaef2b8d-264b-4932-aa4e-7fa7c9cafd64
Wed Apr 22 16:18:12 2026: DISPATCH_HANDLER: Adding handler from function makeHandler in library libxv_system_diagram
Wed Apr 22 16:18:12 2026: SESSION_MGR: creating session with session uuid: '90e6e40e-a15c-4c9c-b970-455db178c2ea' and name 'vitis-run_compile_FPGA_Mix_Hardware'
Wed Apr 22 16:18:12 2026: KERNEL_SVC: creating session with uuid: '90e6e40e-a15c-4c9c-b970-455db178c2ea' and name 'vitis-run_compile_FPGA_Mix_Hardware'
Wed Apr 22 16:18:12 2026: GUIDANCE_SMGR: creating guidance session with uuid: '90e6e40e-a15c-4c9c-b970-455db178c2ea' and name 'vitis-run_compile_FPGA_Mix_Hardware'
Wed Apr 22 16:18:12 2026: SYSTEM_DIAGRAM: creating session with uuid: '90e6e40e-a15c-4c9c-b970-455db178c2ea' and name 'vitis-run_compile_FPGA_Mix_Hardware'
Wed Apr 22 16:18:15 2026: Dispatch Server: Accepted socket connection from client
Wed Apr 22 16:18:15 2026: Starting Socket connection
Wed Apr 22 16:18:19 2026: SESSION_MGR: closing session for UUID '90e6e40e-a15c-4c9c-b970-455db178c2ea' with name 'vitis-run_compile_FPGA_Mix_Hardware'
Wed Apr 22 16:18:19 2026: KERNEL_SVC: closing session for UUID '90e6e40e-a15c-4c9c-b970-455db178c2ea' with name 'vitis-run_compile_FPGA_Mix_Hardware'
Wed Apr 22 16:18:19 2026: GUIDANCE_SMGR: closing session for UUID '90e6e40e-a15c-4c9c-b970-455db178c2ea' with name 'vitis-run_compile_FPGA_Mix_Hardware'
Wed Apr 22 16:18:19 2026: SYSTEM_DIAGRAM: closing session for UUID '90e6e40e-a15c-4c9c-b970-455db178c2ea' with name 'vitis-run_compile_FPGA_Mix_Hardware'
Wed Apr 22 16:18:19 2026: STOP_SERVER received, server token: aaef2b8d-264b-4932-aa4e-7fa7c9cafd64, passed token: aaef2b8d-264b-4932-aa4e-7fa7c9cafd64
Wed Apr 22 16:18:19 2026: Socket received request to stop server.
Wed Apr 22 16:18:19 2026: Dispatch Server: do_await_stop
Wed Apr 22 16:18:19 2026: Dispatch Server: stopping mainFifo_
Wed Apr 22 16:18:19 2026: XCD main fifo: Stopping
Wed Apr 22 16:18:19 2026: XCD main fifo: do_read error code: Operation canceled
Wed Apr 22 16:18:19 2026: XCD main fifo: bytes_transferred: 0
Wed Apr 22 16:18:19 2026: SERVER: destructor for server bound to port 38045
Wed Apr 22 16:18:19 2026: XCD main fifo: Good unlink of /tmp/xcdmainaaef2b8d-264b-4932-aa4e-7fa7c9cafd64
Wed Apr 22 16:18:19 2026: Server exiting with status 0.
Wed Apr 22 16:18:19 2026: Closing log file.
Wed Apr 22 16:21:10 2026: Running xcd server. This server was built by gradle.
Wed Apr 22 16:21:10 2026: Server was asked to start on port: '40815'
Wed Apr 22 16:21:10 2026: Server is using token UUID: '59ae99bb-b44a-42bb-a9f1-344eecba4f16'
Wed Apr 22 16:21:10 2026: SESSION_MGR: creating session with session uuid: '6d04a3e9-ade5-4ab9-8d63-1f78fcd2ec76' and name 'default'
Wed Apr 22 16:21:10 2026: Attempting to start server on port '40815'
Wed Apr 22 16:21:10 2026: XCD main fifo: created main fifo '/tmp/xcdmain59ae99bb-b44a-42bb-a9f1-344eecba4f16', fd read = 13
Wed Apr 22 16:21:10 2026: Running Dispatch Server
Wed Apr 22 16:21:10 2026: Version 2.2.0
Wed Apr 22 16:21:11 2026: Dispatch Server: Accepted socket connection from client
Wed Apr 22 16:21:11 2026: Starting Socket connection
Wed Apr 22 16:21:11 2026: EXCHANGE_TOKEN received, server token: 59ae99bb-b44a-42bb-a9f1-344eecba4f16, passed token: 59ae99bb-b44a-42bb-a9f1-344eecba4f16
Wed Apr 22 16:21:12 2026: DISPATCH_HANDLER: Adding handler from function makeHandler in library libxv_system_diagram
Wed Apr 22 16:21:12 2026: SESSION_MGR: creating session with session uuid: '1e09a679-6e6f-4d28-b497-08c784a1a5ab' and name 'vitis-run_compile_FPGA_Mix_Hardware'
Wed Apr 22 16:21:12 2026: KERNEL_SVC: creating session with uuid: '1e09a679-6e6f-4d28-b497-08c784a1a5ab' and name 'vitis-run_compile_FPGA_Mix_Hardware'
Wed Apr 22 16:21:12 2026: GUIDANCE_SMGR: creating guidance session with uuid: '1e09a679-6e6f-4d28-b497-08c784a1a5ab' and name 'vitis-run_compile_FPGA_Mix_Hardware'
Wed Apr 22 16:21:12 2026: SYSTEM_DIAGRAM: creating session with uuid: '1e09a679-6e6f-4d28-b497-08c784a1a5ab' and name 'vitis-run_compile_FPGA_Mix_Hardware'
Wed Apr 22 16:21:14 2026: Dispatch Server: Accepted socket connection from client
Wed Apr 22 16:21:14 2026: Starting Socket connection
Wed Apr 22 16:21:19 2026: SESSION_MGR: closing session for UUID '1e09a679-6e6f-4d28-b497-08c784a1a5ab' with name 'vitis-run_compile_FPGA_Mix_Hardware'
Wed Apr 22 16:21:19 2026: KERNEL_SVC: closing session for UUID '1e09a679-6e6f-4d28-b497-08c784a1a5ab' with name 'vitis-run_compile_FPGA_Mix_Hardware'
Wed Apr 22 16:21:19 2026: GUIDANCE_SMGR: closing session for UUID '1e09a679-6e6f-4d28-b497-08c784a1a5ab' with name 'vitis-run_compile_FPGA_Mix_Hardware'
Wed Apr 22 16:21:19 2026: SYSTEM_DIAGRAM: closing session for UUID '1e09a679-6e6f-4d28-b497-08c784a1a5ab' with name 'vitis-run_compile_FPGA_Mix_Hardware'
Wed Apr 22 16:21:19 2026: STOP_SERVER received, server token: 59ae99bb-b44a-42bb-a9f1-344eecba4f16, passed token: 59ae99bb-b44a-42bb-a9f1-344eecba4f16
Wed Apr 22 16:21:19 2026: Socket received request to stop server.
Wed Apr 22 16:21:19 2026: Dispatch Server: do_await_stop
Wed Apr 22 16:21:19 2026: Dispatch Server: stopping mainFifo_
Wed Apr 22 16:21:19 2026: XCD main fifo: Stopping
Wed Apr 22 16:21:19 2026: XCD main fifo: do_read error code: Operation canceled
Wed Apr 22 16:21:19 2026: XCD main fifo: bytes_transferred: 0
Wed Apr 22 16:21:19 2026: SERVER: destructor for server bound to port 40815
Wed Apr 22 16:21:19 2026: XCD main fifo: Good unlink of /tmp/xcdmain59ae99bb-b44a-42bb-a9f1-344eecba4f16
Wed Apr 22 16:21:19 2026: Server exiting with status 0.
Wed Apr 22 16:21:19 2026: Closing log file.
