/home/MakerIris/Documents/FPGA_Audio_Mix/FPGA_Mix_Hardware/FPGA_Mix_Hardware/hls/.autopilot/db/hw_mixer.pp.0.cpp:2256:5: remark: Added loop label VITIS_LOOP_676_1:   [xilinx-label-all-loops]
    for (unsigned i = low; i != high+1; ++i) {
    ^
    VITIS_LOOP_676_1: 
/home/MakerIris/Documents/FPGA_Audio_Mix/FPGA_Mix_Hardware/FPGA_Mix_Hardware/hls/.autopilot/db/hw_mixer.pp.0.cpp:2256:5: note: FIX-IT applied suggested code changes
/home/MakerIris/Documents/FPGA_Audio_Mix/FPGA_Mix_Hardware/FPGA_Mix_Hardware/hls/.autopilot/db/hw_mixer.pp.0.cpp:2270:5: remark: Added loop label VITIS_LOOP_690_1:   [xilinx-label-all-loops]
    for (unsigned i = low; i != high+1; ++i) {
    ^
    VITIS_LOOP_690_1: 
/home/MakerIris/Documents/FPGA_Audio_Mix/FPGA_Mix_Hardware/FPGA_Mix_Hardware/hls/.autopilot/db/hw_mixer.pp.0.cpp:2270:5: note: FIX-IT applied suggested code changes
/home/MakerIris/Documents/FPGA_Audio_Mix/FPGA_Mix_Hardware/FPGA_Mix_Hardware/hls/.autopilot/db/hw_mixer.pp.0.cpp:2284:5: remark: Added loop label VITIS_LOOP_704_1:   [xilinx-label-all-loops]
    for (unsigned i = low; i != high+1; ++i) {
    ^
    VITIS_LOOP_704_1: 
/home/MakerIris/Documents/FPGA_Audio_Mix/FPGA_Mix_Hardware/FPGA_Mix_Hardware/hls/.autopilot/db/hw_mixer.pp.0.cpp:2284:5: note: FIX-IT applied suggested code changes
/home/MakerIris/Documents/FPGA_Audio_Mix/FPGA_Mix_Hardware/FPGA_Mix_Hardware/hls/.autopilot/db/hw_mixer.pp.0.cpp:5835:7: remark: Added loop label VITIS_LOOP_1251_1:   [xilinx-label-all-loops]
      for (i = 0; i < __N - 1; ++i) {
      ^
      VITIS_LOOP_1251_1: 
/home/MakerIris/Documents/FPGA_Audio_Mix/FPGA_Mix_Hardware/FPGA_Mix_Hardware/hls/.autopilot/db/hw_mixer.pp.0.cpp:5835:7: note: FIX-IT applied suggested code changes
/home/MakerIris/Documents/FPGA_Audio_Mix/FPGA_Mix_Hardware/FPGA_Mix_Hardware/hls/.autopilot/db/hw_mixer.pp.0.cpp:56391:5: remark: Added loop label VITIS_LOOP_27_1:   [xilinx-label-all-loops]
    while(1)
    ^
    VITIS_LOOP_27_1: 
/home/MakerIris/Documents/FPGA_Audio_Mix/FPGA_Mix_Hardware/FPGA_Mix_Hardware/hls/.autopilot/db/hw_mixer.pp.0.cpp:56391:5: note: FIX-IT applied suggested code changes
