

================================================================
== Vitis HLS Report for 'mixer'
================================================================
* Date:           Wed Apr 22 16:16:12 2026

* Version:        2025.2 (Build 6295257 on Nov 14 2025)
* Project:        FPGA_Mix_Hardware
* Solution:       hls (Vivado IP Flow Target)
* Product family: zynquplus
* Target device:  xczu3eg-sfvc784-2-e


================================================================
== Performance Estimates
================================================================
+ Timing: 
    * Summary: 
    +--------+----------+----------+------------+
    |  Clock |  Target  | Estimated| Uncertainty|
    +--------+----------+----------+------------+
    |ap_clk  |  10.00 ns|  7.256 ns|     2.70 ns|
    +--------+----------+----------+------------+

+ Latency: 
    * Summary: 
    +---------+---------+----------+----------+-----+-----+---------+
    |  Latency (cycles) |  Latency (absolute) |  Interval | Pipeline|
    |   min   |   max   |    min   |    max   | min | max |   Type  |
    +---------+---------+----------+----------+-----+-----+---------+
    |        ?|        ?|         ?|         ?|    ?|    ?|       no|
    +---------+---------+----------+----------+-----+-----+---------+

    + Detail: 
        * Instance: 
        N/A

        * Loop: 
        N/A

============================================================
+ Verbose Summary: Synthesis Manager
============================================================
InlineROM: 1
ExposeGlobal: 0
============================================================
+ Verbose Summary: CDFG Model
============================================================
IsTopModel: 1
ResetActiveHigh: 1
IsCombinational: 0
IsDatapathOnly: 0
HasWiredReturn: 1
HasMFsm: 0
HasVarLatency: 1
IsPipeline: 0
IsRtlPipelined: 0
IsInstanceOverlapped: 0
IsDontTouch: 0
HasImplIP: 0
IsGatedGlobalClock: 0


============================================================
+ Verbose Summary: Schedule
============================================================
* Number of FSM states : 4
* Pipeline : 0
* Dataflow Pipeline: 0

* FSM state transitions: 
1 --> 2 
2 --> 3 
3 --> 4 
4 --> 

* FSM state operations: 

State 1 <SV = 0> <Delay = 4.30>
ST_1 : Operation 5 [1/1] (0.00ns)   --->   "%switches_read = read i8 @_ssdm_op_Read.ap_none.i8, i8 %switches"   --->   Operation 5 'read' 'switches_read' <Predicate = true> <Delay = 0.00>
ST_1 : Operation 6 [1/1] (0.00ns)   --->   "%add_ln68_loc = alloca i64 1"   --->   Operation 6 'alloca' 'add_ln68_loc' <Predicate = true> <Delay = 0.00>
ST_1 : Operation 7 [1/1] (0.00ns)   --->   "%trunc_ln42 = trunc i8 %switches_read" [hw_mixer.cpp:42]   --->   Operation 7 'trunc' 'trunc_ln42' <Predicate = true> <Delay = 0.00>
ST_1 : Operation 8 [1/1] (0.00ns)   --->   "%tmp = bitselect i1 @_ssdm_op_BitSelect.i1.i8.i32, i8 %switches_read, i32 1" [hw_mixer.cpp:43]   --->   Operation 8 'bitselect' 'tmp' <Predicate = true> <Delay = 0.00>
ST_1 : Operation 9 [1/1] (0.00ns)   --->   "%tmp_12 = bitselect i1 @_ssdm_op_BitSelect.i1.i8.i32, i8 %switches_read, i32 2" [hw_mixer.cpp:44]   --->   Operation 9 'bitselect' 'tmp_12' <Predicate = true> <Delay = 0.00>
ST_1 : Operation 10 [1/1] (0.00ns)   --->   "%tmp_13 = bitselect i1 @_ssdm_op_BitSelect.i1.i8.i32, i8 %switches_read, i32 3" [hw_mixer.cpp:45]   --->   Operation 10 'bitselect' 'tmp_13' <Predicate = true> <Delay = 0.00>
ST_1 : Operation 11 [1/1] (0.00ns)   --->   "%tmp_14 = bitselect i1 @_ssdm_op_BitSelect.i1.i8.i32, i8 %switches_read, i32 4" [hw_mixer.cpp:46]   --->   Operation 11 'bitselect' 'tmp_14' <Predicate = true> <Delay = 0.00>
ST_1 : Operation 12 [1/1] (0.00ns)   --->   "%tmp_15 = bitselect i1 @_ssdm_op_BitSelect.i1.i8.i32, i8 %switches_read, i32 5" [hw_mixer.cpp:47]   --->   Operation 12 'bitselect' 'tmp_15' <Predicate = true> <Delay = 0.00>
ST_1 : Operation 13 [1/1] (0.00ns)   --->   "%tmp_16 = bitselect i1 @_ssdm_op_BitSelect.i1.i8.i32, i8 %switches_read, i32 6" [hw_mixer.cpp:48]   --->   Operation 13 'bitselect' 'tmp_16' <Predicate = true> <Delay = 0.00>
ST_1 : Operation 14 [1/1] (0.00ns)   --->   "%tmp_17 = bitselect i1 @_ssdm_op_BitSelect.i1.i8.i32, i8 %switches_read, i32 7" [hw_mixer.cpp:49]   --->   Operation 14 'bitselect' 'tmp_17' <Predicate = true> <Delay = 0.00>
ST_1 : Operation 15 [1/1] (0.00ns) (grouped into LUT with out node select_ln43_1)   --->   "%zext_ln43 = zext i1 %trunc_ln42" [hw_mixer.cpp:43]   --->   Operation 15 'zext' 'zext_ln43' <Predicate = true> <Delay = 0.00>
ST_1 : Operation 16 [1/1] (0.00ns) (grouped into LUT with out node select_ln43_1)   --->   "%select_ln43 = select i1 %trunc_ln42, i2 2, i2 1" [hw_mixer.cpp:43]   --->   Operation 16 'select' 'select_ln43' <Predicate = true> <Delay = 0.00> <CoreInst = "Sel">   --->   Core 73 'Sel' <Latency = 0> <II = 1> <Delay = 0.17> <FuncUnit> <Opcode : 'select'> <InPorts = 3> <OutPorts = 1>
ST_1 : Operation 17 [1/1] (0.17ns) (out node of the LUT)   --->   "%select_ln43_1 = select i1 %tmp, i2 %select_ln43, i2 %zext_ln43" [hw_mixer.cpp:43]   --->   Operation 17 'select' 'select_ln43_1' <Predicate = true> <Delay = 0.17> <CoreInst = "Sel">   --->   Core 73 'Sel' <Latency = 0> <II = 1> <Delay = 0.17> <FuncUnit> <Opcode : 'select'> <InPorts = 3> <OutPorts = 1>
ST_1 : Operation 18 [1/1] (0.54ns)   --->   "%add_ln44 = add i2 %select_ln43_1, i2 1" [hw_mixer.cpp:44]   --->   Operation 18 'add' 'add_ln44' <Predicate = true> <Delay = 0.54> <CoreInst = "Adder">   --->   Core 1 'Adder' <Latency = 0> <II = 1> <Delay = 0.54> <FuncUnit> <Opcode : 'add' 'sub'> <InPorts = 2> <OutPorts = 1>
ST_1 : Operation 19 [1/1] (0.17ns)   --->   "%select_ln44 = select i1 %tmp_12, i2 %add_ln44, i2 %select_ln43_1" [hw_mixer.cpp:44]   --->   Operation 19 'select' 'select_ln44' <Predicate = true> <Delay = 0.17> <CoreInst = "Sel">   --->   Core 73 'Sel' <Latency = 0> <II = 1> <Delay = 0.17> <FuncUnit> <Opcode : 'select'> <InPorts = 3> <OutPorts = 1>
ST_1 : Operation 20 [1/1] (0.00ns)   --->   "%zext_ln45 = zext i2 %select_ln44" [hw_mixer.cpp:45]   --->   Operation 20 'zext' 'zext_ln45' <Predicate = true> <Delay = 0.00>
ST_1 : Operation 21 [1/1] (0.54ns)   --->   "%add_ln45 = add i3 %zext_ln45, i3 1" [hw_mixer.cpp:45]   --->   Operation 21 'add' 'add_ln45' <Predicate = true> <Delay = 0.54> <CoreInst = "Adder">   --->   Core 1 'Adder' <Latency = 0> <II = 1> <Delay = 0.54> <FuncUnit> <Opcode : 'add' 'sub'> <InPorts = 2> <OutPorts = 1>
ST_1 : Operation 22 [1/1] (0.20ns)   --->   "%select_ln45 = select i1 %tmp_13, i3 %add_ln45, i3 %zext_ln45" [hw_mixer.cpp:45]   --->   Operation 22 'select' 'select_ln45' <Predicate = true> <Delay = 0.20> <CoreInst = "Sel">   --->   Core 73 'Sel' <Latency = 0> <II = 1> <Delay = 0.20> <FuncUnit> <Opcode : 'select'> <InPorts = 3> <OutPorts = 1>
ST_1 : Operation 23 [1/1] (0.67ns)   --->   "%add_ln46 = add i3 %select_ln45, i3 1" [hw_mixer.cpp:46]   --->   Operation 23 'add' 'add_ln46' <Predicate = true> <Delay = 0.67> <CoreInst = "Adder">   --->   Core 1 'Adder' <Latency = 0> <II = 1> <Delay = 0.67> <FuncUnit> <Opcode : 'add' 'sub'> <InPorts = 2> <OutPorts = 1>
ST_1 : Operation 24 [1/1] (0.20ns)   --->   "%select_ln46 = select i1 %tmp_14, i3 %add_ln46, i3 %select_ln45" [hw_mixer.cpp:46]   --->   Operation 24 'select' 'select_ln46' <Predicate = true> <Delay = 0.20> <CoreInst = "Sel">   --->   Core 73 'Sel' <Latency = 0> <II = 1> <Delay = 0.20> <FuncUnit> <Opcode : 'select'> <InPorts = 3> <OutPorts = 1>
ST_1 : Operation 25 [1/1] (0.67ns)   --->   "%add_ln47 = add i3 %select_ln46, i3 1" [hw_mixer.cpp:47]   --->   Operation 25 'add' 'add_ln47' <Predicate = true> <Delay = 0.67> <CoreInst = "Adder">   --->   Core 1 'Adder' <Latency = 0> <II = 1> <Delay = 0.67> <FuncUnit> <Opcode : 'add' 'sub'> <InPorts = 2> <OutPorts = 1>
ST_1 : Operation 26 [1/1] (0.20ns)   --->   "%select_ln47 = select i1 %tmp_15, i3 %add_ln47, i3 %select_ln46" [hw_mixer.cpp:47]   --->   Operation 26 'select' 'select_ln47' <Predicate = true> <Delay = 0.20> <CoreInst = "Sel">   --->   Core 73 'Sel' <Latency = 0> <II = 1> <Delay = 0.20> <FuncUnit> <Opcode : 'select'> <InPorts = 3> <OutPorts = 1>
ST_1 : Operation 27 [1/1] (0.67ns)   --->   "%add_ln48 = add i3 %select_ln47, i3 1" [hw_mixer.cpp:48]   --->   Operation 27 'add' 'add_ln48' <Predicate = true> <Delay = 0.67> <CoreInst = "Adder">   --->   Core 1 'Adder' <Latency = 0> <II = 1> <Delay = 0.67> <FuncUnit> <Opcode : 'add' 'sub'> <InPorts = 2> <OutPorts = 1>
ST_1 : Operation 28 [1/1] (0.20ns)   --->   "%select_ln48 = select i1 %tmp_16, i3 %add_ln48, i3 %select_ln47" [hw_mixer.cpp:48]   --->   Operation 28 'select' 'select_ln48' <Predicate = true> <Delay = 0.20> <CoreInst = "Sel">   --->   Core 73 'Sel' <Latency = 0> <II = 1> <Delay = 0.20> <FuncUnit> <Opcode : 'select'> <InPorts = 3> <OutPorts = 1>

State 2 <SV = 1> <Delay = 7.25>
ST_2 : Operation 29 [1/1] (0.00ns)   --->   "%current_gain_q16_load = load i32 %current_gain_q16" [hw_mixer.cpp:68]   --->   Operation 29 'load' 'current_gain_q16_load' <Predicate = true> <Delay = 0.00>
ST_2 : Operation 30 [1/1] (0.00ns)   --->   "%zext_ln49 = zext i3 %select_ln48" [hw_mixer.cpp:49]   --->   Operation 30 'zext' 'zext_ln49' <Predicate = true> <Delay = 0.00>
ST_2 : Operation 31 [1/1] (0.67ns)   --->   "%add_ln49 = add i4 %zext_ln49, i4 1" [hw_mixer.cpp:49]   --->   Operation 31 'add' 'add_ln49' <Predicate = true> <Delay = 0.67> <CoreInst = "Adder">   --->   Core 1 'Adder' <Latency = 0> <II = 1> <Delay = 0.67> <FuncUnit> <Opcode : 'add' 'sub'> <InPorts = 2> <OutPorts = 1>
ST_2 : Operation 32 [2/2] (6.58ns)   --->   "%call_ln68 = call void @mixer_Pipeline_VITIS_LOOP_27_1, i32 %current_gain_q16_load, i32 %mix_out_V_data_V, i4 %mix_out_V_keep_V, i4 %mix_out_V_strb_V, i1 %mix_out_V_last_V, i128 %stream_in_V_data_V, i16 %stream_in_V_keep_V, i16 %stream_in_V_strb_V, i1 %stream_in_V_last_V, i1 %trunc_ln42, i1 %tmp, i1 %tmp_12, i1 %tmp_13, i1 %tmp_14, i1 %tmp_15, i1 %tmp_16, i1 %tmp_17, i4 %add_ln49, i3 %select_ln48, i32 %add_ln68_loc, i9 %comp_gain_lut" [hw_mixer.cpp:68]   --->   Operation 32 'call' 'call_ln68' <Predicate = true> <Delay = 6.58> <CoreType = "Generic">   --->   Generic Core

State 3 <SV = 2> <Delay = 5.85>
ST_3 : Operation 33 [1/2] (5.85ns)   --->   "%call_ln68 = call void @mixer_Pipeline_VITIS_LOOP_27_1, i32 %current_gain_q16_load, i32 %mix_out_V_data_V, i4 %mix_out_V_keep_V, i4 %mix_out_V_strb_V, i1 %mix_out_V_last_V, i128 %stream_in_V_data_V, i16 %stream_in_V_keep_V, i16 %stream_in_V_strb_V, i1 %stream_in_V_last_V, i1 %trunc_ln42, i1 %tmp, i1 %tmp_12, i1 %tmp_13, i1 %tmp_14, i1 %tmp_15, i1 %tmp_16, i1 %tmp_17, i4 %add_ln49, i3 %select_ln48, i32 %add_ln68_loc, i9 %comp_gain_lut" [hw_mixer.cpp:68]   --->   Operation 33 'call' 'call_ln68' <Predicate = true> <Delay = 5.85> <CoreType = "Generic">   --->   Generic Core

State 4 <SV = 3> <Delay = 0.00>
ST_4 : Operation 34 [1/1] (0.00ns)   --->   "%spectopmodule_ln9 = spectopmodule void @_ssdm_op_SpecTopModule, void @empty_7" [hw_mixer.cpp:9]   --->   Operation 34 'spectopmodule' 'spectopmodule_ln9' <Predicate = true> <Delay = 0.00>
ST_4 : Operation 35 [1/1] (0.00ns)   --->   "%specinterface_ln0 = specinterface void @_ssdm_op_SpecInterface, i128 %stream_in_V_data_V, i16 %stream_in_V_keep_V, i16 %stream_in_V_strb_V, i1 %stream_in_V_last_V, void @empty, i32 1, i32 1, void @empty_0, i32 0, i32 0, void @empty_1, void @empty_1, void @empty_1, i32 0, i32 0, i32 0, i32 0, void @empty_1, void @empty_1, i32 4294967295, i32 0, i32 0, i32 0"   --->   Operation 35 'specinterface' 'specinterface_ln0' <Predicate = true> <Delay = 0.00>
ST_4 : Operation 36 [1/1] (0.00ns)   --->   "%specbitsmap_ln0 = specbitsmap void @_ssdm_op_SpecBitsMap, i128 %stream_in_V_data_V"   --->   Operation 36 'specbitsmap' 'specbitsmap_ln0' <Predicate = true> <Delay = 0.00>
ST_4 : Operation 37 [1/1] (0.00ns)   --->   "%specbitsmap_ln0 = specbitsmap void @_ssdm_op_SpecBitsMap, i16 %stream_in_V_keep_V"   --->   Operation 37 'specbitsmap' 'specbitsmap_ln0' <Predicate = true> <Delay = 0.00>
ST_4 : Operation 38 [1/1] (0.00ns)   --->   "%specbitsmap_ln0 = specbitsmap void @_ssdm_op_SpecBitsMap, i16 %stream_in_V_strb_V"   --->   Operation 38 'specbitsmap' 'specbitsmap_ln0' <Predicate = true> <Delay = 0.00>
ST_4 : Operation 39 [1/1] (0.00ns)   --->   "%specbitsmap_ln0 = specbitsmap void @_ssdm_op_SpecBitsMap, i1 %stream_in_V_last_V"   --->   Operation 39 'specbitsmap' 'specbitsmap_ln0' <Predicate = true> <Delay = 0.00>
ST_4 : Operation 40 [1/1] (0.00ns)   --->   "%specbitsmap_ln0 = specbitsmap void @_ssdm_op_SpecBitsMap, i8 %switches"   --->   Operation 40 'specbitsmap' 'specbitsmap_ln0' <Predicate = true> <Delay = 0.00>
ST_4 : Operation 41 [1/1] (0.00ns)   --->   "%specinterface_ln0 = specinterface void @_ssdm_op_SpecInterface, i8 %switches, void @empty_2, i32 4294967295, i32 4294967295, void @empty_1, i32 0, i32 0, void @empty_1, void @empty_1, void @empty_1, i32 0, i32 0, i32 0, i32 0, void @empty_1, void @empty_1, i32 4294967295, i32 0, i32 0, i32 0"   --->   Operation 41 'specinterface' 'specinterface_ln0' <Predicate = true> <Delay = 0.00>
ST_4 : Operation 42 [1/1] (0.00ns)   --->   "%specinterface_ln0 = specinterface void @_ssdm_op_SpecInterface, i32 %mix_out_V_data_V, i4 %mix_out_V_keep_V, i4 %mix_out_V_strb_V, i1 %mix_out_V_last_V, void @empty, i32 1, i32 1, void @empty_0, i32 0, i32 0, void @empty_1, void @empty_1, void @empty_1, i32 0, i32 0, i32 0, i32 0, void @empty_1, void @empty_1, i32 4294967295, i32 0, i32 0, i32 0"   --->   Operation 42 'specinterface' 'specinterface_ln0' <Predicate = true> <Delay = 0.00>
ST_4 : Operation 43 [1/1] (0.00ns)   --->   "%specbitsmap_ln0 = specbitsmap void @_ssdm_op_SpecBitsMap, i32 %mix_out_V_data_V"   --->   Operation 43 'specbitsmap' 'specbitsmap_ln0' <Predicate = true> <Delay = 0.00>
ST_4 : Operation 44 [1/1] (0.00ns)   --->   "%specbitsmap_ln0 = specbitsmap void @_ssdm_op_SpecBitsMap, i4 %mix_out_V_keep_V"   --->   Operation 44 'specbitsmap' 'specbitsmap_ln0' <Predicate = true> <Delay = 0.00>
ST_4 : Operation 45 [1/1] (0.00ns)   --->   "%specbitsmap_ln0 = specbitsmap void @_ssdm_op_SpecBitsMap, i4 %mix_out_V_strb_V"   --->   Operation 45 'specbitsmap' 'specbitsmap_ln0' <Predicate = true> <Delay = 0.00>
ST_4 : Operation 46 [1/1] (0.00ns)   --->   "%specbitsmap_ln0 = specbitsmap void @_ssdm_op_SpecBitsMap, i1 %mix_out_V_last_V"   --->   Operation 46 'specbitsmap' 'specbitsmap_ln0' <Predicate = true> <Delay = 0.00>
ST_4 : Operation 47 [1/1] (0.00ns)   --->   "%specinterface_ln0 = specinterface void @_ssdm_op_SpecInterface, i32 0, void @empty_3, i32 0, i32 0, void @empty_1, i32 0, i32 0, void @empty_4, void @empty_1, void @empty_1, i32 0, i32 0, i32 0, i32 0, void @empty_1, void @empty_1, i32 0, i32 0, i32 0, i32 0"   --->   Operation 47 'specinterface' 'specinterface_ln0' <Predicate = true> <Delay = 0.00>
ST_4 : Operation 48 [1/1] (0.00ns)   --->   "%specaxissidechannel_ln27 = specaxissidechannel void @_ssdm_op_SpecAXISSideChannel, i32 %mix_out_V_data_V, i4 %mix_out_V_keep_V, i4 %mix_out_V_strb_V, i1 0, i1 %mix_out_V_last_V, i1 0, i1 0, void @empty_5" [hw_mixer.cpp:27]   --->   Operation 48 'specaxissidechannel' 'specaxissidechannel_ln27' <Predicate = true> <Delay = 0.00>
ST_4 : Operation 49 [1/1] (0.00ns)   --->   "%specaxissidechannel_ln27 = specaxissidechannel void @_ssdm_op_SpecAXISSideChannel, i128 %stream_in_V_data_V, i16 %stream_in_V_keep_V, i16 %stream_in_V_strb_V, i1 0, i1 %stream_in_V_last_V, i1 0, i1 0, void @empty_6" [hw_mixer.cpp:27]   --->   Operation 49 'specaxissidechannel' 'specaxissidechannel_ln27' <Predicate = true> <Delay = 0.00>
ST_4 : Operation 50 [1/1] (0.00ns)   --->   "%add_ln68_loc_load = load i32 %add_ln68_loc"   --->   Operation 50 'load' 'add_ln68_loc_load' <Predicate = true> <Delay = 0.00>
ST_4 : Operation 51 [1/1] (0.00ns)   --->   "%store_ln68 = store i32 %add_ln68_loc_load, i32 %current_gain_q16" [hw_mixer.cpp:68]   --->   Operation 51 'store' 'store_ln68' <Predicate = true> <Delay = 0.00>
ST_4 : Operation 52 [1/1] (0.00ns)   --->   "%ret_ln89 = ret" [hw_mixer.cpp:89]   --->   Operation 52 'ret' 'ret_ln89' <Predicate = true> <Delay = 0.00>


============================================================
+ Verbose Summary: Timing violations
============================================================
Target clock period: 10.000ns, clock uncertainty: 2.700ns.

 <State 1>: 4.304ns
The critical path consists of the following:
	wire read operation ('switches_read') on port 'switches' [12]  (0.000 ns)
	'select' operation 2 bit ('select_ln43_1', hw_mixer.cpp:43) [39]  (0.179 ns)
	'add' operation 2 bit ('add_ln44', hw_mixer.cpp:44) [40]  (0.548 ns)
	'select' operation 2 bit ('select_ln44', hw_mixer.cpp:44) [41]  (0.179 ns)
	'add' operation 3 bit ('add_ln45', hw_mixer.cpp:45) [43]  (0.548 ns)
	'select' operation 3 bit ('select_ln45', hw_mixer.cpp:45) [44]  (0.208 ns)
	'add' operation 3 bit ('add_ln46', hw_mixer.cpp:46) [45]  (0.673 ns)
	'select' operation 3 bit ('select_ln46', hw_mixer.cpp:46) [48]  (0.208 ns)
	'add' operation 3 bit ('add_ln47', hw_mixer.cpp:47) [49]  (0.673 ns)
	'select' operation 3 bit ('select_ln47', hw_mixer.cpp:47) [50]  (0.208 ns)
	'add' operation 3 bit ('add_ln48', hw_mixer.cpp:48) [51]  (0.673 ns)
	'select' operation 3 bit ('select_ln48', hw_mixer.cpp:48) [52]  (0.208 ns)

 <State 2>: 7.256ns
The critical path consists of the following:
	'add' operation 4 bit ('add_ln49', hw_mixer.cpp:49) [54]  (0.673 ns)
	'call' operation ('call_ln68', hw_mixer.cpp:68) to 'mixer_Pipeline_VITIS_LOOP_27_1' [55]  (6.583 ns)

 <State 3>: 5.852ns
The critical path consists of the following:
	'call' operation ('call_ln68', hw_mixer.cpp:68) to 'mixer_Pipeline_VITIS_LOOP_27_1' [55]  (5.852 ns)

 <State 4>: 0.000ns
The critical path consists of the following:


============================================================
+ Verbose Summary: Binding
============================================================
N/A
* FSMD analyzer results:
  - Output states:
 - Input state : 
  - Chain level:
	State 1
	State 2
	State 3
	State 4


============================================================
+ Verbose Summary: Datapath Resource usage 
============================================================
N/A
