

================================================================
== Vitis HLS Report for 'mixer_Pipeline_VITIS_LOOP_30_1'
================================================================
* Date:           Fri Mar 27 17:43:12 2026

* Version:        2025.2 (Build 6295257 on Nov 14 2025)
* Project:        FPGA_Mix_Hardware
* Solution:       hls (Vivado IP Flow Target)
* Product family: zynquplus
* Target device:  xczu3eg-sfvc784-2-e


================================================================
== Performance Estimates
================================================================
+ Timing: 
    * Summary: 
    +--------+----------+----------+------------+
    |  Clock |  Target  | Estimated| Uncertainty|
    +--------+----------+----------+------------+
    |ap_clk  |  10.00 ns|  6.388 ns|     2.70 ns|
    +--------+----------+----------+------------+

+ Latency: 
    * Summary: 
    +---------+---------+----------+----------+-----+-----+-------------------+
    |  Latency (cycles) |  Latency (absolute) |  Interval |      Pipeline     |
    |   min   |   max   |    min   |    max   | min | max |        Type       |
    +---------+---------+----------+----------+-----+-----+-------------------+
    |      204|    20004|  2.040 us|  0.200 ms|    0|    0|  loop pipeline stp|
    +---------+---------+----------+----------+-----+-----+-------------------+

    + Detail: 
        * Instance: 
        N/A

        * Loop: 
        +-------------------+---------+---------+----------+-----------+-----------+-------------+----------+
        |                   |  Latency (cycles) | Iteration|  Initiation Interval  |     Trip    |          |
        |     Loop Name     |   min   |   max   |  Latency |  achieved |   target  |    Count    | Pipelined|
        +-------------------+---------+---------+----------+-----------+-----------+-------------+----------+
        |- VITIS_LOOP_30_1  |      202|    20002|         3|          1|          1|  200 ~ 20000|       yes|
        +-------------------+---------+---------+----------+-----------+-----------+-------------+----------+

============================================================
+ Verbose Summary: Synthesis Manager
============================================================
InlineROM: 1
ExposeGlobal: 0
============================================================
+ Verbose Summary: CDFG Model
============================================================
IsTopModel: 0
ResetActiveHigh: 1
IsCombinational: 0
IsDatapathOnly: 0
HasWiredReturn: 1
HasMFsm: 2
HasVarLatency: 1
IsPipeline: 0
IsRtlPipelined: 0
IsInstanceOverlapped: 0
IsDontTouch: 0
HasImplIP: 0
IsGatedGlobalClock: 0

+ Individual pipeline summary: 
  * Pipeline-0: initiation interval (II) = 1, depth = 3


============================================================
+ Verbose Summary: Schedule
============================================================
* Number of FSM states : 3
* Pipeline : 1
  Pipeline-0 : II = 1, D = 3, States = { 1 2 3 }
* Dataflow Pipeline: 0

* FSM state transitions: 
1 --> 2 
2 --> 3 
3 --> 

* FSM state operations: 

State 1 <SV = 0> <Delay = 6.38>
ST_1 : Operation 6 [1/1] (0.00ns)   --->   "%specaxissidechannel_ln0 = specaxissidechannel void @_ssdm_op_SpecAXISSideChannel, i32 %mix_out_V_data_V, i4 %mix_out_V_keep_V, i4 %mix_out_V_strb_V, i2 %mix_out_V_user_V, i1 %mix_out_V_last_V, i5 %mix_out_V_id_V, i6 %mix_out_V_dest_V, void @empty_1"   --->   Operation 6 'specaxissidechannel' 'specaxissidechannel_ln0' <Predicate = true> <Delay = 0.00>
ST_1 : Operation 7 [1/1] (0.00ns)   --->   "%specaxissidechannel_ln0 = specaxissidechannel void @_ssdm_op_SpecAXISSideChannel, i32 %stream_in_7_V_data_V, i4 %stream_in_7_V_keep_V, i4 %stream_in_7_V_strb_V, i2 %stream_in_7_V_user_V, i1 %stream_in_7_V_last_V, i5 %stream_in_7_V_id_V, i6 %stream_in_7_V_dest_V, void @empty_8"   --->   Operation 7 'specaxissidechannel' 'specaxissidechannel_ln0' <Predicate = true> <Delay = 0.00>
ST_1 : Operation 8 [1/1] (0.00ns)   --->   "%specaxissidechannel_ln0 = specaxissidechannel void @_ssdm_op_SpecAXISSideChannel, i32 %stream_in_6_V_data_V, i4 %stream_in_6_V_keep_V, i4 %stream_in_6_V_strb_V, i2 %stream_in_6_V_user_V, i1 %stream_in_6_V_last_V, i5 %stream_in_6_V_id_V, i6 %stream_in_6_V_dest_V, void @empty_11"   --->   Operation 8 'specaxissidechannel' 'specaxissidechannel_ln0' <Predicate = true> <Delay = 0.00>
ST_1 : Operation 9 [1/1] (0.00ns)   --->   "%specaxissidechannel_ln0 = specaxissidechannel void @_ssdm_op_SpecAXISSideChannel, i32 %stream_in_5_V_data_V, i4 %stream_in_5_V_keep_V, i4 %stream_in_5_V_strb_V, i2 %stream_in_5_V_user_V, i1 %stream_in_5_V_last_V, i5 %stream_in_5_V_id_V, i6 %stream_in_5_V_dest_V, void @empty_12"   --->   Operation 9 'specaxissidechannel' 'specaxissidechannel_ln0' <Predicate = true> <Delay = 0.00>
ST_1 : Operation 10 [1/1] (0.00ns)   --->   "%specaxissidechannel_ln0 = specaxissidechannel void @_ssdm_op_SpecAXISSideChannel, i32 %stream_in_4_V_data_V, i4 %stream_in_4_V_keep_V, i4 %stream_in_4_V_strb_V, i2 %stream_in_4_V_user_V, i1 %stream_in_4_V_last_V, i5 %stream_in_4_V_id_V, i6 %stream_in_4_V_dest_V, void @empty_13"   --->   Operation 10 'specaxissidechannel' 'specaxissidechannel_ln0' <Predicate = true> <Delay = 0.00>
ST_1 : Operation 11 [1/1] (0.00ns)   --->   "%specaxissidechannel_ln0 = specaxissidechannel void @_ssdm_op_SpecAXISSideChannel, i32 %stream_in_3_V_data_V, i4 %stream_in_3_V_keep_V, i4 %stream_in_3_V_strb_V, i2 %stream_in_3_V_user_V, i1 %stream_in_3_V_last_V, i5 %stream_in_3_V_id_V, i6 %stream_in_3_V_dest_V, void @empty_14"   --->   Operation 11 'specaxissidechannel' 'specaxissidechannel_ln0' <Predicate = true> <Delay = 0.00>
ST_1 : Operation 12 [1/1] (0.00ns)   --->   "%specaxissidechannel_ln0 = specaxissidechannel void @_ssdm_op_SpecAXISSideChannel, i32 %stream_in_2_V_data_V, i4 %stream_in_2_V_keep_V, i4 %stream_in_2_V_strb_V, i2 %stream_in_2_V_user_V, i1 %stream_in_2_V_last_V, i5 %stream_in_2_V_id_V, i6 %stream_in_2_V_dest_V, void @empty_15"   --->   Operation 12 'specaxissidechannel' 'specaxissidechannel_ln0' <Predicate = true> <Delay = 0.00>
ST_1 : Operation 13 [1/1] (0.00ns)   --->   "%specaxissidechannel_ln0 = specaxissidechannel void @_ssdm_op_SpecAXISSideChannel, i32 %stream_in_1_V_data_V, i4 %stream_in_1_V_keep_V, i4 %stream_in_1_V_strb_V, i2 %stream_in_1_V_user_V, i1 %stream_in_1_V_last_V, i5 %stream_in_1_V_id_V, i6 %stream_in_1_V_dest_V, void @empty_7"   --->   Operation 13 'specaxissidechannel' 'specaxissidechannel_ln0' <Predicate = true> <Delay = 0.00>
ST_1 : Operation 14 [1/1] (0.00ns)   --->   "%specaxissidechannel_ln0 = specaxissidechannel void @_ssdm_op_SpecAXISSideChannel, i32 %stream_in_0_V_data_V, i4 %stream_in_0_V_keep_V, i4 %stream_in_0_V_strb_V, i2 %stream_in_0_V_user_V, i1 %stream_in_0_V_last_V, i5 %stream_in_0_V_id_V, i6 %stream_in_0_V_dest_V, void @empty_9"   --->   Operation 14 'specaxissidechannel' 'specaxissidechannel_ln0' <Predicate = true> <Delay = 0.00>
ST_1 : Operation 15 [1/1] (0.00ns)   --->   "%specinterface_ln0 = specinterface void @_ssdm_op_SpecInterface, i6 %mix_out_V_dest_V, i5 %mix_out_V_id_V, i1 %mix_out_V_last_V, i2 %mix_out_V_user_V, i4 %mix_out_V_strb_V, i4 %mix_out_V_keep_V, i32 %mix_out_V_data_V, void @empty_2, i32 0, i32 0, void @empty_3, i32 0, i32 0, void @empty_4, void @empty_4, void @empty_4, i32 0, i32 0, i32 0, i32 0, void @empty_4, void @empty_4, i32 4294967295, i32 0, i32 0, i32 0"   --->   Operation 15 'specinterface' 'specinterface_ln0' <Predicate = true> <Delay = 0.00>
ST_1 : Operation 16 [1/1] (0.00ns)   --->   "%specinterface_ln0 = specinterface void @_ssdm_op_SpecInterface, i6 %stream_in_7_V_dest_V, i5 %stream_in_7_V_id_V, i1 %stream_in_7_V_last_V, i2 %stream_in_7_V_user_V, i4 %stream_in_7_V_strb_V, i4 %stream_in_7_V_keep_V, i32 %stream_in_7_V_data_V, void @empty_2, i32 0, i32 0, void @empty_3, i32 0, i32 0, void @empty_4, void @empty_4, void @empty_4, i32 0, i32 0, i32 0, i32 0, void @empty_4, void @empty_4, i32 4294967295, i32 0, i32 0, i32 0"   --->   Operation 16 'specinterface' 'specinterface_ln0' <Predicate = true> <Delay = 0.00>
ST_1 : Operation 17 [1/1] (0.00ns)   --->   "%specinterface_ln0 = specinterface void @_ssdm_op_SpecInterface, i6 %stream_in_6_V_dest_V, i5 %stream_in_6_V_id_V, i1 %stream_in_6_V_last_V, i2 %stream_in_6_V_user_V, i4 %stream_in_6_V_strb_V, i4 %stream_in_6_V_keep_V, i32 %stream_in_6_V_data_V, void @empty_2, i32 0, i32 0, void @empty_3, i32 0, i32 0, void @empty_4, void @empty_4, void @empty_4, i32 0, i32 0, i32 0, i32 0, void @empty_4, void @empty_4, i32 4294967295, i32 0, i32 0, i32 0"   --->   Operation 17 'specinterface' 'specinterface_ln0' <Predicate = true> <Delay = 0.00>
ST_1 : Operation 18 [1/1] (0.00ns)   --->   "%specinterface_ln0 = specinterface void @_ssdm_op_SpecInterface, i6 %stream_in_5_V_dest_V, i5 %stream_in_5_V_id_V, i1 %stream_in_5_V_last_V, i2 %stream_in_5_V_user_V, i4 %stream_in_5_V_strb_V, i4 %stream_in_5_V_keep_V, i32 %stream_in_5_V_data_V, void @empty_2, i32 0, i32 0, void @empty_3, i32 0, i32 0, void @empty_4, void @empty_4, void @empty_4, i32 0, i32 0, i32 0, i32 0, void @empty_4, void @empty_4, i32 4294967295, i32 0, i32 0, i32 0"   --->   Operation 18 'specinterface' 'specinterface_ln0' <Predicate = true> <Delay = 0.00>
ST_1 : Operation 19 [1/1] (0.00ns)   --->   "%specinterface_ln0 = specinterface void @_ssdm_op_SpecInterface, i6 %stream_in_4_V_dest_V, i5 %stream_in_4_V_id_V, i1 %stream_in_4_V_last_V, i2 %stream_in_4_V_user_V, i4 %stream_in_4_V_strb_V, i4 %stream_in_4_V_keep_V, i32 %stream_in_4_V_data_V, void @empty_2, i32 0, i32 0, void @empty_3, i32 0, i32 0, void @empty_4, void @empty_4, void @empty_4, i32 0, i32 0, i32 0, i32 0, void @empty_4, void @empty_4, i32 4294967295, i32 0, i32 0, i32 0"   --->   Operation 19 'specinterface' 'specinterface_ln0' <Predicate = true> <Delay = 0.00>
ST_1 : Operation 20 [1/1] (0.00ns)   --->   "%specinterface_ln0 = specinterface void @_ssdm_op_SpecInterface, i6 %stream_in_3_V_dest_V, i5 %stream_in_3_V_id_V, i1 %stream_in_3_V_last_V, i2 %stream_in_3_V_user_V, i4 %stream_in_3_V_strb_V, i4 %stream_in_3_V_keep_V, i32 %stream_in_3_V_data_V, void @empty_2, i32 0, i32 0, void @empty_3, i32 0, i32 0, void @empty_4, void @empty_4, void @empty_4, i32 0, i32 0, i32 0, i32 0, void @empty_4, void @empty_4, i32 4294967295, i32 0, i32 0, i32 0"   --->   Operation 20 'specinterface' 'specinterface_ln0' <Predicate = true> <Delay = 0.00>
ST_1 : Operation 21 [1/1] (0.00ns)   --->   "%specinterface_ln0 = specinterface void @_ssdm_op_SpecInterface, i6 %stream_in_2_V_dest_V, i5 %stream_in_2_V_id_V, i1 %stream_in_2_V_last_V, i2 %stream_in_2_V_user_V, i4 %stream_in_2_V_strb_V, i4 %stream_in_2_V_keep_V, i32 %stream_in_2_V_data_V, void @empty_2, i32 0, i32 0, void @empty_3, i32 0, i32 0, void @empty_4, void @empty_4, void @empty_4, i32 0, i32 0, i32 0, i32 0, void @empty_4, void @empty_4, i32 4294967295, i32 0, i32 0, i32 0"   --->   Operation 21 'specinterface' 'specinterface_ln0' <Predicate = true> <Delay = 0.00>
ST_1 : Operation 22 [1/1] (0.00ns)   --->   "%specinterface_ln0 = specinterface void @_ssdm_op_SpecInterface, i6 %stream_in_1_V_dest_V, i5 %stream_in_1_V_id_V, i1 %stream_in_1_V_last_V, i2 %stream_in_1_V_user_V, i4 %stream_in_1_V_strb_V, i4 %stream_in_1_V_keep_V, i32 %stream_in_1_V_data_V, void @empty_2, i32 0, i32 0, void @empty_3, i32 0, i32 0, void @empty_4, void @empty_4, void @empty_4, i32 0, i32 0, i32 0, i32 0, void @empty_4, void @empty_4, i32 4294967295, i32 0, i32 0, i32 0"   --->   Operation 22 'specinterface' 'specinterface_ln0' <Predicate = true> <Delay = 0.00>
ST_1 : Operation 23 [1/1] (0.00ns)   --->   "%specinterface_ln0 = specinterface void @_ssdm_op_SpecInterface, i6 %stream_in_0_V_dest_V, i5 %stream_in_0_V_id_V, i1 %stream_in_0_V_last_V, i2 %stream_in_0_V_user_V, i4 %stream_in_0_V_strb_V, i4 %stream_in_0_V_keep_V, i32 %stream_in_0_V_data_V, void @empty_2, i32 0, i32 0, void @empty_3, i32 0, i32 0, void @empty_4, void @empty_4, void @empty_4, i32 0, i32 0, i32 0, i32 0, void @empty_4, void @empty_4, i32 4294967295, i32 0, i32 0, i32 0"   --->   Operation 23 'specinterface' 'specinterface_ln0' <Predicate = true> <Delay = 0.00>
ST_1 : Operation 24 [1/1] (0.00ns)   --->   "%tmp = read i1 @_ssdm_op_Read.ap_auto.i1, i1 %empty"   --->   Operation 24 'read' 'tmp' <Predicate = true> <Delay = 0.00>
ST_1 : Operation 25 [1/1] (0.00ns)   --->   "%tmp_1 = read i1 @_ssdm_op_Read.ap_auto.i1, i1 %empty_22"   --->   Operation 25 'read' 'tmp_1' <Predicate = true> <Delay = 0.00>
ST_1 : Operation 26 [1/1] (0.00ns)   --->   "%tmp_2 = read i1 @_ssdm_op_Read.ap_auto.i1, i1 %empty_21"   --->   Operation 26 'read' 'tmp_2' <Predicate = true> <Delay = 0.00>
ST_1 : Operation 27 [1/1] (0.00ns)   --->   "%tmp_3 = read i1 @_ssdm_op_Read.ap_auto.i1, i1 %empty_20"   --->   Operation 27 'read' 'tmp_3' <Predicate = true> <Delay = 0.00>
ST_1 : Operation 28 [1/1] (0.00ns)   --->   "%tmp_4 = read i1 @_ssdm_op_Read.ap_auto.i1, i1 %empty_19"   --->   Operation 28 'read' 'tmp_4' <Predicate = true> <Delay = 0.00>
ST_1 : Operation 29 [1/1] (0.00ns)   --->   "%tmp_5 = read i1 @_ssdm_op_Read.ap_auto.i1, i1 %empty_18"   --->   Operation 29 'read' 'tmp_5' <Predicate = true> <Delay = 0.00>
ST_1 : Operation 30 [1/1] (0.00ns)   --->   "%tmp_6 = read i1 @_ssdm_op_Read.ap_auto.i1, i1 %empty_17"   --->   Operation 30 'read' 'tmp_6' <Predicate = true> <Delay = 0.00>
ST_1 : Operation 31 [1/1] (0.00ns)   --->   "%tmp_7 = read i1 @_ssdm_op_Read.ap_auto.i1, i1 %empty_16"   --->   Operation 31 'read' 'tmp_7' <Predicate = true> <Delay = 0.00>
ST_1 : Operation 32 [1/1] (0.00ns)   --->   "%active_14_read = read i4 @_ssdm_op_Read.ap_auto.i4, i4 %active_14"   --->   Operation 32 'read' 'active_14_read' <Predicate = true> <Delay = 0.00>
ST_1 : Operation 33 [1/1] (0.79ns)   --->   "%icmp_ln65 = icmp_eq  i4 %active_14_read, i4 0" [hw_mixer.cpp:65]   --->   Operation 33 'icmp' 'icmp_ln65' <Predicate = true> <Delay = 0.79> <CoreInst = "Cmp">   --->   Core 9 'Cmp' <Latency = 0> <II = 1> <Delay = 0.79> <FuncUnit> <Opcode : 'seteq' 'setne' 'setle' 'setge' 'setlt' 'setgt'> <InPorts = 2> <OutPorts = 1>
ST_1 : Operation 34 [1/1] (0.00ns)   --->   "%br_ln30 = br void %while.body" [hw_mixer.cpp:30]   --->   Operation 34 'br' 'br_ln30' <Predicate = true> <Delay = 0.00>
ST_1 : Operation 35 [1/1] ( I:0.07ns O:0.07ns )   --->   "%empty_27 = read i54 @_ssdm_op_Read.axis.volatile.i32P0A.i4P0A.i4P0A.i2P0A.i1P0A.i5P0A.i6P0A, i32 %stream_in_0_V_data_V, i4 %stream_in_0_V_keep_V, i4 %stream_in_0_V_strb_V, i2 %stream_in_0_V_user_V, i1 %stream_in_0_V_last_V, i5 %stream_in_0_V_id_V, i6 %stream_in_0_V_dest_V" [hw_mixer.cpp:41]   --->   Operation 35 'read' 'empty_27' <Predicate = true> <Delay = 0.07> <CoreInst = "regslice">   --->   Core 147 'regslice' <Latency = 0> <II = 1> <Delay = 0.65> <Adapter> <Opcode : 'read' 'write'>
ST_1 : Operation 36 [1/1] (0.00ns) (grouped into LUT with out node mix_int)   --->   "%s0_data = extractvalue i54 %empty_27" [hw_mixer.cpp:41]   --->   Operation 36 'extractvalue' 's0_data' <Predicate = (tmp_7)> <Delay = 0.00>
ST_1 : Operation 37 [1/1] (0.00ns)   --->   "%s0_last = extractvalue i54 %empty_27" [hw_mixer.cpp:41]   --->   Operation 37 'extractvalue' 's0_last' <Predicate = true> <Delay = 0.00>
ST_1 : Operation 38 [1/1] ( I:0.07ns O:0.07ns )   --->   "%empty_28 = read i54 @_ssdm_op_Read.axis.volatile.i32P0A.i4P0A.i4P0A.i2P0A.i1P0A.i5P0A.i6P0A, i32 %stream_in_1_V_data_V, i4 %stream_in_1_V_keep_V, i4 %stream_in_1_V_strb_V, i2 %stream_in_1_V_user_V, i1 %stream_in_1_V_last_V, i5 %stream_in_1_V_id_V, i6 %stream_in_1_V_dest_V" [hw_mixer.cpp:42]   --->   Operation 38 'read' 'empty_28' <Predicate = true> <Delay = 0.07> <CoreInst = "regslice">   --->   Core 147 'regslice' <Latency = 0> <II = 1> <Delay = 0.65> <Adapter> <Opcode : 'read' 'write'>
ST_1 : Operation 39 [1/1] (0.00ns) (grouped into LUT with out node mix_int_1)   --->   "%s1_data = extractvalue i54 %empty_28" [hw_mixer.cpp:42]   --->   Operation 39 'extractvalue' 's1_data' <Predicate = (tmp_6)> <Delay = 0.00>
ST_1 : Operation 40 [1/1] (0.00ns)   --->   "%s1_last = extractvalue i54 %empty_28" [hw_mixer.cpp:42]   --->   Operation 40 'extractvalue' 's1_last' <Predicate = true> <Delay = 0.00>
ST_1 : Operation 41 [1/1] ( I:0.07ns O:0.07ns )   --->   "%empty_29 = read i54 @_ssdm_op_Read.axis.volatile.i32P0A.i4P0A.i4P0A.i2P0A.i1P0A.i5P0A.i6P0A, i32 %stream_in_2_V_data_V, i4 %stream_in_2_V_keep_V, i4 %stream_in_2_V_strb_V, i2 %stream_in_2_V_user_V, i1 %stream_in_2_V_last_V, i5 %stream_in_2_V_id_V, i6 %stream_in_2_V_dest_V" [hw_mixer.cpp:43]   --->   Operation 41 'read' 'empty_29' <Predicate = true> <Delay = 0.07> <CoreInst = "regslice">   --->   Core 147 'regslice' <Latency = 0> <II = 1> <Delay = 0.65> <Adapter> <Opcode : 'read' 'write'>
ST_1 : Operation 42 [1/1] (0.00ns) (grouped into LUT with out node mix_int_3)   --->   "%s2_data = extractvalue i54 %empty_29" [hw_mixer.cpp:43]   --->   Operation 42 'extractvalue' 's2_data' <Predicate = (tmp_5)> <Delay = 0.00>
ST_1 : Operation 43 [1/1] (0.00ns)   --->   "%s2_last = extractvalue i54 %empty_29" [hw_mixer.cpp:43]   --->   Operation 43 'extractvalue' 's2_last' <Predicate = true> <Delay = 0.00>
ST_1 : Operation 44 [1/1] ( I:0.07ns O:0.07ns )   --->   "%empty_30 = read i54 @_ssdm_op_Read.axis.volatile.i32P0A.i4P0A.i4P0A.i2P0A.i1P0A.i5P0A.i6P0A, i32 %stream_in_3_V_data_V, i4 %stream_in_3_V_keep_V, i4 %stream_in_3_V_strb_V, i2 %stream_in_3_V_user_V, i1 %stream_in_3_V_last_V, i5 %stream_in_3_V_id_V, i6 %stream_in_3_V_dest_V" [hw_mixer.cpp:44]   --->   Operation 44 'read' 'empty_30' <Predicate = true> <Delay = 0.07> <CoreInst = "regslice">   --->   Core 147 'regslice' <Latency = 0> <II = 1> <Delay = 0.65> <Adapter> <Opcode : 'read' 'write'>
ST_1 : Operation 45 [1/1] (0.00ns) (grouped into LUT with out node mix_int_5)   --->   "%s3_data = extractvalue i54 %empty_30" [hw_mixer.cpp:44]   --->   Operation 45 'extractvalue' 's3_data' <Predicate = (tmp_4)> <Delay = 0.00>
ST_1 : Operation 46 [1/1] (0.00ns)   --->   "%s3_last = extractvalue i54 %empty_30" [hw_mixer.cpp:44]   --->   Operation 46 'extractvalue' 's3_last' <Predicate = true> <Delay = 0.00>
ST_1 : Operation 47 [1/1] ( I:0.07ns O:0.07ns )   --->   "%empty_31 = read i54 @_ssdm_op_Read.axis.volatile.i32P0A.i4P0A.i4P0A.i2P0A.i1P0A.i5P0A.i6P0A, i32 %stream_in_4_V_data_V, i4 %stream_in_4_V_keep_V, i4 %stream_in_4_V_strb_V, i2 %stream_in_4_V_user_V, i1 %stream_in_4_V_last_V, i5 %stream_in_4_V_id_V, i6 %stream_in_4_V_dest_V" [hw_mixer.cpp:45]   --->   Operation 47 'read' 'empty_31' <Predicate = true> <Delay = 0.07> <CoreInst = "regslice">   --->   Core 147 'regslice' <Latency = 0> <II = 1> <Delay = 0.65> <Adapter> <Opcode : 'read' 'write'>
ST_1 : Operation 48 [1/1] (0.00ns) (grouped into LUT with out node mix_int_7)   --->   "%s4_data = extractvalue i54 %empty_31" [hw_mixer.cpp:45]   --->   Operation 48 'extractvalue' 's4_data' <Predicate = (tmp_3)> <Delay = 0.00>
ST_1 : Operation 49 [1/1] (0.00ns)   --->   "%s4_last = extractvalue i54 %empty_31" [hw_mixer.cpp:45]   --->   Operation 49 'extractvalue' 's4_last' <Predicate = true> <Delay = 0.00>
ST_1 : Operation 50 [1/1] ( I:0.07ns O:0.07ns )   --->   "%empty_32 = read i54 @_ssdm_op_Read.axis.volatile.i32P0A.i4P0A.i4P0A.i2P0A.i1P0A.i5P0A.i6P0A, i32 %stream_in_5_V_data_V, i4 %stream_in_5_V_keep_V, i4 %stream_in_5_V_strb_V, i2 %stream_in_5_V_user_V, i1 %stream_in_5_V_last_V, i5 %stream_in_5_V_id_V, i6 %stream_in_5_V_dest_V" [hw_mixer.cpp:46]   --->   Operation 50 'read' 'empty_32' <Predicate = true> <Delay = 0.07> <CoreInst = "regslice">   --->   Core 147 'regslice' <Latency = 0> <II = 1> <Delay = 0.65> <Adapter> <Opcode : 'read' 'write'>
ST_1 : Operation 51 [1/1] (0.00ns)   --->   "%s5_last = extractvalue i54 %empty_32" [hw_mixer.cpp:46]   --->   Operation 51 'extractvalue' 's5_last' <Predicate = true> <Delay = 0.00>
ST_1 : Operation 52 [1/1] ( I:0.07ns O:0.07ns )   --->   "%empty_33 = read i54 @_ssdm_op_Read.axis.volatile.i32P0A.i4P0A.i4P0A.i2P0A.i1P0A.i5P0A.i6P0A, i32 %stream_in_6_V_data_V, i4 %stream_in_6_V_keep_V, i4 %stream_in_6_V_strb_V, i2 %stream_in_6_V_user_V, i1 %stream_in_6_V_last_V, i5 %stream_in_6_V_id_V, i6 %stream_in_6_V_dest_V" [hw_mixer.cpp:47]   --->   Operation 52 'read' 'empty_33' <Predicate = true> <Delay = 0.07> <CoreInst = "regslice">   --->   Core 147 'regslice' <Latency = 0> <II = 1> <Delay = 0.65> <Adapter> <Opcode : 'read' 'write'>
ST_1 : Operation 53 [1/1] (0.00ns)   --->   "%s6_last = extractvalue i54 %empty_33" [hw_mixer.cpp:47]   --->   Operation 53 'extractvalue' 's6_last' <Predicate = true> <Delay = 0.00>
ST_1 : Operation 54 [1/1] ( I:0.07ns O:0.07ns )   --->   "%empty_34 = read i54 @_ssdm_op_Read.axis.volatile.i32P0A.i4P0A.i4P0A.i2P0A.i1P0A.i5P0A.i6P0A, i32 %stream_in_7_V_data_V, i4 %stream_in_7_V_keep_V, i4 %stream_in_7_V_strb_V, i2 %stream_in_7_V_user_V, i1 %stream_in_7_V_last_V, i5 %stream_in_7_V_id_V, i6 %stream_in_7_V_dest_V" [hw_mixer.cpp:48]   --->   Operation 54 'read' 'empty_34' <Predicate = true> <Delay = 0.07> <CoreInst = "regslice">   --->   Core 147 'regslice' <Latency = 0> <II = 1> <Delay = 0.65> <Adapter> <Opcode : 'read' 'write'>
ST_1 : Operation 55 [1/1] (0.00ns)   --->   "%s7_last = extractvalue i54 %empty_34" [hw_mixer.cpp:48]   --->   Operation 55 'extractvalue' 's7_last' <Predicate = true> <Delay = 0.00>
ST_1 : Operation 56 [1/1] (0.44ns) (out node of the LUT)   --->   "%mix_int = select i1 %tmp_7, i32 %s0_data, i32 0" [hw_mixer.cpp:54]   --->   Operation 56 'select' 'mix_int' <Predicate = true> <Delay = 0.44> <CoreInst = "Sel">   --->   Core 73 'Sel' <Latency = 0> <II = 1> <Delay = 0.44> <FuncUnit> <Opcode : 'select'> <InPorts = 3> <OutPorts = 1>
ST_1 : Operation 57 [1/1] (1.01ns) (out node of the LUT)   --->   "%mix_int_1 = add i32 %s1_data, i32 %mix_int" [hw_mixer.cpp:55]   --->   Operation 57 'add' 'mix_int_1' <Predicate = (tmp_6)> <Delay = 1.01> <CoreInst = "Adder">   --->   Core 1 'Adder' <Latency = 0> <II = 1> <Delay = 1.01> <FuncUnit> <Opcode : 'add' 'sub'> <InPorts = 2> <OutPorts = 1>
ST_1 : Operation 58 [1/1] (0.44ns)   --->   "%mix_int_2 = select i1 %tmp_6, i32 %mix_int_1, i32 %mix_int" [hw_mixer.cpp:55]   --->   Operation 58 'select' 'mix_int_2' <Predicate = true> <Delay = 0.44> <CoreInst = "Sel">   --->   Core 73 'Sel' <Latency = 0> <II = 1> <Delay = 0.44> <FuncUnit> <Opcode : 'select'> <InPorts = 3> <OutPorts = 1>
ST_1 : Operation 59 [1/1] (1.01ns) (out node of the LUT)   --->   "%mix_int_3 = add i32 %s2_data, i32 %mix_int_2" [hw_mixer.cpp:56]   --->   Operation 59 'add' 'mix_int_3' <Predicate = (tmp_5)> <Delay = 1.01> <CoreInst = "Adder">   --->   Core 1 'Adder' <Latency = 0> <II = 1> <Delay = 1.01> <FuncUnit> <Opcode : 'add' 'sub'> <InPorts = 2> <OutPorts = 1>
ST_1 : Operation 60 [1/1] (0.44ns)   --->   "%mix_int_4 = select i1 %tmp_5, i32 %mix_int_3, i32 %mix_int_2" [hw_mixer.cpp:56]   --->   Operation 60 'select' 'mix_int_4' <Predicate = true> <Delay = 0.44> <CoreInst = "Sel">   --->   Core 73 'Sel' <Latency = 0> <II = 1> <Delay = 0.44> <FuncUnit> <Opcode : 'select'> <InPorts = 3> <OutPorts = 1>
ST_1 : Operation 61 [1/1] (1.01ns) (out node of the LUT)   --->   "%mix_int_5 = add i32 %s3_data, i32 %mix_int_4" [hw_mixer.cpp:57]   --->   Operation 61 'add' 'mix_int_5' <Predicate = (tmp_4)> <Delay = 1.01> <CoreInst = "Adder">   --->   Core 1 'Adder' <Latency = 0> <II = 1> <Delay = 1.01> <FuncUnit> <Opcode : 'add' 'sub'> <InPorts = 2> <OutPorts = 1>
ST_1 : Operation 62 [1/1] (0.44ns)   --->   "%mix_int_6 = select i1 %tmp_4, i32 %mix_int_5, i32 %mix_int_4" [hw_mixer.cpp:57]   --->   Operation 62 'select' 'mix_int_6' <Predicate = true> <Delay = 0.44> <CoreInst = "Sel">   --->   Core 73 'Sel' <Latency = 0> <II = 1> <Delay = 0.44> <FuncUnit> <Opcode : 'select'> <InPorts = 3> <OutPorts = 1>
ST_1 : Operation 63 [1/1] (1.01ns) (out node of the LUT)   --->   "%mix_int_7 = add i32 %s4_data, i32 %mix_int_6" [hw_mixer.cpp:58]   --->   Operation 63 'add' 'mix_int_7' <Predicate = (tmp_3)> <Delay = 1.01> <CoreInst = "Adder">   --->   Core 1 'Adder' <Latency = 0> <II = 1> <Delay = 1.01> <FuncUnit> <Opcode : 'add' 'sub'> <InPorts = 2> <OutPorts = 1>
ST_1 : Operation 64 [1/1] (0.44ns)   --->   "%mix_int_8 = select i1 %tmp_3, i32 %mix_int_7, i32 %mix_int_6" [hw_mixer.cpp:58]   --->   Operation 64 'select' 'mix_int_8' <Predicate = true> <Delay = 0.44> <CoreInst = "Sel">   --->   Core 73 'Sel' <Latency = 0> <II = 1> <Delay = 0.44> <FuncUnit> <Opcode : 'select'> <InPorts = 3> <OutPorts = 1>
ST_1 : Operation 65 [1/1] (0.42ns)   --->   "%br_ln65 = br i1 %icmp_ln65, void %cond.true, void %cond.end" [hw_mixer.cpp:65]   --->   Operation 65 'br' 'br_ln65' <Predicate = true> <Delay = 0.42>
ST_1 : Operation 66 [1/1] (0.00ns) (grouped into LUT with out node or_ln69_2)   --->   "%or_ln69 = or i1 %s7_last, i1 %s6_last" [hw_mixer.cpp:69]   --->   Operation 66 'or' 'or_ln69' <Predicate = true> <Delay = 0.00> <CoreInst = "LogicGate">   --->   Core 74 'LogicGate' <Latency = 0> <II = 1> <Delay = 0.28> <FuncUnit> <Opcode : 'and' 'or' 'xor'> <InPorts = 2> <OutPorts = 1>
ST_1 : Operation 67 [1/1] (0.00ns) (grouped into LUT with out node or_ln69_2)   --->   "%or_ln69_1 = or i1 %s4_last, i1 %s5_last" [hw_mixer.cpp:69]   --->   Operation 67 'or' 'or_ln69_1' <Predicate = true> <Delay = 0.00> <CoreInst = "LogicGate">   --->   Core 74 'LogicGate' <Latency = 0> <II = 1> <Delay = 0.28> <FuncUnit> <Opcode : 'and' 'or' 'xor'> <InPorts = 2> <OutPorts = 1>
ST_1 : Operation 68 [1/1] (0.28ns) (out node of the LUT)   --->   "%or_ln69_2 = or i1 %or_ln69_1, i1 %or_ln69" [hw_mixer.cpp:69]   --->   Operation 68 'or' 'or_ln69_2' <Predicate = true> <Delay = 0.28> <CoreInst = "LogicGate">   --->   Core 74 'LogicGate' <Latency = 0> <II = 1> <Delay = 0.28> <FuncUnit> <Opcode : 'and' 'or' 'xor'> <InPorts = 2> <OutPorts = 1>
ST_1 : Operation 69 [1/1] (0.00ns) (grouped into LUT with out node or_ln69_6)   --->   "%or_ln69_3 = or i1 %s1_last, i1 %s0_last" [hw_mixer.cpp:69]   --->   Operation 69 'or' 'or_ln69_3' <Predicate = true> <Delay = 0.00> <CoreInst = "LogicGate">   --->   Core 74 'LogicGate' <Latency = 0> <II = 1> <Delay = 0.28> <FuncUnit> <Opcode : 'and' 'or' 'xor'> <InPorts = 2> <OutPorts = 1>
ST_1 : Operation 70 [1/1] (0.00ns) (grouped into LUT with out node or_ln69_6)   --->   "%or_ln69_4 = or i1 %s2_last, i1 %s3_last" [hw_mixer.cpp:69]   --->   Operation 70 'or' 'or_ln69_4' <Predicate = true> <Delay = 0.00> <CoreInst = "LogicGate">   --->   Core 74 'LogicGate' <Latency = 0> <II = 1> <Delay = 0.28> <FuncUnit> <Opcode : 'and' 'or' 'xor'> <InPorts = 2> <OutPorts = 1>
ST_1 : Operation 71 [1/1] (0.00ns) (grouped into LUT with out node or_ln69_6)   --->   "%or_ln69_5 = or i1 %or_ln69_4, i1 %or_ln69_3" [hw_mixer.cpp:69]   --->   Operation 71 'or' 'or_ln69_5' <Predicate = true> <Delay = 0.00> <CoreInst = "LogicGate">   --->   Core 74 'LogicGate' <Latency = 0> <II = 1> <Delay = 0.28> <FuncUnit> <Opcode : 'and' 'or' 'xor'> <InPorts = 2> <OutPorts = 1>
ST_1 : Operation 72 [1/1] (0.28ns) (out node of the LUT)   --->   "%or_ln69_6 = or i1 %or_ln69_5, i1 %or_ln69_2" [hw_mixer.cpp:69]   --->   Operation 72 'or' 'or_ln69_6' <Predicate = true> <Delay = 0.28> <CoreInst = "LogicGate">   --->   Core 74 'LogicGate' <Latency = 0> <II = 1> <Delay = 0.28> <FuncUnit> <Opcode : 'and' 'or' 'xor'> <InPorts = 2> <OutPorts = 1>
ST_1 : Operation 73 [1/1] (0.00ns)   --->   "%br_ln69 = br i1 %or_ln69_6, void %if.end90, void %if.then87.exitStub" [hw_mixer.cpp:69]   --->   Operation 73 'br' 'br_ln69' <Predicate = true> <Delay = 0.00>

State 2 <SV = 1> <Delay = 4.39>
ST_2 : Operation 74 [1/1] (0.00ns)   --->   "%specpipeline_ln41 = specpipeline void @_ssdm_op_SpecPipeline, i32 4294967295, i32 0, i32 0, i32 0, i32 4294967295, void @empty_4" [hw_mixer.cpp:41]   --->   Operation 74 'specpipeline' 'specpipeline_ln41' <Predicate = true> <Delay = 0.00>
ST_2 : Operation 75 [1/1] (0.00ns)   --->   "%speclooptripcount_ln31 = speclooptripcount void @_ssdm_op_SpecLoopTripCount, i64 200, i64 20000, i64 10000" [hw_mixer.cpp:31]   --->   Operation 75 'speclooptripcount' 'speclooptripcount_ln31' <Predicate = true> <Delay = 0.00>
ST_2 : Operation 76 [1/1] (0.00ns)   --->   "%specloopname_ln30 = specloopname void @_ssdm_op_SpecLoopName, void @empty_10" [hw_mixer.cpp:30]   --->   Operation 76 'specloopname' 'specloopname_ln30' <Predicate = true> <Delay = 0.00>
ST_2 : Operation 77 [1/1] (0.00ns) (grouped into LUT with out node mix_int_9)   --->   "%s5_data = extractvalue i54 %empty_32" [hw_mixer.cpp:46]   --->   Operation 77 'extractvalue' 's5_data' <Predicate = (tmp_2)> <Delay = 0.00>
ST_2 : Operation 78 [1/1] (0.00ns) (grouped into LUT with out node mix_int_11)   --->   "%s6_data = extractvalue i54 %empty_33" [hw_mixer.cpp:47]   --->   Operation 78 'extractvalue' 's6_data' <Predicate = (tmp_1)> <Delay = 0.00>
ST_2 : Operation 79 [1/1] (0.00ns) (grouped into LUT with out node mix_int_13)   --->   "%s7_data = extractvalue i54 %empty_34" [hw_mixer.cpp:48]   --->   Operation 79 'extractvalue' 's7_data' <Predicate = (tmp)> <Delay = 0.00>
ST_2 : Operation 80 [1/1] (1.01ns) (out node of the LUT)   --->   "%mix_int_9 = add i32 %s5_data, i32 %mix_int_8" [hw_mixer.cpp:59]   --->   Operation 80 'add' 'mix_int_9' <Predicate = (tmp_2)> <Delay = 1.01> <CoreInst = "Adder">   --->   Core 1 'Adder' <Latency = 0> <II = 1> <Delay = 1.01> <FuncUnit> <Opcode : 'add' 'sub'> <InPorts = 2> <OutPorts = 1>
ST_2 : Operation 81 [1/1] (0.44ns)   --->   "%mix_int_10 = select i1 %tmp_2, i32 %mix_int_9, i32 %mix_int_8" [hw_mixer.cpp:59]   --->   Operation 81 'select' 'mix_int_10' <Predicate = true> <Delay = 0.44> <CoreInst = "Sel">   --->   Core 73 'Sel' <Latency = 0> <II = 1> <Delay = 0.44> <FuncUnit> <Opcode : 'select'> <InPorts = 3> <OutPorts = 1>
ST_2 : Operation 82 [1/1] (1.01ns) (out node of the LUT)   --->   "%mix_int_11 = add i32 %s6_data, i32 %mix_int_10" [hw_mixer.cpp:60]   --->   Operation 82 'add' 'mix_int_11' <Predicate = (tmp_1)> <Delay = 1.01> <CoreInst = "Adder">   --->   Core 1 'Adder' <Latency = 0> <II = 1> <Delay = 1.01> <FuncUnit> <Opcode : 'add' 'sub'> <InPorts = 2> <OutPorts = 1>
ST_2 : Operation 83 [1/1] (0.44ns)   --->   "%mix_int_12 = select i1 %tmp_1, i32 %mix_int_11, i32 %mix_int_10" [hw_mixer.cpp:60]   --->   Operation 83 'select' 'mix_int_12' <Predicate = true> <Delay = 0.44> <CoreInst = "Sel">   --->   Core 73 'Sel' <Latency = 0> <II = 1> <Delay = 0.44> <FuncUnit> <Opcode : 'select'> <InPorts = 3> <OutPorts = 1>
ST_2 : Operation 84 [1/1] (1.01ns) (out node of the LUT)   --->   "%mix_int_13 = add i32 %s7_data, i32 %mix_int_12" [hw_mixer.cpp:61]   --->   Operation 84 'add' 'mix_int_13' <Predicate = (tmp)> <Delay = 1.01> <CoreInst = "Adder">   --->   Core 1 'Adder' <Latency = 0> <II = 1> <Delay = 1.01> <FuncUnit> <Opcode : 'add' 'sub'> <InPorts = 2> <OutPorts = 1>
ST_2 : Operation 85 [1/1] (0.44ns)   --->   "%mix_int_14 = select i1 %tmp, i32 %mix_int_13, i32 %mix_int_12" [hw_mixer.cpp:61]   --->   Operation 85 'select' 'mix_int_14' <Predicate = true> <Delay = 0.44> <CoreInst = "Sel">   --->   Core 73 'Sel' <Latency = 0> <II = 1> <Delay = 0.44> <FuncUnit> <Opcode : 'select'> <InPorts = 3> <OutPorts = 1>
ST_2 : Operation 86 [1/1] (0.42ns)   --->   "%br_ln65 = br void %cond.end" [hw_mixer.cpp:65]   --->   Operation 86 'br' 'br_ln65' <Predicate = (!icmp_ln65)> <Delay = 0.42>

State 3 <SV = 2> <Delay = 4.63>
ST_3 : Operation 87 [1/1] (0.00ns)   --->   "%sext_ln65 = sext i32 %mix_int_14" [hw_mixer.cpp:65]   --->   Operation 87 'sext' 'sext_ln65' <Predicate = (!icmp_ln65)> <Delay = 0.00>
ST_3 : Operation 88 [1/1] (0.72ns)   --->   "%zext_ln65_cast = sparsemux i9 @_ssdm_op_SparseMux.ap_auto.8i9.i9.i4, i4 1, i9 256, i4 2, i9 181, i4 3, i9 148, i4 4, i9 128, i4 5, i9 114, i4 6, i9 105, i4 7, i9 97, i4 8, i9 91, i9 0, i4 %active_14_read" [hw_mixer.cpp:65]   --->   Operation 88 'sparsemux' 'zext_ln65_cast' <Predicate = (!icmp_ln65)> <Delay = 0.72> <CoreInst = "BinarySparseMux_DontCare">   --->   Core 149 'BinarySparseMux_DontCare' <Latency = 0> <II = 1> <Delay = 0.72> <FuncUnit> <Opcode : 'sparsemux'> <InPorts = 2> <OutPorts = 1>
ST_3 : Operation 89 [1/1] (0.00ns)   --->   "%zext_ln65 = zext i9 %zext_ln65_cast" [hw_mixer.cpp:65]   --->   Operation 89 'zext' 'zext_ln65' <Predicate = (!icmp_ln65)> <Delay = 0.00>
ST_3 : Operation 90 [1/1] (3.42ns)   --->   "%mul_ln65 = mul i40 %zext_ln65, i40 %sext_ln65" [hw_mixer.cpp:65]   --->   Operation 90 'mul' 'mul_ln65' <Predicate = (!icmp_ln65)> <Delay = 3.42> <CoreInst = "Multiplier">   --->   Core 3 'Multiplier' <Latency = 0> <II = 1> <Delay = 3.42> <FuncUnit> <Opcode : 'mul'> <InPorts = 2> <OutPorts = 1>
ST_3 : Operation 91 [1/1] (0.00ns)   --->   "%trunc_ln = partselect i32 @_ssdm_op_PartSelect.i32.i40.i32.i32, i40 %mul_ln65, i32 8, i32 39" [hw_mixer.cpp:65]   --->   Operation 91 'partselect' 'trunc_ln' <Predicate = (!icmp_ln65)> <Delay = 0.00>
ST_3 : Operation 92 [1/1] (0.00ns)   --->   "%out_pkt_data = phi i32 %trunc_ln, void %cond.true, i32 0, void %while.body" [hw_mixer.cpp:65]   --->   Operation 92 'phi' 'out_pkt_data' <Predicate = true> <Delay = 0.00>
ST_3 : Operation 93 [1/1] ( I:0.49ns O:0.49ns )   --->   "%write_ln74 = write void @_ssdm_op_Write.axis.volatile.i32P0A.i4P0A.i4P0A.i2P0A.i1P0A.i5P0A.i6P0A, i32 %mix_out_V_data_V, i4 %mix_out_V_keep_V, i4 %mix_out_V_strb_V, i2 %mix_out_V_user_V, i1 %mix_out_V_last_V, i5 %mix_out_V_id_V, i6 %mix_out_V_dest_V, i32 %out_pkt_data, i4 15, i4 15, i2 0, i1 0, i5 0, i6 0" [hw_mixer.cpp:74]   --->   Operation 93 'write' 'write_ln74' <Predicate = (!or_ln69_6)> <Delay = 0.49> <CoreInst = "regslice">   --->   Core 147 'regslice' <Latency = 0> <II = 1> <Delay = 0.65> <Adapter> <Opcode : 'read' 'write'>
ST_3 : Operation 94 [1/1] (0.00ns)   --->   "%br_ln30 = br void %while.body" [hw_mixer.cpp:30]   --->   Operation 94 'br' 'br_ln30' <Predicate = (!or_ln69_6)> <Delay = 0.00>
ST_3 : Operation 95 [1/1] (0.00ns)   --->   "%write_ln65 = write void @_ssdm_op_Write.ap_auto.i32P0A, i32 %out_pkt_data_out, i32 %out_pkt_data" [hw_mixer.cpp:65]   --->   Operation 95 'write' 'write_ln65' <Predicate = (or_ln69_6)> <Delay = 0.00>
ST_3 : Operation 96 [1/1] (0.42ns)   --->   "%ret_ln0 = ret"   --->   Operation 96 'ret' 'ret_ln0' <Predicate = (or_ln69_6)> <Delay = 0.42>


============================================================
+ Verbose Summary: Timing violations
============================================================
Target clock period: 10.000ns, clock uncertainty: 2.700ns.

 <State 1>: 6.388ns
The critical path consists of the following:
	axis read operation ('empty_27', hw_mixer.cpp:41) on port 'stream_in_0_V_data_V' (hw_mixer.cpp:41) [107]  (0.079 ns)
	'select' operation 32 bit ('mix_int', hw_mixer.cpp:54) [131]  (0.449 ns)
	'add' operation 32 bit ('mix_int', hw_mixer.cpp:55) [132]  (1.016 ns)
	'select' operation 32 bit ('mix_int', hw_mixer.cpp:55) [133]  (0.449 ns)
	'add' operation 32 bit ('mix_int', hw_mixer.cpp:56) [134]  (1.016 ns)
	'select' operation 32 bit ('mix_int', hw_mixer.cpp:56) [135]  (0.449 ns)
	'add' operation 32 bit ('mix_int', hw_mixer.cpp:57) [136]  (1.016 ns)
	'select' operation 32 bit ('mix_int', hw_mixer.cpp:57) [137]  (0.449 ns)
	'add' operation 32 bit ('mix_int', hw_mixer.cpp:58) [138]  (1.016 ns)
	'select' operation 32 bit ('mix_int', hw_mixer.cpp:58) [139]  (0.449 ns)

 <State 2>: 4.395ns
The critical path consists of the following:
	'add' operation 32 bit ('mix_int', hw_mixer.cpp:59) [140]  (1.016 ns)
	'select' operation 32 bit ('mix_int', hw_mixer.cpp:59) [141]  (0.449 ns)
	'add' operation 32 bit ('mix_int', hw_mixer.cpp:60) [142]  (1.016 ns)
	'select' operation 32 bit ('mix_int', hw_mixer.cpp:60) [143]  (0.449 ns)
	'add' operation 32 bit ('mix_int', hw_mixer.cpp:61) [144]  (1.016 ns)
	'select' operation 32 bit ('mix_int', hw_mixer.cpp:61) [145]  (0.449 ns)

 <State 3>: 4.638ns
The critical path consists of the following:
	'sparsemux' operation 9 bit ('zext_ln65_cast', hw_mixer.cpp:65) [149]  (0.721 ns)
	'mul' operation 40 bit ('mul_ln65', hw_mixer.cpp:65) [151]  (3.420 ns)
	'phi' operation 32 bit ('out_pkt.data', hw_mixer.cpp:65) with incoming values : ('trunc_ln', hw_mixer.cpp:65) [155]  (0.000 ns)
	axis write operation ('write_ln74', hw_mixer.cpp:74) on port 'mix_out_V_data_V' (hw_mixer.cpp:74) [165]  (0.497 ns)


============================================================
+ Verbose Summary: Binding
============================================================
N/A
* FSMD analyzer results:
  - Output states:
 - Input state : 
  - Chain level:
	State 1
	State 2
	State 3


============================================================
+ Verbose Summary: Datapath Resource usage 
============================================================
N/A
