

================================================================
== Vitis HLS Report for 'mixer'
================================================================
* Date:           Wed Apr 22 16:16:12 2026

* Version:        2025.2 (Build 6295257 on Nov 14 2025)
* Project:        FPGA_Mix_Hardware
* Solution:       hls (Vivado IP Flow Target)
* Product family: zynquplus
* Target device:  xczu3eg-sfvc784-2-e


================================================================
== Performance Estimates
================================================================
+ Timing: 
    * Summary: 
    +--------+----------+----------+------------+
    |  Clock |  Target  | Estimated| Uncertainty|
    +--------+----------+----------+------------+
    |ap_clk  |  10.00 ns|  7.256 ns|     2.70 ns|
    +--------+----------+----------+------------+

+ Latency: 
    * Summary: 
    +---------+---------+----------+----------+-----+-----+---------+
    |  Latency (cycles) |  Latency (absolute) |  Interval | Pipeline|
    |   min   |   max   |    min   |    max   | min | max |   Type  |
    +---------+---------+----------+----------+-----+-----+---------+
    |        ?|        ?|         ?|         ?|    ?|    ?|       no|
    +---------+---------+----------+----------+-----+-----+---------+

    + Detail: 
        * Instance: 
        +------------------------------------------+--------------------------------+---------+---------+----------+----------+-----+-----+-------------------+
        |                                          |                                |  Latency (cycles) |  Latency (absolute) |  Interval |      Pipeline     |
        |                 Instance                 |             Module             |   min   |   max   |    min   |    max   | min | max |        Type       |
        +------------------------------------------+--------------------------------+---------+---------+----------+----------+-----+-----+-------------------+
        |grp_mixer_Pipeline_VITIS_LOOP_27_1_fu_94  |mixer_Pipeline_VITIS_LOOP_27_1  |        ?|        ?|         ?|         ?|    0|    0|  loop pipeline stp|
        +------------------------------------------+--------------------------------+---------+---------+----------+----------+-----+-----+-------------------+

        * Loop: 
        N/A

============================================================
+ Verbose Summary: Synthesis Manager
============================================================
InlineROM: 1
ExposeGlobal: 0
============================================================
+ Verbose Summary: CDFG Model
============================================================
IsTopModel: 1
ResetActiveHigh: 1
IsCombinational: 0
IsDatapathOnly: 0
HasWiredReturn: 1
HasMFsm: 0
HasVarLatency: 1
IsPipeline: 0
IsRtlPipelined: 0
IsInstanceOverlapped: 0
IsDontTouch: 0
HasImplIP: 0
IsGatedGlobalClock: 0


============================================================
+ Verbose Summary: Schedule
============================================================
* Number of FSM states : 4
* Pipeline : 0
* Dataflow Pipeline: 0

* FSM state transitions: 
1 --> 2 
2 --> 3 
3 --> 4 
4 --> 

* FSM state operations: 

State 1 <SV = 0> <Delay = 4.30>
ST_1 : Operation 5 [1/1] (0.00ns)   --->   "%switches_read = read i8 @_ssdm_op_Read.ap_none.i8, i8 %switches"   --->   Operation 5 'read' 'switches_read' <Predicate = true> <Delay = 0.00>
ST_1 : Operation 6 [1/1] (0.00ns)   --->   "%add_ln68_loc = alloca i64 1"   --->   Operation 6 'alloca' 'add_ln68_loc' <Predicate = true> <Delay = 0.00>
ST_1 : Operation 7 [1/1] (0.00ns)   --->   "%trunc_ln42 = trunc i8 %switches_read" [hw_mixer.cpp:42]   --->   Operation 7 'trunc' 'trunc_ln42' <Predicate = true> <Delay = 0.00>
ST_1 : Operation 8 [1/1] (0.00ns)   --->   "%tmp = bitselect i1 @_ssdm_op_BitSelect.i1.i8.i32, i8 %switches_read, i32 1" [hw_mixer.cpp:43]   --->   Operation 8 'bitselect' 'tmp' <Predicate = true> <Delay = 0.00>
ST_1 : Operation 9 [1/1] (0.00ns)   --->   "%tmp_12 = bitselect i1 @_ssdm_op_BitSelect.i1.i8.i32, i8 %switches_read, i32 2" [hw_mixer.cpp:44]   --->   Operation 9 'bitselect' 'tmp_12' <Predicate = true> <Delay = 0.00>
ST_1 : Operation 10 [1/1] (0.00ns)   --->   "%tmp_13 = bitselect i1 @_ssdm_op_BitSelect.i1.i8.i32, i8 %switches_read, i32 3" [hw_mixer.cpp:45]   --->   Operation 10 'bitselect' 'tmp_13' <Predicate = true> <Delay = 0.00>
ST_1 : Operation 11 [1/1] (0.00ns)   --->   "%tmp_14 = bitselect i1 @_ssdm_op_BitSelect.i1.i8.i32, i8 %switches_read, i32 4" [hw_mixer.cpp:46]   --->   Operation 11 'bitselect' 'tmp_14' <Predicate = true> <Delay = 0.00>
ST_1 : Operation 12 [1/1] (0.00ns)   --->   "%tmp_15 = bitselect i1 @_ssdm_op_BitSelect.i1.i8.i32, i8 %switches_read, i32 5" [hw_mixer.cpp:47]   --->   Operation 12 'bitselect' 'tmp_15' <Predicate = true> <Delay = 0.00>
ST_1 : Operation 13 [1/1] (0.00ns)   --->   "%tmp_16 = bitselect i1 @_ssdm_op_BitSelect.i1.i8.i32, i8 %switches_read, i32 6" [hw_mixer.cpp:48]   --->   Operation 13 'bitselect' 'tmp_16' <Predicate = true> <Delay = 0.00>
ST_1 : Operation 14 [1/1] (0.00ns)   --->   "%tmp_17 = bitselect i1 @_ssdm_op_BitSelect.i1.i8.i32, i8 %switches_read, i32 7" [hw_mixer.cpp:49]   --->   Operation 14 'bitselect' 'tmp_17' <Predicate = true> <Delay = 0.00>
ST_1 : Operation 15 [1/1] (0.00ns) (grouped into LUT with out node select_ln43_1)   --->   "%zext_ln43 = zext i1 %trunc_ln42" [hw_mixer.cpp:43]   --->   Operation 15 'zext' 'zext_ln43' <Predicate = true> <Delay = 0.00>
ST_1 : Operation 16 [1/1] (0.00ns) (grouped into LUT with out node select_ln43_1)   --->   "%select_ln43 = select i1 %trunc_ln42, i2 2, i2 1" [hw_mixer.cpp:43]   --->   Operation 16 'select' 'select_ln43' <Predicate = true> <Delay = 0.00> <CoreInst = "Sel">   --->   Core 73 'Sel' <Latency = 0> <II = 1> <Delay = 0.17> <FuncUnit> <Opcode : 'select'> <InPorts = 3> <OutPorts = 1>
ST_1 : Operation 17 [1/1] (0.17ns) (out node of the LUT)   --->   "%select_ln43_1 = select i1 %tmp, i2 %select_ln43, i2 %zext_ln43" [hw_mixer.cpp:43]   --->   Operation 17 'select' 'select_ln43_1' <Predicate = true> <Delay = 0.17> <CoreInst = "Sel">   --->   Core 73 'Sel' <Latency = 0> <II = 1> <Delay = 0.17> <FuncUnit> <Opcode : 'select'> <InPorts = 3> <OutPorts = 1>
ST_1 : Operation 18 [1/1] (0.54ns)   --->   "%add_ln44 = add i2 %select_ln43_1, i2 1" [hw_mixer.cpp:44]   --->   Operation 18 'add' 'add_ln44' <Predicate = true> <Delay = 0.54> <CoreInst = "Adder">   --->   Core 1 'Adder' <Latency = 0> <II = 1> <Delay = 0.54> <FuncUnit> <Opcode : 'add' 'sub'> <InPorts = 2> <OutPorts = 1>
ST_1 : Operation 19 [1/1] (0.17ns)   --->   "%select_ln44 = select i1 %tmp_12, i2 %add_ln44, i2 %select_ln43_1" [hw_mixer.cpp:44]   --->   Operation 19 'select' 'select_ln44' <Predicate = true> <Delay = 0.17> <CoreInst = "Sel">   --->   Core 73 'Sel' <Latency = 0> <II = 1> <Delay = 0.17> <FuncUnit> <Opcode : 'select'> <InPorts = 3> <OutPorts = 1>
ST_1 : Operation 20 [1/1] (0.00ns)   --->   "%zext_ln45 = zext i2 %select_ln44" [hw_mixer.cpp:45]   --->   Operation 20 'zext' 'zext_ln45' <Predicate = true> <Delay = 0.00>
ST_1 : Operation 21 [1/1] (0.54ns)   --->   "%add_ln45 = add i3 %zext_ln45, i3 1" [hw_mixer.cpp:45]   --->   Operation 21 'add' 'add_ln45' <Predicate = true> <Delay = 0.54> <CoreInst = "Adder">   --->   Core 1 'Adder' <Latency = 0> <II = 1> <Delay = 0.54> <FuncUnit> <Opcode : 'add' 'sub'> <InPorts = 2> <OutPorts = 1>
ST_1 : Operation 22 [1/1] (0.20ns)   --->   "%select_ln45 = select i1 %tmp_13, i3 %add_ln45, i3 %zext_ln45" [hw_mixer.cpp:45]   --->   Operation 22 'select' 'select_ln45' <Predicate = true> <Delay = 0.20> <CoreInst = "Sel">   --->   Core 73 'Sel' <Latency = 0> <II = 1> <Delay = 0.20> <FuncUnit> <Opcode : 'select'> <InPorts = 3> <OutPorts = 1>
ST_1 : Operation 23 [1/1] (0.67ns)   --->   "%add_ln46 = add i3 %select_ln45, i3 1" [hw_mixer.cpp:46]   --->   Operation 23 'add' 'add_ln46' <Predicate = true> <Delay = 0.67> <CoreInst = "Adder">   --->   Core 1 'Adder' <Latency = 0> <II = 1> <Delay = 0.67> <FuncUnit> <Opcode : 'add' 'sub'> <InPorts = 2> <OutPorts = 1>
ST_1 : Operation 24 [1/1] (0.20ns)   --->   "%select_ln46 = select i1 %tmp_14, i3 %add_ln46, i3 %select_ln45" [hw_mixer.cpp:46]   --->   Operation 24 'select' 'select_ln46' <Predicate = true> <Delay = 0.20> <CoreInst = "Sel">   --->   Core 73 'Sel' <Latency = 0> <II = 1> <Delay = 0.20> <FuncUnit> <Opcode : 'select'> <InPorts = 3> <OutPorts = 1>
ST_1 : Operation 25 [1/1] (0.67ns)   --->   "%add_ln47 = add i3 %select_ln46, i3 1" [hw_mixer.cpp:47]   --->   Operation 25 'add' 'add_ln47' <Predicate = true> <Delay = 0.67> <CoreInst = "Adder">   --->   Core 1 'Adder' <Latency = 0> <II = 1> <Delay = 0.67> <FuncUnit> <Opcode : 'add' 'sub'> <InPorts = 2> <OutPorts = 1>
ST_1 : Operation 26 [1/1] (0.20ns)   --->   "%select_ln47 = select i1 %tmp_15, i3 %add_ln47, i3 %select_ln46" [hw_mixer.cpp:47]   --->   Operation 26 'select' 'select_ln47' <Predicate = true> <Delay = 0.20> <CoreInst = "Sel">   --->   Core 73 'Sel' <Latency = 0> <II = 1> <Delay = 0.20> <FuncUnit> <Opcode : 'select'> <InPorts = 3> <OutPorts = 1>
ST_1 : Operation 27 [1/1] (0.67ns)   --->   "%add_ln48 = add i3 %select_ln47, i3 1" [hw_mixer.cpp:48]   --->   Operation 27 'add' 'add_ln48' <Predicate = true> <Delay = 0.67> <CoreInst = "Adder">   --->   Core 1 'Adder' <Latency = 0> <II = 1> <Delay = 0.67> <FuncUnit> <Opcode : 'add' 'sub'> <InPorts = 2> <OutPorts = 1>
ST_1 : Operation 28 [1/1] (0.20ns)   --->   "%select_ln48 = select i1 %tmp_16, i3 %add_ln48, i3 %select_ln47" [hw_mixer.cpp:48]   --->   Operation 28 'select' 'select_ln48' <Predicate = true> <Delay = 0.20> <CoreInst = "Sel">   --->   Core 73 'Sel' <Latency = 0> <II = 1> <Delay = 0.20> <FuncUnit> <Opcode : 'select'> <InPorts = 3> <OutPorts = 1>

State 2 <SV = 1> <Delay = 7.25>
ST_2 : Operation 29 [1/1] (0.00ns)   --->   "%current_gain_q16_load = load i32 %current_gain_q16" [hw_mixer.cpp:68]   --->   Operation 29 'load' 'current_gain_q16_load' <Predicate = true> <Delay = 0.00>
ST_2 : Operation 30 [1/1] (0.00ns)   --->   "%zext_ln49 = zext i3 %select_ln48" [hw_mixer.cpp:49]   --->   Operation 30 'zext' 'zext_ln49' <Predicate = true> <Delay = 0.00>
ST_2 : Operation 31 [1/1] (0.67ns)   --->   "%add_ln49 = add i4 %zext_ln49, i4 1" [hw_mixer.cpp:49]   --->   Operation 31 'add' 'add_ln49' <Predicate = true> <Delay = 0.67> <CoreInst = "Adder">   --->   Core 1 'Adder' <Latency = 0> <II = 1> <Delay = 0.67> <FuncUnit> <Opcode : 'add' 'sub'> <InPorts = 2> <OutPorts = 1>
ST_2 : Operation 32 [2/2] (6.58ns)   --->   "%call_ln68 = call void @mixer_Pipeline_VITIS_LOOP_27_1, i32 %current_gain_q16_load, i32 %mix_out_V_data_V, i4 %mix_out_V_keep_V, i4 %mix_out_V_strb_V, i1 %mix_out_V_last_V, i128 %stream_in_V_data_V, i16 %stream_in_V_keep_V, i16 %stream_in_V_strb_V, i1 %stream_in_V_last_V, i1 %trunc_ln42, i1 %tmp, i1 %tmp_12, i1 %tmp_13, i1 %tmp_14, i1 %tmp_15, i1 %tmp_16, i1 %tmp_17, i4 %add_ln49, i3 %select_ln48, i32 %add_ln68_loc, i9 %comp_gain_lut" [hw_mixer.cpp:68]   --->   Operation 32 'call' 'call_ln68' <Predicate = true> <Delay = 6.58> <CoreType = "Generic">   --->   Generic Core

State 3 <SV = 2> <Delay = 5.85>
ST_3 : Operation 33 [1/2] (5.85ns)   --->   "%call_ln68 = call void @mixer_Pipeline_VITIS_LOOP_27_1, i32 %current_gain_q16_load, i32 %mix_out_V_data_V, i4 %mix_out_V_keep_V, i4 %mix_out_V_strb_V, i1 %mix_out_V_last_V, i128 %stream_in_V_data_V, i16 %stream_in_V_keep_V, i16 %stream_in_V_strb_V, i1 %stream_in_V_last_V, i1 %trunc_ln42, i1 %tmp, i1 %tmp_12, i1 %tmp_13, i1 %tmp_14, i1 %tmp_15, i1 %tmp_16, i1 %tmp_17, i4 %add_ln49, i3 %select_ln48, i32 %add_ln68_loc, i9 %comp_gain_lut" [hw_mixer.cpp:68]   --->   Operation 33 'call' 'call_ln68' <Predicate = true> <Delay = 5.85> <CoreType = "Generic">   --->   Generic Core

State 4 <SV = 3> <Delay = 0.00>
ST_4 : Operation 34 [1/1] (0.00ns)   --->   "%spectopmodule_ln9 = spectopmodule void @_ssdm_op_SpecTopModule, void @empty_7" [hw_mixer.cpp:9]   --->   Operation 34 'spectopmodule' 'spectopmodule_ln9' <Predicate = true> <Delay = 0.00>
ST_4 : Operation 35 [1/1] (0.00ns)   --->   "%specinterface_ln0 = specinterface void @_ssdm_op_SpecInterface, i128 %stream_in_V_data_V, i16 %stream_in_V_keep_V, i16 %stream_in_V_strb_V, i1 %stream_in_V_last_V, void @empty, i32 1, i32 1, void @empty_0, i32 0, i32 0, void @empty_1, void @empty_1, void @empty_1, i32 0, i32 0, i32 0, i32 0, void @empty_1, void @empty_1, i32 4294967295, i32 0, i32 0, i32 0"   --->   Operation 35 'specinterface' 'specinterface_ln0' <Predicate = true> <Delay = 0.00>
ST_4 : Operation 36 [1/1] (0.00ns)   --->   "%specbitsmap_ln0 = specbitsmap void @_ssdm_op_SpecBitsMap, i128 %stream_in_V_data_V"   --->   Operation 36 'specbitsmap' 'specbitsmap_ln0' <Predicate = true> <Delay = 0.00>
ST_4 : Operation 37 [1/1] (0.00ns)   --->   "%specbitsmap_ln0 = specbitsmap void @_ssdm_op_SpecBitsMap, i16 %stream_in_V_keep_V"   --->   Operation 37 'specbitsmap' 'specbitsmap_ln0' <Predicate = true> <Delay = 0.00>
ST_4 : Operation 38 [1/1] (0.00ns)   --->   "%specbitsmap_ln0 = specbitsmap void @_ssdm_op_SpecBitsMap, i16 %stream_in_V_strb_V"   --->   Operation 38 'specbitsmap' 'specbitsmap_ln0' <Predicate = true> <Delay = 0.00>
ST_4 : Operation 39 [1/1] (0.00ns)   --->   "%specbitsmap_ln0 = specbitsmap void @_ssdm_op_SpecBitsMap, i1 %stream_in_V_last_V"   --->   Operation 39 'specbitsmap' 'specbitsmap_ln0' <Predicate = true> <Delay = 0.00>
ST_4 : Operation 40 [1/1] (0.00ns)   --->   "%specbitsmap_ln0 = specbitsmap void @_ssdm_op_SpecBitsMap, i8 %switches"   --->   Operation 40 'specbitsmap' 'specbitsmap_ln0' <Predicate = true> <Delay = 0.00>
ST_4 : Operation 41 [1/1] (0.00ns)   --->   "%specinterface_ln0 = specinterface void @_ssdm_op_SpecInterface, i8 %switches, void @empty_2, i32 4294967295, i32 4294967295, void @empty_1, i32 0, i32 0, void @empty_1, void @empty_1, void @empty_1, i32 0, i32 0, i32 0, i32 0, void @empty_1, void @empty_1, i32 4294967295, i32 0, i32 0, i32 0"   --->   Operation 41 'specinterface' 'specinterface_ln0' <Predicate = true> <Delay = 0.00>
ST_4 : Operation 42 [1/1] (0.00ns)   --->   "%specinterface_ln0 = specinterface void @_ssdm_op_SpecInterface, i32 %mix_out_V_data_V, i4 %mix_out_V_keep_V, i4 %mix_out_V_strb_V, i1 %mix_out_V_last_V, void @empty, i32 1, i32 1, void @empty_0, i32 0, i32 0, void @empty_1, void @empty_1, void @empty_1, i32 0, i32 0, i32 0, i32 0, void @empty_1, void @empty_1, i32 4294967295, i32 0, i32 0, i32 0"   --->   Operation 42 'specinterface' 'specinterface_ln0' <Predicate = true> <Delay = 0.00>
ST_4 : Operation 43 [1/1] (0.00ns)   --->   "%specbitsmap_ln0 = specbitsmap void @_ssdm_op_SpecBitsMap, i32 %mix_out_V_data_V"   --->   Operation 43 'specbitsmap' 'specbitsmap_ln0' <Predicate = true> <Delay = 0.00>
ST_4 : Operation 44 [1/1] (0.00ns)   --->   "%specbitsmap_ln0 = specbitsmap void @_ssdm_op_SpecBitsMap, i4 %mix_out_V_keep_V"   --->   Operation 44 'specbitsmap' 'specbitsmap_ln0' <Predicate = true> <Delay = 0.00>
ST_4 : Operation 45 [1/1] (0.00ns)   --->   "%specbitsmap_ln0 = specbitsmap void @_ssdm_op_SpecBitsMap, i4 %mix_out_V_strb_V"   --->   Operation 45 'specbitsmap' 'specbitsmap_ln0' <Predicate = true> <Delay = 0.00>
ST_4 : Operation 46 [1/1] (0.00ns)   --->   "%specbitsmap_ln0 = specbitsmap void @_ssdm_op_SpecBitsMap, i1 %mix_out_V_last_V"   --->   Operation 46 'specbitsmap' 'specbitsmap_ln0' <Predicate = true> <Delay = 0.00>
ST_4 : Operation 47 [1/1] (0.00ns)   --->   "%specinterface_ln0 = specinterface void @_ssdm_op_SpecInterface, i32 0, void @empty_3, i32 0, i32 0, void @empty_1, i32 0, i32 0, void @empty_4, void @empty_1, void @empty_1, i32 0, i32 0, i32 0, i32 0, void @empty_1, void @empty_1, i32 0, i32 0, i32 0, i32 0"   --->   Operation 47 'specinterface' 'specinterface_ln0' <Predicate = true> <Delay = 0.00>
ST_4 : Operation 48 [1/1] (0.00ns)   --->   "%specaxissidechannel_ln27 = specaxissidechannel void @_ssdm_op_SpecAXISSideChannel, i32 %mix_out_V_data_V, i4 %mix_out_V_keep_V, i4 %mix_out_V_strb_V, i1 0, i1 %mix_out_V_last_V, i1 0, i1 0, void @empty_5" [hw_mixer.cpp:27]   --->   Operation 48 'specaxissidechannel' 'specaxissidechannel_ln27' <Predicate = true> <Delay = 0.00>
ST_4 : Operation 49 [1/1] (0.00ns)   --->   "%specaxissidechannel_ln27 = specaxissidechannel void @_ssdm_op_SpecAXISSideChannel, i128 %stream_in_V_data_V, i16 %stream_in_V_keep_V, i16 %stream_in_V_strb_V, i1 0, i1 %stream_in_V_last_V, i1 0, i1 0, void @empty_6" [hw_mixer.cpp:27]   --->   Operation 49 'specaxissidechannel' 'specaxissidechannel_ln27' <Predicate = true> <Delay = 0.00>
ST_4 : Operation 50 [1/1] (0.00ns)   --->   "%add_ln68_loc_load = load i32 %add_ln68_loc"   --->   Operation 50 'load' 'add_ln68_loc_load' <Predicate = true> <Delay = 0.00>
ST_4 : Operation 51 [1/1] (0.00ns)   --->   "%store_ln68 = store i32 %add_ln68_loc_load, i32 %current_gain_q16" [hw_mixer.cpp:68]   --->   Operation 51 'store' 'store_ln68' <Predicate = true> <Delay = 0.00>
ST_4 : Operation 52 [1/1] (0.00ns)   --->   "%ret_ln89 = ret" [hw_mixer.cpp:89]   --->   Operation 52 'ret' 'ret_ln89' <Predicate = true> <Delay = 0.00>


============================================================
+ Verbose Summary: Binding
============================================================
STG Binding: 
---------------- STG Properties BEGIN ----------------
- Is combinational: 0
- Is one-state seq: 0
- Is datapath-only: 0
- Is pipelined: 0
- Is top level: 1
Port [ Return ] is wired: 1; IO mode=ap_ctrl_hs:ce=0
Port [ stream_in_V_data_V]:  wired=1; compound=1; hidden=0; nouse=0; global=0; static=0; extern=0; dir=0; type=0; pingpong=0; private_global=0; IO mode=axis:ce=0
Port [ stream_in_V_keep_V]:  wired=1; compound=1; hidden=0; nouse=0; global=0; static=0; extern=0; dir=0; type=0; pingpong=0; private_global=0; IO mode=axis:ce=0
Port [ stream_in_V_strb_V]:  wired=1; compound=1; hidden=0; nouse=0; global=0; static=0; extern=0; dir=0; type=0; pingpong=0; private_global=0; IO mode=axis:ce=0
Port [ stream_in_V_last_V]:  wired=1; compound=1; hidden=0; nouse=0; global=0; static=0; extern=0; dir=0; type=0; pingpong=0; private_global=0; IO mode=axis:ce=0
Port [ switches]:  wired=1; compound=0; hidden=0; nouse=0; global=0; static=0; extern=0; dir=0; type=0; pingpong=0; private_global=0; IO mode=ap_none:ce=0
Port [ mix_out_V_data_V]:  wired=1; compound=1; hidden=0; nouse=0; global=0; static=0; extern=0; dir=1; type=0; pingpong=0; private_global=0; IO mode=axis:ce=0
Port [ mix_out_V_keep_V]:  wired=1; compound=1; hidden=0; nouse=0; global=0; static=0; extern=0; dir=1; type=0; pingpong=0; private_global=0; IO mode=axis:ce=0
Port [ mix_out_V_strb_V]:  wired=1; compound=1; hidden=0; nouse=0; global=0; static=0; extern=0; dir=1; type=0; pingpong=0; private_global=0; IO mode=axis:ce=0
Port [ mix_out_V_last_V]:  wired=1; compound=1; hidden=0; nouse=0; global=0; static=0; extern=0; dir=1; type=0; pingpong=0; private_global=0; IO mode=axis:ce=0
Port [ current_gain_q16]:  wired=0; compound=0; hidden=1; nouse=0; global=1; static=1; extern=0; dir=2; type=0; pingpong=0; private_global=1; IO mode=ap_ovld:ce=0
Port [ comp_gain_lut]:  wired=0; compound=1; hidden=1; nouse=1; global=1; static=1; extern=0; dir=0; type=1; pingpong=0; private_global=0; MemPort=[1]; IO mode=ap_memory:ce=0
---------------- STG Properties END ------------------

---------------- Datapath Model BEGIN ----------------

<LifeTime>
<method=bitvector/>
switches_read            (read               ) [ 00000]
add_ln68_loc             (alloca             ) [ 00111]
trunc_ln42               (trunc              ) [ 00110]
tmp                      (bitselect          ) [ 00110]
tmp_12                   (bitselect          ) [ 00110]
tmp_13                   (bitselect          ) [ 00110]
tmp_14                   (bitselect          ) [ 00110]
tmp_15                   (bitselect          ) [ 00110]
tmp_16                   (bitselect          ) [ 00110]
tmp_17                   (bitselect          ) [ 00110]
zext_ln43                (zext               ) [ 00000]
select_ln43              (select             ) [ 00000]
select_ln43_1            (select             ) [ 00000]
add_ln44                 (add                ) [ 00000]
select_ln44              (select             ) [ 00000]
zext_ln45                (zext               ) [ 00000]
add_ln45                 (add                ) [ 00000]
select_ln45              (select             ) [ 00000]
add_ln46                 (add                ) [ 00000]
select_ln46              (select             ) [ 00000]
add_ln47                 (add                ) [ 00000]
select_ln47              (select             ) [ 00000]
add_ln48                 (add                ) [ 00000]
select_ln48              (select             ) [ 00110]
current_gain_q16_load    (load               ) [ 00010]
zext_ln49                (zext               ) [ 00000]
add_ln49                 (add                ) [ 00010]
call_ln68                (call               ) [ 00000]
spectopmodule_ln9        (spectopmodule      ) [ 00000]
specinterface_ln0        (specinterface      ) [ 00000]
specbitsmap_ln0          (specbitsmap        ) [ 00000]
specbitsmap_ln0          (specbitsmap        ) [ 00000]
specbitsmap_ln0          (specbitsmap        ) [ 00000]
specbitsmap_ln0          (specbitsmap        ) [ 00000]
specbitsmap_ln0          (specbitsmap        ) [ 00000]
specinterface_ln0        (specinterface      ) [ 00000]
specinterface_ln0        (specinterface      ) [ 00000]
specbitsmap_ln0          (specbitsmap        ) [ 00000]
specbitsmap_ln0          (specbitsmap        ) [ 00000]
specbitsmap_ln0          (specbitsmap        ) [ 00000]
specbitsmap_ln0          (specbitsmap        ) [ 00000]
specinterface_ln0        (specinterface      ) [ 00000]
specaxissidechannel_ln27 (specaxissidechannel) [ 00000]
specaxissidechannel_ln27 (specaxissidechannel) [ 00000]
add_ln68_loc_load        (load               ) [ 00000]
store_ln68               (store              ) [ 00000]
ret_ln89                 (ret                ) [ 00000]
</LifeTime>

<model>

<comp_list>
<comp id="0" class="1000" name="stream_in_V_data_V">
<pin_list>
<pin id="1" dir="1" index="0" bw="1" slack="0"/>
</pin_list>
<bind>
<StgValue><ssdm name="stream_in_V_data_V"/></StgValue>
</bind>
</comp>

<comp id="2" class="1000" name="stream_in_V_keep_V">
<pin_list>
<pin id="3" dir="1" index="0" bw="1" slack="0"/>
</pin_list>
<bind>
<StgValue><ssdm name="stream_in_V_keep_V"/></StgValue>
</bind>
</comp>

<comp id="4" class="1000" name="stream_in_V_strb_V">
<pin_list>
<pin id="5" dir="1" index="0" bw="1" slack="0"/>
</pin_list>
<bind>
<StgValue><ssdm name="stream_in_V_strb_V"/></StgValue>
</bind>
</comp>

<comp id="6" class="1000" name="stream_in_V_last_V">
<pin_list>
<pin id="7" dir="1" index="0" bw="1" slack="0"/>
</pin_list>
<bind>
<StgValue><ssdm name="stream_in_V_last_V"/></StgValue>
</bind>
</comp>

<comp id="8" class="1000" name="switches">
<pin_list>
<pin id="9" dir="1" index="0" bw="1" slack="0"/>
</pin_list>
<bind>
<StgValue><ssdm name="switches"/></StgValue>
</bind>
</comp>

<comp id="10" class="1000" name="mix_out_V_data_V">
<pin_list>
<pin id="11" dir="1" index="0" bw="1" slack="0"/>
</pin_list>
<bind>
<StgValue><ssdm name="mix_out_V_data_V"/></StgValue>
</bind>
</comp>

<comp id="12" class="1000" name="mix_out_V_keep_V">
<pin_list>
<pin id="13" dir="1" index="0" bw="1" slack="0"/>
</pin_list>
<bind>
<StgValue><ssdm name="mix_out_V_keep_V"/></StgValue>
</bind>
</comp>

<comp id="14" class="1000" name="mix_out_V_strb_V">
<pin_list>
<pin id="15" dir="1" index="0" bw="1" slack="0"/>
</pin_list>
<bind>
<StgValue><ssdm name="mix_out_V_strb_V"/></StgValue>
</bind>
</comp>

<comp id="16" class="1000" name="mix_out_V_last_V">
<pin_list>
<pin id="17" dir="1" index="0" bw="1" slack="0"/>
</pin_list>
<bind>
<StgValue><ssdm name="mix_out_V_last_V"/></StgValue>
</bind>
</comp>

<comp id="18" class="1000" name="current_gain_q16">
<pin_list>
<pin id="19" dir="1" index="0" bw="1" slack="0"/>
</pin_list>
<bind>
<StgValue><ssdm name="current_gain_q16"/></StgValue>
</bind>
</comp>

<comp id="20" class="1000" name="comp_gain_lut">
<pin_list>
<pin id="21" dir="1" index="0" bw="1" slack="0"/>
</pin_list>
<bind>
<StgValue><ssdm name="comp_gain_lut"/><MemPortTyVec>1 </MemPortTyVec>
</StgValue>
</bind>
</comp>

<comp id="22" class="1001" name="const_22">
<pin_list>
<pin id="23" dir="1" index="0" bw="1" slack="0"/>
</pin_list>
<bind>
<StgValue><ssdm name="_ssdm_op_Read.ap_none.i8"/></StgValue>
</bind>
</comp>

<comp id="24" class="1001" name="const_24">
<pin_list>
<pin id="25" dir="1" index="0" bw="1" slack="0"/>
</pin_list>
<bind>
<StgValue><ssdm name=""/></StgValue>
</bind>
</comp>

<comp id="26" class="1001" name="const_26">
<pin_list>
<pin id="27" dir="1" index="0" bw="1" slack="0"/>
</pin_list>
<bind>
<StgValue><ssdm name="_ssdm_op_BitSelect.i1.i8.i32"/></StgValue>
</bind>
</comp>

<comp id="28" class="1001" name="const_28">
<pin_list>
<pin id="29" dir="1" index="0" bw="1" slack="0"/>
</pin_list>
<bind>
<StgValue><ssdm name=""/></StgValue>
</bind>
</comp>

<comp id="30" class="1001" name="const_30">
<pin_list>
<pin id="31" dir="1" index="0" bw="1" slack="0"/>
</pin_list>
<bind>
<StgValue><ssdm name=""/></StgValue>
</bind>
</comp>

<comp id="32" class="1001" name="const_32">
<pin_list>
<pin id="33" dir="1" index="0" bw="1" slack="0"/>
</pin_list>
<bind>
<StgValue><ssdm name=""/></StgValue>
</bind>
</comp>

<comp id="34" class="1001" name="const_34">
<pin_list>
<pin id="35" dir="1" index="0" bw="1" slack="0"/>
</pin_list>
<bind>
<StgValue><ssdm name=""/></StgValue>
</bind>
</comp>

<comp id="36" class="1001" name="const_36">
<pin_list>
<pin id="37" dir="1" index="0" bw="1" slack="0"/>
</pin_list>
<bind>
<StgValue><ssdm name=""/></StgValue>
</bind>
</comp>

<comp id="38" class="1001" name="const_38">
<pin_list>
<pin id="39" dir="1" index="0" bw="1" slack="0"/>
</pin_list>
<bind>
<StgValue><ssdm name=""/></StgValue>
</bind>
</comp>

<comp id="40" class="1001" name="const_40">
<pin_list>
<pin id="41" dir="1" index="0" bw="1" slack="0"/>
</pin_list>
<bind>
<StgValue><ssdm name=""/></StgValue>
</bind>
</comp>

<comp id="42" class="1001" name="const_42">
<pin_list>
<pin id="43" dir="1" index="0" bw="1" slack="0"/>
</pin_list>
<bind>
<StgValue><ssdm name=""/></StgValue>
</bind>
</comp>

<comp id="44" class="1001" name="const_44">
<pin_list>
<pin id="45" dir="1" index="0" bw="1" slack="0"/>
</pin_list>
<bind>
<StgValue><ssdm name=""/></StgValue>
</bind>
</comp>

<comp id="46" class="1001" name="const_46">
<pin_list>
<pin id="47" dir="1" index="0" bw="1" slack="0"/>
</pin_list>
<bind>
<StgValue><ssdm name=""/></StgValue>
</bind>
</comp>

<comp id="48" class="1001" name="const_48">
<pin_list>
<pin id="49" dir="1" index="0" bw="1" slack="0"/>
</pin_list>
<bind>
<StgValue><ssdm name=""/></StgValue>
</bind>
</comp>

<comp id="50" class="1001" name="const_50">
<pin_list>
<pin id="51" dir="1" index="0" bw="1" slack="0"/>
</pin_list>
<bind>
<StgValue><ssdm name="mixer_Pipeline_VITIS_LOOP_27_1"/></StgValue>
</bind>
</comp>

<comp id="52" class="1001" name="const_52">
<pin_list>
<pin id="53" dir="1" index="0" bw="1" slack="2147483647"/>
</pin_list>
<bind>
<StgValue><ssdm name="_ssdm_op_SpecTopModule"/></StgValue>
</bind>
</comp>

<comp id="54" class="1001" name="const_54">
<pin_list>
<pin id="55" dir="1" index="0" bw="1" slack="2147483647"/>
</pin_list>
<bind>
<StgValue><ssdm name="empty_7"/></StgValue>
</bind>
</comp>

<comp id="56" class="1001" name="const_56">
<pin_list>
<pin id="57" dir="1" index="0" bw="1" slack="2147483647"/>
</pin_list>
<bind>
<StgValue><ssdm name="_ssdm_op_SpecInterface"/></StgValue>
</bind>
</comp>

<comp id="58" class="1001" name="const_58">
<pin_list>
<pin id="59" dir="1" index="0" bw="1" slack="2147483647"/>
</pin_list>
<bind>
<StgValue><ssdm name="empty"/></StgValue>
</bind>
</comp>

<comp id="60" class="1001" name="const_60">
<pin_list>
<pin id="61" dir="1" index="0" bw="1" slack="2147483647"/>
</pin_list>
<bind>
<StgValue><ssdm name="empty_0"/></StgValue>
</bind>
</comp>

<comp id="62" class="1001" name="const_62">
<pin_list>
<pin id="63" dir="1" index="0" bw="1" slack="2147483647"/>
</pin_list>
<bind>
<StgValue><ssdm name=""/></StgValue>
</bind>
</comp>

<comp id="64" class="1001" name="const_64">
<pin_list>
<pin id="65" dir="1" index="0" bw="1" slack="2147483647"/>
</pin_list>
<bind>
<StgValue><ssdm name="empty_1"/></StgValue>
</bind>
</comp>

<comp id="66" class="1001" name="const_66">
<pin_list>
<pin id="67" dir="1" index="0" bw="1" slack="2147483647"/>
</pin_list>
<bind>
<StgValue><ssdm name=""/></StgValue>
</bind>
</comp>

<comp id="68" class="1001" name="const_68">
<pin_list>
<pin id="69" dir="1" index="0" bw="1" slack="2147483647"/>
</pin_list>
<bind>
<StgValue><ssdm name="_ssdm_op_SpecBitsMap"/></StgValue>
</bind>
</comp>

<comp id="70" class="1001" name="const_70">
<pin_list>
<pin id="71" dir="1" index="0" bw="1" slack="2147483647"/>
</pin_list>
<bind>
<StgValue><ssdm name="empty_2"/></StgValue>
</bind>
</comp>

<comp id="72" class="1001" name="const_72">
<pin_list>
<pin id="73" dir="1" index="0" bw="1" slack="2147483647"/>
</pin_list>
<bind>
<StgValue><ssdm name="empty_3"/></StgValue>
</bind>
</comp>

<comp id="74" class="1001" name="const_74">
<pin_list>
<pin id="75" dir="1" index="0" bw="1" slack="2147483647"/>
</pin_list>
<bind>
<StgValue><ssdm name="empty_4"/></StgValue>
</bind>
</comp>

<comp id="76" class="1001" name="const_76">
<pin_list>
<pin id="77" dir="1" index="0" bw="1" slack="2147483647"/>
</pin_list>
<bind>
<StgValue><ssdm name="_ssdm_op_SpecAXISSideChannel"/></StgValue>
</bind>
</comp>

<comp id="78" class="1001" name="const_78">
<pin_list>
<pin id="79" dir="1" index="0" bw="1" slack="2147483647"/>
</pin_list>
<bind>
<StgValue><ssdm name=""/></StgValue>
</bind>
</comp>

<comp id="80" class="1001" name="const_80">
<pin_list>
<pin id="81" dir="1" index="0" bw="1" slack="2147483647"/>
</pin_list>
<bind>
<StgValue><ssdm name="empty_5"/></StgValue>
</bind>
</comp>

<comp id="82" class="1001" name="const_82">
<pin_list>
<pin id="83" dir="1" index="0" bw="1" slack="2147483647"/>
</pin_list>
<bind>
<StgValue><ssdm name="empty_6"/></StgValue>
</bind>
</comp>

<comp id="84" class="1004" name="add_ln68_loc_fu_84">
<pin_list>
<pin id="85" dir="0" index="0" bw="1" slack="0"/>
<pin id="86" dir="1" index="1" bw="32" slack="1"/>
</pin_list>
<bind>
<opcode="alloca(26) " fcode="alloca"/>
<opset="add_ln68_loc/1 "/>
</bind>
</comp>

<comp id="88" class="1004" name="switches_read_read_fu_88">
<pin_list>
<pin id="89" dir="0" index="0" bw="8" slack="0"/>
<pin id="90" dir="0" index="1" bw="8" slack="0"/>
<pin id="91" dir="1" index="2" bw="8" slack="0"/>
</pin_list>
<bind>
<opcode="read(1150) " fcode="read"/>
<opset="switches_read/1 "/>
</bind>
</comp>

<comp id="94" class="1004" name="grp_mixer_Pipeline_VITIS_LOOP_27_1_fu_94">
<pin_list>
<pin id="95" dir="0" index="0" bw="0" slack="0"/>
<pin id="96" dir="0" index="1" bw="32" slack="0"/>
<pin id="97" dir="0" index="2" bw="32" slack="0"/>
<pin id="98" dir="0" index="3" bw="4" slack="0"/>
<pin id="99" dir="0" index="4" bw="4" slack="0"/>
<pin id="100" dir="0" index="5" bw="1" slack="0"/>
<pin id="101" dir="0" index="6" bw="128" slack="0"/>
<pin id="102" dir="0" index="7" bw="16" slack="0"/>
<pin id="103" dir="0" index="8" bw="16" slack="0"/>
<pin id="104" dir="0" index="9" bw="1" slack="0"/>
<pin id="105" dir="0" index="10" bw="1" slack="1"/>
<pin id="106" dir="0" index="11" bw="1" slack="1"/>
<pin id="107" dir="0" index="12" bw="1" slack="1"/>
<pin id="108" dir="0" index="13" bw="1" slack="1"/>
<pin id="109" dir="0" index="14" bw="1" slack="1"/>
<pin id="110" dir="0" index="15" bw="1" slack="1"/>
<pin id="111" dir="0" index="16" bw="1" slack="1"/>
<pin id="112" dir="0" index="17" bw="1" slack="1"/>
<pin id="113" dir="0" index="18" bw="4" slack="0"/>
<pin id="114" dir="0" index="19" bw="3" slack="1"/>
<pin id="115" dir="0" index="20" bw="32" slack="1"/>
<pin id="116" dir="0" index="21" bw="9" slack="0"/>
<pin id="117" dir="1" index="22" bw="0" slack="2147483647"/>
</pin_list>
<bind>
<opcode="call(48) " fcode="call"/>
<opset="call_ln68/2 "/>
</bind>
</comp>

<comp id="128" class="1004" name="trunc_ln42_fu_128">
<pin_list>
<pin id="129" dir="0" index="0" bw="8" slack="0"/>
<pin id="130" dir="1" index="1" bw="1" slack="0"/>
</pin_list>
<bind>
<opcode="trunc(33) " fcode="trunc"/>
<opset="trunc_ln42/1 "/>
</bind>
</comp>

<comp id="132" class="1004" name="tmp_fu_132">
<pin_list>
<pin id="133" dir="0" index="0" bw="1" slack="0"/>
<pin id="134" dir="0" index="1" bw="8" slack="0"/>
<pin id="135" dir="0" index="2" bw="1" slack="0"/>
<pin id="136" dir="1" index="3" bw="1" slack="0"/>
</pin_list>
<bind>
<opcode="bitselect(1000) " fcode="bitselect"/>
<opset="tmp/1 "/>
</bind>
</comp>

<comp id="140" class="1004" name="tmp_12_fu_140">
<pin_list>
<pin id="141" dir="0" index="0" bw="1" slack="0"/>
<pin id="142" dir="0" index="1" bw="8" slack="0"/>
<pin id="143" dir="0" index="2" bw="3" slack="0"/>
<pin id="144" dir="1" index="3" bw="1" slack="0"/>
</pin_list>
<bind>
<opcode="bitselect(1000) " fcode="bitselect"/>
<opset="tmp_12/1 "/>
</bind>
</comp>

<comp id="148" class="1004" name="tmp_13_fu_148">
<pin_list>
<pin id="149" dir="0" index="0" bw="1" slack="0"/>
<pin id="150" dir="0" index="1" bw="8" slack="0"/>
<pin id="151" dir="0" index="2" bw="3" slack="0"/>
<pin id="152" dir="1" index="3" bw="1" slack="0"/>
</pin_list>
<bind>
<opcode="bitselect(1000) " fcode="bitselect"/>
<opset="tmp_13/1 "/>
</bind>
</comp>

<comp id="156" class="1004" name="tmp_14_fu_156">
<pin_list>
<pin id="157" dir="0" index="0" bw="1" slack="0"/>
<pin id="158" dir="0" index="1" bw="8" slack="0"/>
<pin id="159" dir="0" index="2" bw="4" slack="0"/>
<pin id="160" dir="1" index="3" bw="1" slack="0"/>
</pin_list>
<bind>
<opcode="bitselect(1000) " fcode="bitselect"/>
<opset="tmp_14/1 "/>
</bind>
</comp>

<comp id="164" class="1004" name="tmp_15_fu_164">
<pin_list>
<pin id="165" dir="0" index="0" bw="1" slack="0"/>
<pin id="166" dir="0" index="1" bw="8" slack="0"/>
<pin id="167" dir="0" index="2" bw="4" slack="0"/>
<pin id="168" dir="1" index="3" bw="1" slack="0"/>
</pin_list>
<bind>
<opcode="bitselect(1000) " fcode="bitselect"/>
<opset="tmp_15/1 "/>
</bind>
</comp>

<comp id="172" class="1004" name="tmp_16_fu_172">
<pin_list>
<pin id="173" dir="0" index="0" bw="1" slack="0"/>
<pin id="174" dir="0" index="1" bw="8" slack="0"/>
<pin id="175" dir="0" index="2" bw="4" slack="0"/>
<pin id="176" dir="1" index="3" bw="1" slack="0"/>
</pin_list>
<bind>
<opcode="bitselect(1000) " fcode="bitselect"/>
<opset="tmp_16/1 "/>
</bind>
</comp>

<comp id="180" class="1004" name="tmp_17_fu_180">
<pin_list>
<pin id="181" dir="0" index="0" bw="1" slack="0"/>
<pin id="182" dir="0" index="1" bw="8" slack="0"/>
<pin id="183" dir="0" index="2" bw="4" slack="0"/>
<pin id="184" dir="1" index="3" bw="1" slack="1"/>
</pin_list>
<bind>
<opcode="bitselect(1000) " fcode="bitselect"/>
<opset="tmp_17/1 "/>
</bind>
</comp>

<comp id="188" class="1004" name="zext_ln43_fu_188">
<pin_list>
<pin id="189" dir="0" index="0" bw="1" slack="0"/>
<pin id="190" dir="1" index="1" bw="2" slack="0"/>
</pin_list>
<bind>
<opcode="zext(34) " fcode="zext"/>
<opset="zext_ln43/1 "/>
</bind>
</comp>

<comp id="192" class="1004" name="select_ln43_fu_192">
<pin_list>
<pin id="193" dir="0" index="0" bw="1" slack="0"/>
<pin id="194" dir="0" index="1" bw="2" slack="0"/>
<pin id="195" dir="0" index="2" bw="1" slack="0"/>
<pin id="196" dir="1" index="3" bw="2" slack="0"/>
</pin_list>
<bind>
<opcode="select(49) " fcode="select"/>
<opset="select_ln43/1 "/>
</bind>
</comp>

<comp id="200" class="1004" name="select_ln43_1_fu_200">
<pin_list>
<pin id="201" dir="0" index="0" bw="1" slack="0"/>
<pin id="202" dir="0" index="1" bw="2" slack="0"/>
<pin id="203" dir="0" index="2" bw="1" slack="0"/>
<pin id="204" dir="1" index="3" bw="2" slack="0"/>
</pin_list>
<bind>
<opcode="select(49) " fcode="select"/>
<opset="select_ln43_1/1 "/>
</bind>
</comp>

<comp id="208" class="1004" name="add_ln44_fu_208">
<pin_list>
<pin id="209" dir="0" index="0" bw="2" slack="0"/>
<pin id="210" dir="0" index="1" bw="1" slack="0"/>
<pin id="211" dir="1" index="2" bw="2" slack="0"/>
</pin_list>
<bind>
<opcode="add(8) " fcode="add"/>
<opset="add_ln44/1 "/>
</bind>
</comp>

<comp id="214" class="1004" name="select_ln44_fu_214">
<pin_list>
<pin id="215" dir="0" index="0" bw="1" slack="0"/>
<pin id="216" dir="0" index="1" bw="2" slack="0"/>
<pin id="217" dir="0" index="2" bw="2" slack="0"/>
<pin id="218" dir="1" index="3" bw="2" slack="0"/>
</pin_list>
<bind>
<opcode="select(49) " fcode="select"/>
<opset="select_ln44/1 "/>
</bind>
</comp>

<comp id="222" class="1004" name="zext_ln45_fu_222">
<pin_list>
<pin id="223" dir="0" index="0" bw="2" slack="0"/>
<pin id="224" dir="1" index="1" bw="3" slack="0"/>
</pin_list>
<bind>
<opcode="zext(34) " fcode="zext"/>
<opset="zext_ln45/1 "/>
</bind>
</comp>

<comp id="226" class="1004" name="add_ln45_fu_226">
<pin_list>
<pin id="227" dir="0" index="0" bw="2" slack="0"/>
<pin id="228" dir="0" index="1" bw="1" slack="0"/>
<pin id="229" dir="1" index="2" bw="3" slack="0"/>
</pin_list>
<bind>
<opcode="add(8) " fcode="add"/>
<opset="add_ln45/1 "/>
</bind>
</comp>

<comp id="232" class="1004" name="select_ln45_fu_232">
<pin_list>
<pin id="233" dir="0" index="0" bw="1" slack="0"/>
<pin id="234" dir="0" index="1" bw="3" slack="0"/>
<pin id="235" dir="0" index="2" bw="2" slack="0"/>
<pin id="236" dir="1" index="3" bw="3" slack="0"/>
</pin_list>
<bind>
<opcode="select(49) " fcode="select"/>
<opset="select_ln45/1 "/>
</bind>
</comp>

<comp id="240" class="1004" name="add_ln46_fu_240">
<pin_list>
<pin id="241" dir="0" index="0" bw="3" slack="0"/>
<pin id="242" dir="0" index="1" bw="1" slack="0"/>
<pin id="243" dir="1" index="2" bw="3" slack="0"/>
</pin_list>
<bind>
<opcode="add(8) " fcode="add"/>
<opset="add_ln46/1 "/>
</bind>
</comp>

<comp id="246" class="1004" name="select_ln46_fu_246">
<pin_list>
<pin id="247" dir="0" index="0" bw="1" slack="0"/>
<pin id="248" dir="0" index="1" bw="3" slack="0"/>
<pin id="249" dir="0" index="2" bw="3" slack="0"/>
<pin id="250" dir="1" index="3" bw="3" slack="0"/>
</pin_list>
<bind>
<opcode="select(49) " fcode="select"/>
<opset="select_ln46/1 "/>
</bind>
</comp>

<comp id="254" class="1004" name="add_ln47_fu_254">
<pin_list>
<pin id="255" dir="0" index="0" bw="3" slack="0"/>
<pin id="256" dir="0" index="1" bw="1" slack="0"/>
<pin id="257" dir="1" index="2" bw="3" slack="0"/>
</pin_list>
<bind>
<opcode="add(8) " fcode="add"/>
<opset="add_ln47/1 "/>
</bind>
</comp>

<comp id="260" class="1004" name="select_ln47_fu_260">
<pin_list>
<pin id="261" dir="0" index="0" bw="1" slack="0"/>
<pin id="262" dir="0" index="1" bw="3" slack="0"/>
<pin id="263" dir="0" index="2" bw="3" slack="0"/>
<pin id="264" dir="1" index="3" bw="3" slack="0"/>
</pin_list>
<bind>
<opcode="select(49) " fcode="select"/>
<opset="select_ln47/1 "/>
</bind>
</comp>

<comp id="268" class="1004" name="add_ln48_fu_268">
<pin_list>
<pin id="269" dir="0" index="0" bw="3" slack="0"/>
<pin id="270" dir="0" index="1" bw="1" slack="0"/>
<pin id="271" dir="1" index="2" bw="3" slack="0"/>
</pin_list>
<bind>
<opcode="add(8) " fcode="add"/>
<opset="add_ln48/1 "/>
</bind>
</comp>

<comp id="274" class="1004" name="select_ln48_fu_274">
<pin_list>
<pin id="275" dir="0" index="0" bw="1" slack="0"/>
<pin id="276" dir="0" index="1" bw="3" slack="0"/>
<pin id="277" dir="0" index="2" bw="3" slack="0"/>
<pin id="278" dir="1" index="3" bw="3" slack="1"/>
</pin_list>
<bind>
<opcode="select(49) " fcode="select"/>
<opset="select_ln48/1 "/>
</bind>
</comp>

<comp id="282" class="1004" name="current_gain_q16_load_load_fu_282">
<pin_list>
<pin id="283" dir="0" index="0" bw="32" slack="0"/>
<pin id="284" dir="1" index="1" bw="32" slack="0"/>
</pin_list>
<bind>
<opcode="load(27) " fcode="load"/>
<opset="current_gain_q16_load/2 "/>
</bind>
</comp>

<comp id="287" class="1004" name="zext_ln49_fu_287">
<pin_list>
<pin id="288" dir="0" index="0" bw="3" slack="1"/>
<pin id="289" dir="1" index="1" bw="4" slack="0"/>
</pin_list>
<bind>
<opcode="zext(34) " fcode="zext"/>
<opset="zext_ln49/2 "/>
</bind>
</comp>

<comp id="290" class="1004" name="add_ln49_fu_290">
<pin_list>
<pin id="291" dir="0" index="0" bw="3" slack="0"/>
<pin id="292" dir="0" index="1" bw="1" slack="0"/>
<pin id="293" dir="1" index="2" bw="4" slack="0"/>
</pin_list>
<bind>
<opcode="add(8) " fcode="add"/>
<opset="add_ln49/2 "/>
</bind>
</comp>

<comp id="297" class="1004" name="add_ln68_loc_load_load_fu_297">
<pin_list>
<pin id="298" dir="0" index="0" bw="32" slack="3"/>
<pin id="299" dir="1" index="1" bw="32" slack="0"/>
</pin_list>
<bind>
<opcode="load(27) " fcode="load"/>
<opset="add_ln68_loc_load/4 "/>
</bind>
</comp>

<comp id="300" class="1004" name="store_ln68_store_fu_300">
<pin_list>
<pin id="301" dir="0" index="0" bw="32" slack="0"/>
<pin id="302" dir="0" index="1" bw="32" slack="0"/>
<pin id="303" dir="1" index="2" bw="0" slack="2147483647"/>
</pin_list>
<bind>
<opcode="store(28) " fcode="store"/>
<opset="store_ln68/4 "/>
</bind>
</comp>

<comp id="306" class="1005" name="add_ln68_loc_reg_306">
<pin_list>
<pin id="307" dir="0" index="0" bw="32" slack="1"/>
<pin id="308" dir="1" index="1" bw="32" slack="1"/>
</pin_list>
<bind>
<opset="add_ln68_loc "/>
</bind>
</comp>

<comp id="312" class="1005" name="trunc_ln42_reg_312">
<pin_list>
<pin id="313" dir="0" index="0" bw="1" slack="1"/>
<pin id="314" dir="1" index="1" bw="1" slack="1"/>
</pin_list>
<bind>
<opset="trunc_ln42 "/>
</bind>
</comp>

<comp id="317" class="1005" name="tmp_reg_317">
<pin_list>
<pin id="318" dir="0" index="0" bw="1" slack="1"/>
<pin id="319" dir="1" index="1" bw="1" slack="1"/>
</pin_list>
<bind>
<opset="tmp "/>
</bind>
</comp>

<comp id="322" class="1005" name="tmp_12_reg_322">
<pin_list>
<pin id="323" dir="0" index="0" bw="1" slack="1"/>
<pin id="324" dir="1" index="1" bw="1" slack="1"/>
</pin_list>
<bind>
<opset="tmp_12 "/>
</bind>
</comp>

<comp id="327" class="1005" name="tmp_13_reg_327">
<pin_list>
<pin id="328" dir="0" index="0" bw="1" slack="1"/>
<pin id="329" dir="1" index="1" bw="1" slack="1"/>
</pin_list>
<bind>
<opset="tmp_13 "/>
</bind>
</comp>

<comp id="332" class="1005" name="tmp_14_reg_332">
<pin_list>
<pin id="333" dir="0" index="0" bw="1" slack="1"/>
<pin id="334" dir="1" index="1" bw="1" slack="1"/>
</pin_list>
<bind>
<opset="tmp_14 "/>
</bind>
</comp>

<comp id="337" class="1005" name="tmp_15_reg_337">
<pin_list>
<pin id="338" dir="0" index="0" bw="1" slack="1"/>
<pin id="339" dir="1" index="1" bw="1" slack="1"/>
</pin_list>
<bind>
<opset="tmp_15 "/>
</bind>
</comp>

<comp id="342" class="1005" name="tmp_16_reg_342">
<pin_list>
<pin id="343" dir="0" index="0" bw="1" slack="1"/>
<pin id="344" dir="1" index="1" bw="1" slack="1"/>
</pin_list>
<bind>
<opset="tmp_16 "/>
</bind>
</comp>

<comp id="347" class="1005" name="tmp_17_reg_347">
<pin_list>
<pin id="348" dir="0" index="0" bw="1" slack="1"/>
<pin id="349" dir="1" index="1" bw="1" slack="1"/>
</pin_list>
<bind>
<opset="tmp_17 "/>
</bind>
</comp>

<comp id="352" class="1005" name="select_ln48_reg_352">
<pin_list>
<pin id="353" dir="0" index="0" bw="3" slack="1"/>
<pin id="354" dir="1" index="1" bw="3" slack="1"/>
</pin_list>
<bind>
<opset="select_ln48 "/>
</bind>
</comp>

<comp id="361" class="1005" name="add_ln49_reg_361">
<pin_list>
<pin id="362" dir="0" index="0" bw="4" slack="1"/>
<pin id="363" dir="1" index="1" bw="4" slack="1"/>
</pin_list>
<bind>
<opset="add_ln49 "/>
</bind>
</comp>

</comp_list>

<net_list>
<net id="87"><net_src comp="24" pin="0"/><net_sink comp="84" pin=0"/></net>

<net id="92"><net_src comp="22" pin="0"/><net_sink comp="88" pin=0"/></net>

<net id="93"><net_src comp="8" pin="0"/><net_sink comp="88" pin=1"/></net>

<net id="118"><net_src comp="50" pin="0"/><net_sink comp="94" pin=0"/></net>

<net id="119"><net_src comp="10" pin="0"/><net_sink comp="94" pin=2"/></net>

<net id="120"><net_src comp="12" pin="0"/><net_sink comp="94" pin=3"/></net>

<net id="121"><net_src comp="14" pin="0"/><net_sink comp="94" pin=4"/></net>

<net id="122"><net_src comp="16" pin="0"/><net_sink comp="94" pin=5"/></net>

<net id="123"><net_src comp="0" pin="0"/><net_sink comp="94" pin=6"/></net>

<net id="124"><net_src comp="2" pin="0"/><net_sink comp="94" pin=7"/></net>

<net id="125"><net_src comp="4" pin="0"/><net_sink comp="94" pin=8"/></net>

<net id="126"><net_src comp="6" pin="0"/><net_sink comp="94" pin=9"/></net>

<net id="127"><net_src comp="20" pin="0"/><net_sink comp="94" pin=21"/></net>

<net id="131"><net_src comp="88" pin="2"/><net_sink comp="128" pin=0"/></net>

<net id="137"><net_src comp="26" pin="0"/><net_sink comp="132" pin=0"/></net>

<net id="138"><net_src comp="88" pin="2"/><net_sink comp="132" pin=1"/></net>

<net id="139"><net_src comp="28" pin="0"/><net_sink comp="132" pin=2"/></net>

<net id="145"><net_src comp="26" pin="0"/><net_sink comp="140" pin=0"/></net>

<net id="146"><net_src comp="88" pin="2"/><net_sink comp="140" pin=1"/></net>

<net id="147"><net_src comp="30" pin="0"/><net_sink comp="140" pin=2"/></net>

<net id="153"><net_src comp="26" pin="0"/><net_sink comp="148" pin=0"/></net>

<net id="154"><net_src comp="88" pin="2"/><net_sink comp="148" pin=1"/></net>

<net id="155"><net_src comp="32" pin="0"/><net_sink comp="148" pin=2"/></net>

<net id="161"><net_src comp="26" pin="0"/><net_sink comp="156" pin=0"/></net>

<net id="162"><net_src comp="88" pin="2"/><net_sink comp="156" pin=1"/></net>

<net id="163"><net_src comp="34" pin="0"/><net_sink comp="156" pin=2"/></net>

<net id="169"><net_src comp="26" pin="0"/><net_sink comp="164" pin=0"/></net>

<net id="170"><net_src comp="88" pin="2"/><net_sink comp="164" pin=1"/></net>

<net id="171"><net_src comp="36" pin="0"/><net_sink comp="164" pin=2"/></net>

<net id="177"><net_src comp="26" pin="0"/><net_sink comp="172" pin=0"/></net>

<net id="178"><net_src comp="88" pin="2"/><net_sink comp="172" pin=1"/></net>

<net id="179"><net_src comp="38" pin="0"/><net_sink comp="172" pin=2"/></net>

<net id="185"><net_src comp="26" pin="0"/><net_sink comp="180" pin=0"/></net>

<net id="186"><net_src comp="88" pin="2"/><net_sink comp="180" pin=1"/></net>

<net id="187"><net_src comp="40" pin="0"/><net_sink comp="180" pin=2"/></net>

<net id="191"><net_src comp="128" pin="1"/><net_sink comp="188" pin=0"/></net>

<net id="197"><net_src comp="128" pin="1"/><net_sink comp="192" pin=0"/></net>

<net id="198"><net_src comp="42" pin="0"/><net_sink comp="192" pin=1"/></net>

<net id="199"><net_src comp="44" pin="0"/><net_sink comp="192" pin=2"/></net>

<net id="205"><net_src comp="132" pin="3"/><net_sink comp="200" pin=0"/></net>

<net id="206"><net_src comp="192" pin="3"/><net_sink comp="200" pin=1"/></net>

<net id="207"><net_src comp="188" pin="1"/><net_sink comp="200" pin=2"/></net>

<net id="212"><net_src comp="200" pin="3"/><net_sink comp="208" pin=0"/></net>

<net id="213"><net_src comp="44" pin="0"/><net_sink comp="208" pin=1"/></net>

<net id="219"><net_src comp="140" pin="3"/><net_sink comp="214" pin=0"/></net>

<net id="220"><net_src comp="208" pin="2"/><net_sink comp="214" pin=1"/></net>

<net id="221"><net_src comp="200" pin="3"/><net_sink comp="214" pin=2"/></net>

<net id="225"><net_src comp="214" pin="3"/><net_sink comp="222" pin=0"/></net>

<net id="230"><net_src comp="222" pin="1"/><net_sink comp="226" pin=0"/></net>

<net id="231"><net_src comp="46" pin="0"/><net_sink comp="226" pin=1"/></net>

<net id="237"><net_src comp="148" pin="3"/><net_sink comp="232" pin=0"/></net>

<net id="238"><net_src comp="226" pin="2"/><net_sink comp="232" pin=1"/></net>

<net id="239"><net_src comp="222" pin="1"/><net_sink comp="232" pin=2"/></net>

<net id="244"><net_src comp="232" pin="3"/><net_sink comp="240" pin=0"/></net>

<net id="245"><net_src comp="46" pin="0"/><net_sink comp="240" pin=1"/></net>

<net id="251"><net_src comp="156" pin="3"/><net_sink comp="246" pin=0"/></net>

<net id="252"><net_src comp="240" pin="2"/><net_sink comp="246" pin=1"/></net>

<net id="253"><net_src comp="232" pin="3"/><net_sink comp="246" pin=2"/></net>

<net id="258"><net_src comp="246" pin="3"/><net_sink comp="254" pin=0"/></net>

<net id="259"><net_src comp="46" pin="0"/><net_sink comp="254" pin=1"/></net>

<net id="265"><net_src comp="164" pin="3"/><net_sink comp="260" pin=0"/></net>

<net id="266"><net_src comp="254" pin="2"/><net_sink comp="260" pin=1"/></net>

<net id="267"><net_src comp="246" pin="3"/><net_sink comp="260" pin=2"/></net>

<net id="272"><net_src comp="260" pin="3"/><net_sink comp="268" pin=0"/></net>

<net id="273"><net_src comp="46" pin="0"/><net_sink comp="268" pin=1"/></net>

<net id="279"><net_src comp="172" pin="3"/><net_sink comp="274" pin=0"/></net>

<net id="280"><net_src comp="268" pin="2"/><net_sink comp="274" pin=1"/></net>

<net id="281"><net_src comp="260" pin="3"/><net_sink comp="274" pin=2"/></net>

<net id="285"><net_src comp="18" pin="0"/><net_sink comp="282" pin=0"/></net>

<net id="286"><net_src comp="282" pin="1"/><net_sink comp="94" pin=1"/></net>

<net id="294"><net_src comp="287" pin="1"/><net_sink comp="290" pin=0"/></net>

<net id="295"><net_src comp="48" pin="0"/><net_sink comp="290" pin=1"/></net>

<net id="296"><net_src comp="290" pin="2"/><net_sink comp="94" pin=18"/></net>

<net id="304"><net_src comp="297" pin="1"/><net_sink comp="300" pin=0"/></net>

<net id="305"><net_src comp="18" pin="0"/><net_sink comp="300" pin=1"/></net>

<net id="309"><net_src comp="84" pin="1"/><net_sink comp="306" pin=0"/></net>

<net id="310"><net_src comp="306" pin="1"/><net_sink comp="94" pin=20"/></net>

<net id="311"><net_src comp="306" pin="1"/><net_sink comp="297" pin=0"/></net>

<net id="315"><net_src comp="128" pin="1"/><net_sink comp="312" pin=0"/></net>

<net id="316"><net_src comp="312" pin="1"/><net_sink comp="94" pin=10"/></net>

<net id="320"><net_src comp="132" pin="3"/><net_sink comp="317" pin=0"/></net>

<net id="321"><net_src comp="317" pin="1"/><net_sink comp="94" pin=11"/></net>

<net id="325"><net_src comp="140" pin="3"/><net_sink comp="322" pin=0"/></net>

<net id="326"><net_src comp="322" pin="1"/><net_sink comp="94" pin=12"/></net>

<net id="330"><net_src comp="148" pin="3"/><net_sink comp="327" pin=0"/></net>

<net id="331"><net_src comp="327" pin="1"/><net_sink comp="94" pin=13"/></net>

<net id="335"><net_src comp="156" pin="3"/><net_sink comp="332" pin=0"/></net>

<net id="336"><net_src comp="332" pin="1"/><net_sink comp="94" pin=14"/></net>

<net id="340"><net_src comp="164" pin="3"/><net_sink comp="337" pin=0"/></net>

<net id="341"><net_src comp="337" pin="1"/><net_sink comp="94" pin=15"/></net>

<net id="345"><net_src comp="172" pin="3"/><net_sink comp="342" pin=0"/></net>

<net id="346"><net_src comp="342" pin="1"/><net_sink comp="94" pin=16"/></net>

<net id="350"><net_src comp="180" pin="3"/><net_sink comp="347" pin=0"/></net>

<net id="351"><net_src comp="347" pin="1"/><net_sink comp="94" pin=17"/></net>

<net id="355"><net_src comp="274" pin="3"/><net_sink comp="352" pin=0"/></net>

<net id="356"><net_src comp="352" pin="1"/><net_sink comp="287" pin=0"/></net>

<net id="357"><net_src comp="352" pin="1"/><net_sink comp="94" pin=19"/></net>

<net id="364"><net_src comp="290" pin="2"/><net_sink comp="361" pin=0"/></net>

<net id="365"><net_src comp="361" pin="1"/><net_sink comp="94" pin=18"/></net>

</net_list>

</model> 
---------------- Datapath Model END ------------------

* FSMD analyzer results:
  - Output states:
	Port: mix_out_V_data_V | {2 3 }
	Port: mix_out_V_keep_V | {2 3 }
	Port: mix_out_V_strb_V | {2 3 }
	Port: mix_out_V_last_V | {2 3 }
	Port: current_gain_q16 | {4 }
 - Input state : 
	Port: mixer : stream_in_V_data_V | {2 3 }
	Port: mixer : stream_in_V_keep_V | {2 3 }
	Port: mixer : stream_in_V_strb_V | {2 3 }
	Port: mixer : stream_in_V_last_V | {2 3 }
	Port: mixer : switches | {1 }
	Port: mixer : current_gain_q16 | {2 }
	Port: mixer : comp_gain_lut | {2 3 }
  - Chain level:
	State 1
		zext_ln43 : 1
		select_ln43 : 1
		select_ln43_1 : 2
		add_ln44 : 3
		select_ln44 : 4
		zext_ln45 : 5
		add_ln45 : 6
		select_ln45 : 7
		add_ln46 : 8
		select_ln46 : 9
		add_ln47 : 10
		select_ln47 : 11
		add_ln48 : 12
		select_ln48 : 13
	State 2
		add_ln49 : 1
		call_ln68 : 2
	State 3
	State 4
		store_ln68 : 1


============================================================
+ Verbose Summary: Datapath Resource usage 
============================================================

* Functional unit list:
|----------|------------------------------------------|---------|---------|---------|---------|
| Operation|              Functional Unit             |   DSP   |  Delay  |    FF   |   LUT   |
|----------|------------------------------------------|---------|---------|---------|---------|
|   call   | grp_mixer_Pipeline_VITIS_LOOP_27_1_fu_94 |    5    |  0.427  |   212   |   682   |
|----------|------------------------------------------|---------|---------|---------|---------|
|          |              add_ln44_fu_208             |    0    |    0    |    0    |    9    |
|          |              add_ln45_fu_226             |    0    |    0    |    0    |    9    |
|    add   |              add_ln46_fu_240             |    0    |    0    |    0    |    10   |
|          |              add_ln47_fu_254             |    0    |    0    |    0    |    10   |
|          |              add_ln48_fu_268             |    0    |    0    |    0    |    10   |
|          |              add_ln49_fu_290             |    0    |    0    |    0    |    10   |
|----------|------------------------------------------|---------|---------|---------|---------|
|          |            select_ln43_fu_192            |    0    |    0    |    0    |    2    |
|          |           select_ln43_1_fu_200           |    0    |    0    |    0    |    2    |
|          |            select_ln44_fu_214            |    0    |    0    |    0    |    2    |
|  select  |            select_ln45_fu_232            |    0    |    0    |    0    |    3    |
|          |            select_ln46_fu_246            |    0    |    0    |    0    |    3    |
|          |            select_ln47_fu_260            |    0    |    0    |    0    |    3    |
|          |            select_ln48_fu_274            |    0    |    0    |    0    |    3    |
|----------|------------------------------------------|---------|---------|---------|---------|
|   read   |         switches_read_read_fu_88         |    0    |    0    |    0    |    0    |
|----------|------------------------------------------|---------|---------|---------|---------|
|   trunc  |             trunc_ln42_fu_128            |    0    |    0    |    0    |    0    |
|----------|------------------------------------------|---------|---------|---------|---------|
|          |                tmp_fu_132                |    0    |    0    |    0    |    0    |
|          |               tmp_12_fu_140              |    0    |    0    |    0    |    0    |
|          |               tmp_13_fu_148              |    0    |    0    |    0    |    0    |
| bitselect|               tmp_14_fu_156              |    0    |    0    |    0    |    0    |
|          |               tmp_15_fu_164              |    0    |    0    |    0    |    0    |
|          |               tmp_16_fu_172              |    0    |    0    |    0    |    0    |
|          |               tmp_17_fu_180              |    0    |    0    |    0    |    0    |
|----------|------------------------------------------|---------|---------|---------|---------|
|          |             zext_ln43_fu_188             |    0    |    0    |    0    |    0    |
|   zext   |             zext_ln45_fu_222             |    0    |    0    |    0    |    0    |
|          |             zext_ln49_fu_287             |    0    |    0    |    0    |    0    |
|----------|------------------------------------------|---------|---------|---------|---------|
|   Total  |                                          |    5    |  0.427  |   212   |   758   |
|----------|------------------------------------------|---------|---------|---------|---------|

Memories:
+-------------+--------+--------+--------+
|             |  BRAM  |   FF   |   LUT  |
+-------------+--------+--------+--------+
|comp_gain_lut|    1   |    0   |    0   |
+-------------+--------+--------+--------+
|    Total    |    1   |    0   |    0   |
+-------------+--------+--------+--------+

* Register list:
+--------------------+--------+
|                    |   FF   |
+--------------------+--------+
|  add_ln49_reg_361  |    4   |
|add_ln68_loc_reg_306|   32   |
| select_ln48_reg_352|    3   |
|   tmp_12_reg_322   |    1   |
|   tmp_13_reg_327   |    1   |
|   tmp_14_reg_332   |    1   |
|   tmp_15_reg_337   |    1   |
|   tmp_16_reg_342   |    1   |
|   tmp_17_reg_347   |    1   |
|     tmp_reg_317    |    1   |
| trunc_ln42_reg_312 |    1   |
+--------------------+--------+
|        Total       |   47   |
+--------------------+--------+

* Multiplexer (MUX) list: 
|------------------------------------------|------|------|------|--------||---------||---------||---------|
|                   Comp                   |  Pin | Size |  BW  | S x BW ||  Delay  ||    FF   ||   LUT   |
|------------------------------------------|------|------|------|--------||---------||---------||---------|
| grp_mixer_Pipeline_VITIS_LOOP_27_1_fu_94 |  p18 |   2  |   4  |    8   ||    0    ||    9    |
|------------------------------------------|------|------|------|--------||---------||---------||---------|
|                   Total                  |      |      |      |    8   ||  0.427  ||    0    ||    9    |
|------------------------------------------|------|------|------|--------||---------||---------||---------|



* Summary:
+-----------+--------+--------+--------+--------+--------+
|           |  BRAM  |   DSP  |  Delay |   FF   |   LUT  |
+-----------+--------+--------+--------+--------+--------+
|  Function |    -   |    5   |    0   |   212  |   758  |
|   Memory  |    1   |    -   |    -   |    0   |    0   |
|Multiplexer|    -   |    -   |    0   |    0   |    9   |
|  Register |    -   |    -   |    -   |   47   |    -   |
+-----------+--------+--------+--------+--------+--------+
|   Total   |    1   |    5   |    0   |   259  |   767  |
+-----------+--------+--------+--------+--------+--------+
